Component: ARM Compiler 5.06 update 6 (build 750) Tool: armlink [4d35ed]

==============================================================================

Section Cross References

    main.o(i.EXTI2_IRQHandler) refers to stm32f4xx_exti.o(i.EXTI_GetITStatus) for EXTI_GetITStatus
    main.o(i.EXTI2_IRQHandler) refers to ad7606fsmc.o(i.AD7606FSMCRead) for AD7606FSMCRead
    main.o(i.EXTI2_IRQHandler) refers to sblink.o(i.LinkSendData) for LinkSendData
    main.o(i.EXTI2_IRQHandler) refers to stm32f4xx_exti.o(i.EXTI_ClearITPendingBit) for EXTI_ClearITPendingBit
    main.o(i.EXTI2_IRQHandler) refers to main.o(.bss) for sys
    main.o(i.TIM3_IRQHandler) refers to stm32f4xx_tim.o(i.TIM_GetITStatus) for TIM_GetITStatus
    main.o(i.TIM3_IRQHandler) refers to stm32f4xx_tim.o(i.TIM_ClearITPendingBit) for TIM_ClearITPendingBit
    main.o(i.TIM3_IRQHandler) refers to adc.o(i.ADCReadVol) for ADCReadVol
    main.o(i.TIM3_IRQHandler) refers to sensors.o(i.SensorsIntUpdate) for SensorsIntUpdate
    main.o(i.TIM3_IRQHandler) refers to main.o(.bss) for sys
    main.o(i.TIM7_IRQHandler) refers to stm32f4xx_tim.o(i.TIM_GetITStatus) for TIM_GetITStatus
    main.o(i.TIM7_IRQHandler) refers to stm32f4xx_tim.o(i.TIM_ClearITPendingBit) for TIM_ClearITPendingBit
    main.o(i.TIM7_IRQHandler) refers to main.o(.data) for tick
    main.o(i.TIM7_IRQHandler) refers to rtc.o(.data) for RTCcnt
    main.o(i.initTestGPIO) refers to stm32f4xx_rcc.o(i.RCC_AHB1PeriphClockCmd) for RCC_AHB1PeriphClockCmd
    main.o(i.initTestGPIO) refers to stm32f4xx_gpio.o(i.GPIO_Init) for GPIO_Init
    main.o(i.main) refers to delay.o(i.delay_init) for delay_init
    main.o(i.main) refers to usart.o(i.uart_init) for uart_init
    main.o(i.main) refers to timer.o(i.MainClockInit) for MainClockInit
    main.o(i.main) refers to spi.o(i.SPIInit) for SPIInit
    main.o(i.main) refers to led.o(i.LEDInit) for LEDInit
    main.o(i.main) refers to sblink.o(i.LinkInit) for LinkInit
    main.o(i.main) refers to adc.o(i.ADCInit) for ADCInit
    main.o(i.main) refers to ad7606fsmc.o(i.AD7606FSMCInit) for AD7606FSMCInit
    main.o(i.main) refers to bmp280.o(i.BMPInit) for BMPInit
    main.o(i.main) refers to ms4525do.o(i.MS4525DOInit) for MS4525DOInit
    main.o(i.main) refers to i2c.o(i.I2CInit) for I2CInit
    main.o(i.main) refers to extin.o(i.ExtinInit) for ExtinInit
    main.o(i.main) refers to led.o(i.LEDSet) for LEDSet
    main.o(i.main) refers to noretval__2printf.o(.text) for __2printf
    main.o(i.main) refers to delay.o(i.delay_ms) for delay_ms
    main.o(i.main) refers to ms4525do.o(i.MS4525DOCali) for MS4525DOCali
    main.o(i.main) refers to bmp280.o(i.BMPReadTemperature) for BMPReadTemperature
    main.o(i.main) refers to bmp280.o(i.BMPReadPressure) for BMPReadPressure
    main.o(i.main) refers to bmp280.o(i.BMPReadAverageRho) for BMPReadAverageRho
    main.o(i.main) refers to sdp3x.o(i.Sdp3xInit) for Sdp3xInit
    main.o(i.main) refers to sdp3x.o(i.Sdp3xSetMode) for Sdp3xSetMode
    main.o(i.main) refers to sdp3x.o(i.Sdp3xCali) for Sdp3xCali
    main.o(i.main) refers to sensors.o(i.SeneorsInit) for SeneorsInit
    main.o(i.main) refers to led.o(i.LEDFlip) for LEDFlip
    main.o(i.main) refers to sensors.o(i.SensorsFastUpdate) for SensorsFastUpdate
    main.o(i.main) refers to sensors.o(i.SensorsSlowUpdate) for SensorsSlowUpdate
    main.o(i.main) refers to main.o(.data) for tick
    main.o(i.main) refers to main.o(.bss) for sys
    main.o(i.main) refers to sblinkutility.o(.constdata) for DataLen
    main.o(i.main) refers to sblink.o(.data) for sblinkReady
    system_stm32f4xx.o(i.SystemCoreClockUpdate) refers to system_stm32f4xx.o(.data) for SystemCoreClock
    system_stm32f4xx.o(i.SystemInit) refers to system_stm32f4xx.o(i.SetSysClock) for SetSysClock
    startup_stm32f40_41xxx.o(STACK) refers (Special) to heapauxi.o(.text) for __use_two_region_memory
    startup_stm32f40_41xxx.o(HEAP) refers (Special) to heapauxi.o(.text) for __use_two_region_memory
    startup_stm32f40_41xxx.o(RESET) refers (Special) to heapauxi.o(.text) for __use_two_region_memory
    startup_stm32f40_41xxx.o(RESET) refers to startup_stm32f40_41xxx.o(STACK) for __initial_sp
    startup_stm32f40_41xxx.o(RESET) refers to startup_stm32f40_41xxx.o(.text) for Reset_Handler
    startup_stm32f40_41xxx.o(RESET) refers to stm32f4xx_it.o(i.NMI_Handler) for NMI_Handler
    startup_stm32f40_41xxx.o(RESET) refers to stm32f4xx_it.o(i.HardFault_Handler) for HardFault_Handler
    startup_stm32f40_41xxx.o(RESET) refers to stm32f4xx_it.o(i.MemManage_Handler) for MemManage_Handler
    startup_stm32f40_41xxx.o(RESET) refers to stm32f4xx_it.o(i.BusFault_Handler) for BusFault_Handler
    startup_stm32f40_41xxx.o(RESET) refers to stm32f4xx_it.o(i.UsageFault_Handler) for UsageFault_Handler
    startup_stm32f40_41xxx.o(RESET) refers to stm32f4xx_it.o(i.SVC_Handler) for SVC_Handler
    startup_stm32f40_41xxx.o(RESET) refers to stm32f4xx_it.o(i.DebugMon_Handler) for DebugMon_Handler
[...]
    i.TIM3_IRQHandler                        0x08003800   Section        0  main.o(i.TIM3_IRQHandler)
    i.TIM7_IRQHandler                        0x08003838   Section        0  main.o(i.TIM7_IRQHandler)
    i.TIM_ARRPreloadConfig                   0x080038b4   Section        0  stm32f4xx_tim.o(i.TIM_ARRPreloadConfig)
    i.TIM_ClearITPendingBit                  0x080038cc   Section        0  stm32f4xx_tim.o(i.TIM_ClearITPendingBit)
    i.TIM_Cmd                                0x080038d2   Section        0  stm32f4xx_tim.o(i.TIM_Cmd)
    i.TIM_GetITStatus                        0x080038ea   Section        0  stm32f4xx_tim.o(i.TIM_GetITStatus)
    i.TIM_ITConfig                           0x0800390c   Section        0  stm32f4xx_tim.o(i.TIM_ITConfig)
    i.TIM_OC3Init                            0x08003920   Section        0  stm32f4xx_tim.o(i.TIM_OC3Init)
    i.TIM_OC3PreloadConfig                   0x080039c0   Section        0  stm32f4xx_tim.o(i.TIM_OC3PreloadConfig)
    i.TIM_TimeBaseInit                       0x080039d4   Section        0  stm32f4xx_tim.o(i.TIM_TimeBaseInit)
    i.USART1_IRQHandler                      0x08003a58   Section        0  sblink.o(i.USART1_IRQHandler)
    i.USART_ClearFlag                        0x08003ac8   Section        0  stm32f4xx_usart.o(i.USART_ClearFlag)
    i.USART_Cmd                              0x08003ada   Section        0  stm32f4xx_usart.o(i.USART_Cmd)
    i.USART_DMACmd                           0x08003af2   Section        0  stm32f4xx_usart.o(i.USART_DMACmd)
    i.USART_GetFlagStatus                    0x08003b04   Section        0  stm32f4xx_usart.o(i.USART_GetFlagStatus)
    i.USART_GetITStatus                      0x08003b1e   Section        0  stm32f4xx_usart.o(i.USART_GetITStatus)
    i.USART_ITConfig                         0x08003b72   Section        0  stm32f4xx_usart.o(i.USART_ITConfig)
    i.USART_Init                             0x08003bbc   Section        0  stm32f4xx_usart.o(i.USART_Init)
    i.USART_ReceiveData                      0x08003c90   Section        0  stm32f4xx_usart.o(i.USART_ReceiveData)
    i.UsageFault_Handler                     0x08003c9a   Section        0  stm32f4xx_it.o(i.UsageFault_Handler)
    i.__ARM_fpclassify                       0x08003c9e   Section        0  fpclassify.o(i.__ARM_fpclassify)
    i.__hardfp_sqrt                          0x08003cce   Section        0  sqrt.o(i.__hardfp_sqrt)
    i._sys_exit                              0x08003d48   Section        0  usart.o(i._sys_exit)
    i.bmpRead                                0x08003d50   Section        0  bmp280.o(i.bmpRead)
    i.bmpWrite                               0x08003d60   Section        0  bmp280.o(i.bmpWrite)
    i.delay_init                             0x08003d74   Section        0  delay.o(i.delay_init)
    i.delay_ms                               0x08003db0   Section        0  delay.o(i.delay_ms)
    i.delay_us                               0x08003de8   Section        0  delay.o(i.delay_us)
    i.delay_xms                              0x08003e34   Section        0  delay.o(i.delay_xms)
    i.fputc                                  0x08003e80   Section        0  usart.o(i.fputc)
    i.i2cDelay                               0x08003e9c   Section        0  i2c.o(i.i2cDelay)
    i.main                                   0x08003ea8   Section        0  main.o(i.main)
    i.uart_init                              0x08004028   Section        0  usart.o(i.uart_init)
    locale$$code                             0x080040b4   Section       44  lc_numeric_c.o(locale$$code)
    x$fpl$d2f                                0x080040e0   Section       98  d2f.o(x$fpl$d2f)
    $v0                                      0x080040e0   Number         0  d2f.o(x$fpl$d2f)
    x$fpl$dadd                               0x08004144   Section      336  daddsub_clz.o(x$fpl$dadd)
    $v0                                      0x08004144   Number         0  daddsub_clz.o(x$fpl$dadd)
    _dadd1                                   0x08004155   Thumb Code     0  daddsub_clz.o(x$fpl$dadd)
    x$fpl$dcmpinf                            0x08004294   Section       24  dcmpi.o(x$fpl$dcmpinf)
    $v0                                      0x08004294   Number         0  dcmpi.o(x$fpl$dcmpinf)
    x$fpl$ddiv                               0x080042ac   Section      688  ddiv.o(x$fpl$ddiv)
    $v0                                      0x080042ac   Number         0  ddiv.o(x$fpl$ddiv)
    ddiv_entry                               0x080042b3   Thumb Code     0  ddiv.o(x$fpl$ddiv)
    x$fpl$dfltu                              0x0800455c   Section       38  dflt_clz.o(x$fpl$dfltu)
    $v0                                      0x0800455c   Number         0  dflt_clz.o(x$fpl$dfltu)
    x$fpl$dleqf                              0x08004584   Section      120  dleqf.o(x$fpl$dleqf)
    $v0                                      0x08004584   Number         0  dleqf.o(x$fpl$dleqf)
    x$fpl$dmul                               0x080045fc   Section      340  dmul.o(x$fpl$dmul)
    $v0                                      0x080045fc   Number         0  dmul.o(x$fpl$dmul)
    x$fpl$dnaninf                            0x08004750   Section      156  dnaninf.o(x$fpl$dnaninf)
    $v0                                      0x08004750   Number         0  dnaninf.o(x$fpl$dnaninf)
    x$fpl$dretinf                            0x080047ec   Section       12  dretinf.o(x$fpl$dretinf)
    $v0                                      0x080047ec   Number         0  dretinf.o(x$fpl$dretinf)
    x$fpl$drleqf                             0x080047f8   Section      108  drleqf.o(x$fpl$drleqf)
    $v0                                      0x080047f8   Number         0  drleqf.o(x$fpl$drleqf)
    x$fpl$dsqrt                              0x08004864   Section      408  dsqrt_umaal.o(x$fpl$dsqrt)
    $v0                                      0x08004864   Number         0  dsqrt_umaal.o(x$fpl$dsqrt)
    x$fpl$dsub                               0x080049fc   Section      468  daddsub_clz.o(x$fpl$dsub)
    $v0                                      0x080049fc   Number         0  daddsub_clz.o(x$fpl$dsub)
    _dsub1                                   0x08004a0d   Thumb Code     0  daddsub_clz.o(x$fpl$dsub)
    x$fpl$f2d                                0x08004bd0   Section       86  f2d.o(x$fpl$f2d)
    $v0                                      0x08004bd0   Number         0  f2d.o(x$fpl$f2d)
    x$fpl$fnaninf                            0x08004c26   Section      140  fnaninf.o(x$fpl$fnaninf)
    $v0                                      0x08004c26   Number         0  fnaninf.o(x$fpl$fnaninf)
    x$fpl$fpinit                             0x08004cb2   Section       10  fpinit.o(x$fpl$fpinit)
    $v0                                      0x08004cb2   Number         0  fpinit.o(x$fpl$fpinit)
    x$fpl$fretinf                            0x08004cbc   Section       10  fretinf.o(x$fpl$fretinf)
    $v0                                      0x08004cbc   Number         0  fretinf.o(x$fpl$fretinf)
    x$fpl$printf1                            0x08004cc6   Section        4  printf1.o(x$fpl$printf1)
    $v0                                      0x08004cc6   Number         0  printf1.o(x$fpl$printf1)
    .constdata                               0x08004cca   Section        2  sblinkutility.o(.constdata)
    x$fpl$usenofp                            0x08004cca   Section        0  usenofp.o(x$fpl$usenofp)
    .constdata                               0x08004ccc   Section       40  _printf_hex_int.o(.constdata)
    uc_hextab                                0x08004ccc   Data          20  _printf_hex_int.o(.constdata)
    lc_hextab                                0x08004ce0   Data          20  _printf_hex_int.o(.constdata)
    .constdata                               0x08004cf4   Section      148  bigflt0.o(.constdata)
    tenpwrs_x                                0x08004cf4   Data          60  bigflt0.o(.constdata)
    tenpwrs_i                                0x08004d30   Data          64  bigflt0.o(.constdata)
    locale$$data                             0x08004da8   Section       28  lc_numeric_c.o(locale$$data)
    __lcnum_c_name                           0x08004dac   Data           2  lc_numeric_c.o(locale$$data)
    __lcnum_c_start                          0x08004db4   Data           0  lc_numeric_c.o(locale$$data)
    __lcnum_c_point                          0x08004dc0   Data           0  lc_numeric_c.o(locale$$data)
    __lcnum_c_thousands                      0x08004dc2   Data           0  lc_numeric_c.o(locale$$data)
    __lcnum_c_grouping                       0x08004dc3   Data           0  lc_numeric_c.o(locale$$data)
    __lcnum_c_end                            0x08004dc4   Data           0  lc_numeric_c.o(locale$$data)
    .data                                    0x20000000   Section       21  main.o(.data)
    .data                                    0x20000015   Section       16  stm32f4xx_rcc.o(.data)
    APBAHBPrescTable                         0x20000015   Data          16  stm32f4xx_rcc.o(.data)
    .data                                    0x20000025   Section        1  led.o(.data)
    .data                                    0x20000026   Section       10  rtc.o(.data)
    .data                                    0x20000030   Section        8  sblink.o(.data)
    .data                                    0x20000038   Section       24  ms4525do.o(.data)
    .data                                    0x20000050   Section        1  spi.o(.data)
    .data                                    0x20000054   Section       28  bmp280.o(.data)
    .data                                    0x20000070   Section        4  sdp3x.o(.data)
    .data                                    0x20000074   Section       12  extin.o(.data)
    .data                                    0x20000080   Section        8  sensors.o(.data)
    .data                                    0x20000088   Section        4  delay.o(.data)
    fac_us                                   0x20000088   Data           1  delay.o(.data)
    fac_ms                                   0x2000008a   Data           2  delay.o(.data)
    .data                                    0x2000008c   Section        4  usart.o(.data)
    .bss                                     0x20000090   Section      400  main.o(.bss)
    .bss                                     0x20000220   Section      768  sblink.o(.bss)
    .bss                                     0x20000520   Section       96  libspace.o(.bss)
    HEAP                                     0x20000580   Section      512  startup_stm32f40_41xxx.o(HEAP)
    Heap_Mem                                 0x20000580   Data         512  startup_stm32f40_41xxx.o(HEAP)
    STACK                                    0x20000780   Section     1024  startup_stm32f40_41xxx.o(STACK)
    Stack_Mem                                0x20000780   Data        1024  startup_stm32f40_41xxx.o(STACK)
    __initial_sp                             0x20000b80   Data           0  startup_stm32f40_41xxx.o(STACK)

    Global Symbols

    Symbol Name                              Value     Ov Type        Size  Object(Section)

    BuildAttributes$$THM_ISAv4$E$P$D$K$B$S$7EM$VFPi3$EXTD16$VFPS$VFMA$PE$A:L22UL41UL21$X:L11$S22US41US21$IEEE1$IW$USESV6$~STKCKD$USESV7$~SHL$OTIME$ROPI$IEEEJ$EBA8$UX$STANDARDLIB$REQ8$PRES8$EABIv2 0x00000000   Number         0  anon$$obj.o ABSOLUTE
    __ARM_use_no_argv                        0x00000000   Number         0  main.o ABSOLUTE
    __ARM_exceptions_init                     - Undefined Weak Reference
    __alloca_initialize                       - Undefined Weak Reference
    __arm_preinit_                            - Undefined Weak Reference
    __cpp_initialize__aeabi_                  - Undefined Weak Reference
    __cxa_finalize                            - Undefined Weak Reference
    __sigvec_lookup                           - Undefined Weak Reference
    _atexit_init                              - Undefined Weak Reference
    _call_atexit_fns                          - Undefined Weak Reference
    _clock_init                               - Undefined Weak Reference
    _fp_trap_init                             - Undefined Weak Reference
    _fp_trap_shutdown                         - Undefined Weak Reference
    _get_lc_collate                           - Undefined Weak Reference
    _get_lc_ctype                             - Undefined Weak Reference
    _get_lc_monetary                          - Undefined Weak Reference
    _get_lc_time                              - Undefined Weak Reference
    _getenv_init                              - Undefined Weak Reference
    _handle_redirection                       - Undefined Weak Reference
    _init_alloc                               - Undefined Weak Reference
    _init_user_alloc                          - Undefined Weak Reference
    _initio                                   - Undefined Weak Reference
    _mutex_acquire                            - Undefined Weak Reference
    _mutex_release                            - Undefined Weak Reference
    _printf_post_padding                      - Undefined Weak Reference
    _printf_pre_padding                       - Undefined Weak Reference
    _printf_truncate_signed                   - Undefined Weak Reference
    _printf_truncate_unsigned                 - Undefined Weak Reference
    _rand_init                                - Undefined Weak Reference
    _signal_finish                            - Undefined Weak Reference
    _signal_init                              - Undefined Weak Reference
    _terminate_alloc                          - Undefined Weak Reference
    _terminate_user_alloc                     - Undefined Weak Reference
    _terminateio                              - Undefined Weak Reference
    __Vectors_Size                           0x00000188   Number         0  startup_stm32f40_41xxx.o ABSOLUTE
    __Vectors                                0x08000000   Data           4  startup_stm32f40_41xxx.o(RESET)
    __Vectors_End                            0x08000188   Data           0  startup_stm32f40_41xxx.o(RESET)
    __main                                   0x08000189   Thumb Code     8  __main.o(!!!main)
    __scatterload                            0x08000191   Thumb Code     0  __scatter.o(!!!scatter)
    __scatterload_rt2                        0x08000191   Thumb Code    44  __scatter.o(!!!scatter)
    __scatterload_rt2_thumb_only             0x08000191   Thumb Code     0  __scatter.o(!!!scatter)
    __scatterload_null                       0x0800019f   Thumb Code     0  __scatter.o(!!!scatter)
    __scatterload_copy                       0x080001c5   Thumb Code    26  __scatter_copy.o(!!handler_copy)
    __scatterload_zeroinit                   0x080001e1   Thumb Code    28  __scatter_zi.o(!!handler_zi)
    _printf_f                                0x080001fd   Thumb Code     0  _printf_f.o(.ARM.Collect$$_printf_percent$$00000003)
    _printf_percent                          0x080001fd   Thumb Code     0  _printf_percent.o(.ARM.Collect$$_printf_percent$$00000000)
    _printf_d                                0x08000203   Thumb Code     0  _printf_d.o(.ARM.Collect$$_printf_percent$$00000009)
    _printf_x                                0x08000209   Thumb Code     0  _printf_x.o(.ARM.Collect$$_printf_percent$$0000000C)
    _printf_percent_end                      0x0800020f   Thumb Code     0  _printf_percent_end.o(.ARM.Collect$$_printf_percent$$00000017)
    __rt_lib_init                            0x08000213   Thumb Code     0  libinit.o(.ARM.Collect$$libinit$$00000000)
    __rt_lib_init_fp_1                       0x08000215   Thumb Code     0  libinit2.o(.ARM.Collect$$libinit$$00000001)
    __rt_lib_init_heap_1                     0x08000219   Thumb Code     0  libinit2.o(.ARM.Collect$$libinit$$0000000A)
    __rt_lib_init_lc_common                  0x08000219   Thumb Code     0  libinit2.o(.ARM.Collect$$libinit$$0000000F)
    __rt_lib_init_preinit_1                  0x08000219   Thumb Code     0  libinit2.o(.ARM.Collect$$libinit$$00000004)
    __rt_lib_init_rand_1                     0x08000219   Thumb Code     0  libinit2.o(.ARM.Collect$$libinit$$0000000E)
    __rt_lib_init_user_alloc_1               0x08000219   Thumb Code     0  libinit2.o(.ARM.Collect$$libinit$$0000000C)
    __rt_lib_init_lc_collate_1               0x0800021f   Thumb Code     0  libinit2.o(.ARM.Collect$$libinit$$00000011)
    __rt_lib_init_lc_ctype_1                 0x0800021f   Thumb Code     0  libinit2.o(.ARM.Collect$$libinit$$00000013)
    __rt_lib_init_lc_monetary_1              0x0800021f   Thumb Code     0  libinit2.o(.ARM.Collect$$libinit$$00000015)
    __rt_lib_init_lc_numeric_2               0x0800021f   Thumb Code     0  libinit2.o(.ARM.Collect$$libinit$$00000016)
    __rt_lib_init_alloca_1                   0x08000229   Thumb Code     0  libinit2.o(.ARM.Collect$$libinit$$0000002E)
    __rt_lib_init_argv_1                     0x08000229   Thumb Code     0  libinit2.o(.ARM.Collect$$libinit$$0000002C)
    __rt_lib_init_atexit_1                   0x08000229   Thumb Code     0  libinit2.o(.ARM.Collect$$libinit$$0000001B)
    __rt_lib_init_clock_1                    0x08000229   Thumb Code     0  libinit2.o(.ARM.Collect$$libinit$$00000021)
    __rt_lib_init_cpp_1                      0x08000229   Thumb Code     0  libinit2.o(.ARM.Collect$$libinit$$00000032)
    __rt_lib_init_exceptions_1               0x08000229   Thumb Code     0  libinit2.o(.ARM.Collect$$libinit$$00000030)
    __rt_lib_init_fp_trap_1                  0x08000229   Thumb Code     0  libinit2.o(.ARM.Collect$$libinit$$0000001F)
    __rt_lib_init_getenv_1                   0x08000229   Thumb Code     0  libinit2.o(.ARM.Collect$$libinit$$00000023)
    __rt_lib_init_lc_numeric_1               0x08000229   Thumb Code     0  libinit2.o(.ARM.Collect$$libinit$$00000017)
    __rt_lib_init_lc_time_1                  0x08000229   Thumb Code     0  libinit2.o(.ARM.Collect$$libinit$$00000019)
    __rt_lib_init_return                     0x08000229   Thumb Code     0  libinit2.o(.ARM.Collect$$libinit$$00000033)
    __rt_lib_init_signal_1                   0x08000229   Thumb Code     0  libinit2.o(.ARM.Collect$$libinit$$0000001D)
    __rt_lib_init_stdio_1                    0x08000229   Thumb Code     0  libinit2.o(.ARM.Collect$$libinit$$00000025)
    __rt_lib_shutdown                        0x0800022b   Thumb Code     0  libshutdown.o(.ARM.Collect$$libshutdown$$00000000)
    __rt_lib_shutdown_cpp_1                  0x0800022d   Thumb Code     0  libshutdown2.o(.ARM.Collect$$libshutdown$$00000002)
    __rt_lib_shutdown_fp_trap_1              0x0800022d   Thumb Code     0  libshutdown2.o(.ARM.Collect$$libshutdown$$00000007)
    __rt_lib_shutdown_heap_1                 0x0800022d   Thumb Code     0  libshutdown2.o(.ARM.Collect$$libshutdown$$0000000F)
    __rt_lib_shutdown_return                 0x0800022d   Thumb Code     0  libshutdown2.o(.ARM.Collect$$libshutdown$$00000010)
    __rt_lib_shutdown_signal_1               0x0800022d   Thumb Code     0  libshutdown2.o(.ARM.Collect$$libshutdown$$0000000A)
    __rt_lib_shutdown_stdio_1                0x0800022d   Thumb Code     0  libshutdown2.o(.ARM.Collect$$libshutdown$$00000004)
    __rt_lib_shutdown_user_alloc_1           0x0800022d   Thumb Code     0  libshutdown2.o(.ARM.Collect$$libshutdown$$0000000C)
    __rt_entry                               0x0800022f   Thumb Code     0  __rtentry.o(.ARM.Collect$$rtentry$$00000000)
    __rt_entry_presh_1                       0x0800022f   Thumb Code     0  __rtentry2.o(.ARM.Collect$$rtentry$$00000002)
    __rt_entry_sh                            0x0800022f   Thumb Code     0  __rtentry4.o(.ARM.Collect$$rtentry$$00000004)
    __rt_entry_li                            0x08000235   Thumb Code     0  __rtentry2.o(.ARM.Collect$$rtentry$$0000000A)
    __rt_entry_postsh_1                      0x08000235   Thumb Code     0  __rtentry2.o(.ARM.Collect$$rtentry$$00000009)
    __rt_entry_main                          0x08000239   Thumb Code     0  __rtentry2.o(.ARM.Collect$$rtentry$$0000000D)
    __rt_entry_postli_1                      0x08000239   Thumb Code     0  __rtentry2.o(.ARM.Collect$$rtentry$$0000000C)
    __rt_exit                                0x08000241   Thumb Code     0  rtexit.o(.ARM.Collect$$rtexit$$00000000)
    __rt_exit_ls                             0x08000243   Thumb Code     0  rtexit2.o(.ARM.Collect$$rtexit$$00000003)
    __rt_exit_prels_1                        0x08000243   Thumb Code     0  rtexit2.o(.ARM.Collect$$rtexit$$00000002)
    __rt_exit_exit                           0x08000247   Thumb Code     0  rtexit2.o(.ARM.Collect$$rtexit$$00000004)
    Reset_Handler                            0x0800024d   Thumb Code     8  startup_stm32f40_41xxx.o(.text)
    ADC_IRQHandler                           0x08000267   Thumb Code     0  startup_stm32f40_41xxx.o(.text)
    CAN1_RX0_IRQHandler                      0x08000267   Thumb Code     0  startup_stm32f40_41xxx.o(.text)
    CAN1_RX1_IRQHandler                      0x08000267   Thumb Code     0  startup_stm32f40_41xxx.o(.text)
    CAN1_SCE_IRQHandler                      0x08000267   Thumb Code     0  startup_stm32f40_41xxx.o(.text)
    CAN1_TX_IRQHandler                       0x08000267   Thumb Code     0  startup_stm32f40_41xxx.o(.text)
    CAN2_RX0_IRQHandler                      0x08000267   Thumb Code     0  startup_stm32f40_41xxx.o(.text)
    CAN2_RX1_IRQHandler                      0x08000267   Thumb Code     0  startup_stm32f40_41xxx.o(.text)
    CAN2_SCE_IRQHandler                      0x08000267   Thumb Code     0  startup_stm32f40_41xxx.o(.text)
    CAN2_TX_IRQHandler                       0x08000267   Thumb Code     0  startup_stm32f40_41xxx.o(.text)
    CRYP_IRQHandler                          0x08000267   Thumb Code     0  startup_stm32f40_41xxx.o(.text)
    DCMI_IRQHandler                          0x08000267   Thumb Code     0  startup_stm32f40_41xxx.o(.text)
    DMA1_Stream0_IRQHandler                  0x08000267   Thumb Code     0  startup_stm32f40_41xxx.o(.text)
    DMA1_Stream1_IRQHandler                  0x08000267   Thumb Code     0  startup_stm32f40_41xxx.o(.text)
    DMA1_Stream2_IRQHandler                  0x08000267   Thumb Code     0  startup_stm32f40_41xxx.o(.text)
    DMA1_Stream3_IRQHandler                  0x08000267   Thumb Code     0  startup_stm32f40_41xxx.o(.text)
    DMA1_Stream4_IRQHandler                  0x08000267   Thumb Code     0  startup_stm32f40_41xxx.o(.text)
    DMA1_Stream5_IRQHandler                  0x08000267   Thumb Code     0  startup_stm32f40_41xxx.o(.text)
    DMA1_Stream6_IRQHandler                  0x08000267   Thumb Code     0  startup_stm32f40_41xxx.o(.text)
    DMA1_Stream7_IRQHandler                  0x08000267   Thumb Code     0  startup_stm32f40_41xxx.o(.text)
    DMA2_Stream0_IRQHandler                  0x08000267   Thumb Code     0  startup_stm32f40_41xxx.o(.text)
    DMA2_Stream1_IRQHandler                  0x08000267   Thumb Code     0  startup_stm32f40_41xxx.o(.text)
    DMA2_Stream2_IRQHandler                  0x08000267   Thumb Code     0  startup_stm32f40_41xxx.o(.text)
    DMA2_Stream3_IRQHandler                  0x08000267   Thumb Code     0  startup_stm32f40_41xxx.o(.text)
    DMA2_Stream4_IRQHandler                  0x08000267   Thumb Code     0  startup_stm32f40_41xxx.o(.text)
    DMA2_Stream5_IRQHandler                  0x08000267   Thumb Code     0  startup_stm32f40_41xxx.o(.text)
    DMA2_Stream6_IRQHandler                  0x08000267   Thumb Code     0  startup_stm32f40_41xxx.o(.text)
    ETH_IRQHandler                           0x08000267   Thumb Code     0  startup_stm32f40_41xxx.o(.text)
    ETH_WKUP_IRQHandler                      0x08000267   Thumb Code     0  startup_stm32f40_41xxx.o(.text)
    EXTI0_IRQHandler                         0x08000267   Thumb Code     0  startup_stm32f40_41xxx.o(.text)
    EXTI1_IRQHandler                         0x08000267   Thumb Code     0  startup_stm32f40_41xxx.o(.text)
    EXTI3_IRQHandler                         0x08000267   Thumb Code     0  startup_stm32f40_41xxx.o(.text)
    EXTI4_IRQHandler                         0x08000267   Thumb Code     0  startup_stm32f40_41xxx.o(.text)
    EXTI9_5_IRQHandler                       0x08000267   Thumb Code     0  startup_stm32f40_41xxx.o(.text)
    FLASH_IRQHandler                         0x08000267   Thumb Code     0  startup_stm32f40_41xxx.o(.text)
    FPU_IRQHandler                           0x08000267   Thumb Code     0  startup_stm32f40_41xxx.o(.text)
    FSMC_IRQHandler                          0x08000267   Thumb Code     0  startup_stm32f40_41xxx.o(.text)
    HASH_RNG_IRQHandler                      0x08000267   Thumb Code     0  startup_stm32f40_41xxx.o(.text)
    I2C1_ER_IRQHandler                       0x08000267   Thumb Code     0  startup_stm32f40_41xxx.o(.text)
    I2C1_EV_IRQHandler                       0x08000267   Thumb Code     0  startup_stm32f40_41xxx.o(.text)
    I2C2_ER_IRQHandler                       0x08000267   Thumb Code     0  startup_stm32f40_41xxx.o(.text)
    I2C2_EV_IRQHandler                       0x08000267   Thumb Code     0  startup_stm32f40_41xxx.o(.text)
    I2C3_ER_IRQHandler                       0x08000267   Thumb Code     0  startup_stm32f40_41xxx.o(.text)
    I2C3_EV_IRQHandler                       0x08000267   Thumb Code     0  startup_stm32f40_41xxx.o(.text)
    OTG_FS_IRQHandler                        0x08000267   Thumb Code     0  startup_stm32f40_41xxx.o(.text)
    OTG_FS_WKUP_IRQHandler                   0x08000267   Thumb Code     0  startup_stm32f40_41xxx.o(.text)
    OTG_HS_EP1_IN_IRQHandler                 0x08000267   Thumb Code     0  startup_stm32f40_41xxx.o(.text)
    OTG_HS_EP1_OUT_IRQHandler                0x08000267   Thumb Code     0  startup_stm32f40_41xxx.o(.text)
    OTG_HS_IRQHandler                        0x08000267   Thumb Code     0  startup_stm32f40_41xxx.o(.text)
    OTG_HS_WKUP_IRQHandler                   0x08000267   Thumb Code     0  startup_stm32f40_41xxx.o(.text)
    PVD_IRQHandler                           0x08000267   Thumb Code     0  startup_stm32f40_41xxx.o(.text)
    RCC_IRQHandler                           0x08000267   Thumb Code     0  startup_stm32f40_41xxx.o(.text)
    RTC_Alarm_IRQHandler                     0x08000267   Thumb Code     0  startup_stm32f40_41xxx.o(.text)
    SDIO_IRQHandler                          0x08000267   Thumb Code     0  startup_stm32f40_41xxx.o(.text)
    SPI1_IRQHandler                          0x08000267   Thumb Code     0  startup_stm32f40_41xxx.o(.text)
    SPI2_IRQHandler                          0x08000267   Thumb Code     0  startup_stm32f40_41xxx.o(.text)
    SPI3_IRQHandler                          0x08000267   Thumb Code     0  startup_stm32f40_41xxx.o(.text)
    TAMP_STAMP_IRQHandler                    0x08000267   Thumb Code     0  startup_stm32f40_41xxx.o(.text)
    TIM1_BRK_TIM9_IRQHandler                 0x08000267   Thumb Code     0  startup_stm32f40_41xxx.o(.text)
    TIM1_CC_IRQHandler                       0x08000267   Thumb Code     0  startup_stm32f40_41xxx.o(.text)
    TIM1_TRG_COM_TIM11_IRQHandler            0x08000267   Thumb Code     0  startup_stm32f40_41xxx.o(.text)
    TIM1_UP_TIM10_IRQHandler                 0x08000267   Thumb Code     0  startup_stm32f40_41xxx.o(.text)
    TIM2_IRQHandler                          0x08000267   Thumb Code     0  startup_stm32f40_41xxx.o(.text)
    TIM4_IRQHandler                          0x08000267   Thumb Code     0  startup_stm32f40_41xxx.o(.text)
    TIM5_IRQHandler                          0x08000267   Thumb Code     0  startup_stm32f40_41xxx.o(.text)
    TIM6_DAC_IRQHandler                      0x08000267   Thumb Code     0  startup_stm32f40_41xxx.o(.text)
    TIM8_BRK_TIM12_IRQHandler                0x08000267   Thumb Code     0  startup_stm32f40_41xxx.o(.text)
    TIM8_CC_IRQHandler                       0x08000267   Thumb Code     0  startup_stm32f40_41xxx.o(.text)
    TIM8_TRG_COM_TIM14_IRQHandler            0x08000267   Thumb Code     0  startup_stm32f40_41xxx.o(.text)
    TIM8_UP_TIM13_IRQHandler                 0x08000267   Thumb Code     0  startup_stm32f40_41xxx.o(.text)
    UART4_IRQHandler                         0x08000267   Thumb Code     0  startup_stm32f40_41xxx.o(.text)
    UART5_IRQHandler                         0x08000267   Thumb Code     0  startup_stm32f40_41xxx.o(.text)
    USART2_IRQHandler                        0x08000267   Thumb Code     0  startup_stm32f40_41xxx.o(.text)
    USART3_IRQHandler                        0x08000267   Thumb Code     0  startup_stm32f40_41xxx.o(.text)
    USART6_IRQHandler                        0x08000267   Thumb Code     0  startup_stm32f40_41xxx.o(.text)
    WWDG_IRQHandler                          0x08000267   Thumb Code     0  startup_stm32f40_41xxx.o(.text)
    __user_initial_stackheap                 0x08000269   Thumb Code     0  startup_stm32f40_41xxx.o(.text)
    __use_no_semihosting                     0x0800028d   Thumb Code     2  use_no_semi_2.o(.text)
    __2printf                                0x08000291   Thumb Code    20  noretval__2printf.o(.text)
    __printf                                 0x080002a9   Thumb Code   104  __printf.o(.text)
    _printf_int_dec                          0x08000311   Thumb Code   104  _printf_dec.o(.text)
    _printf_int_hex                          0x08000389   Thumb Code    84  _printf_hex_int.o(.text)
    _printf_longlong_hex                     0x08000389   Thumb Code     0  _printf_hex_int.o(.text)
    __aeabi_memcpy                           0x080003e1   Thumb Code     0  rt_memcpy_v6.o(.text)
    __rt_memcpy                              0x080003e1   Thumb Code   138  rt_memcpy_v6.o(.text)
    _memcpy_lastbytes                        0x08000447   Thumb Code     0  rt_memcpy_v6.o(.text)
    __use_two_region_memory                  0x0800046b   Thumb Code     2  heapauxi.o(.text)
    __rt_heap_escrow$2region                 0x0800046d   Thumb Code     2  heapauxi.o(.text)
    __rt_heap_expand$2region                 0x0800046f   Thumb Code     2  heapauxi.o(.text)
    __I$use$semihosting                      0x08000471   Thumb Code     0  use_no_semi.o(.text)
    __use_no_semihosting_swi                 0x08000471   Thumb Code     2  use_no_semi.o(.text)
    __read_errno                             0x08000473   Thumb Code    10  _rserrno.o(.text)
    __set_errno                              0x0800047d   Thumb Code    12  _rserrno.o(.text)
    _printf_int_common                       0x08000489   Thumb Code   178  _printf_intcommon.o(.text)
    __lib_sel_fp_printf                      0x0800053b   Thumb Code     2  _printf_fp_dec.o(.text)
    _printf_fp_dec_real                      0x080006ed   Thumb Code   620  _printf_fp_dec.o(.text)
    _printf_char_file                        0x08000959   Thumb Code    32  _printf_char_file.o(.text)
    __aeabi_memcpy4                          0x0800097d   Thumb Code     0  rt_memcpy_w.o(.text)
    __aeabi_memcpy8                          0x0800097d   Thumb Code     0  rt_memcpy_w.o(.text)
    __rt_memcpy_w                            0x0800097d   Thumb Code   100  rt_memcpy_w.o(.text)
    _memcpy_lastbytes_aligned                0x080009c5   Thumb Code     0  rt_memcpy_w.o(.text)
    __rt_locale                              0x080009e1   Thumb Code     8  rt_locale_intlibspace.o(.text)
    __aeabi_errno_addr                       0x080009e9   Thumb Code     8  rt_errno_addr_intlibspace.o(.text)
    __errno$intlibspace                      0x080009e9   Thumb Code     0  rt_errno_addr_intlibspace.o(.text)
    __rt_errno_addr$intlibspace              0x080009e9   Thumb Code     0  rt_errno_addr_intlibspace.o(.text)
    _ll_udiv10                               0x080009f1   Thumb Code   138  lludiv10.o(.text)
    _printf_char_common                      0x08000a87   Thumb Code    32  _printf_char_common.o(.text)
    _printf_fp_infnan                        0x08000aad   Thumb Code   112  _printf_fp_infnan.o(.text)
    _btod_etento                             0x08000b2d   Thumb Code   224  bigflt0.o(.text)
    ferror                                   0x08000c11   Thumb Code     8  ferror.o(.text)
    __user_libspace                          0x08000c19   Thumb Code     8  libspace.o(.text)
    __user_perproc_libspace                  0x08000c19   Thumb Code     0  libspace.o(.text)
    __user_perthread_libspace                0x08000c19   Thumb Code     0  libspace.o(.text)
    __user_setup_stackheap                   0x08000c21   Thumb Code    74  sys_stackheap_outer.o(.text)
    exit                                     0x08000c6b   Thumb Code    18  exit.o(.text)
    strcmp                                   0x08000c7d   Thumb Code   128  strcmpv7m.o(.text)
    _btod_d2e                                0x08000cfd   Thumb Code    62  btod.o(CL$$btod_d2e)
    _d2e_denorm_low                          0x08000d3b   Thumb Code    70  btod.o(CL$$btod_d2e_denorm_low)
    _d2e_norm_op1                            0x08000d81   Thumb Code    96  btod.o(CL$$btod_d2e_norm_op1)
    __btod_div_common                        0x08000de1   Thumb Code   696  btod.o(CL$$btod_div_common)
    _e2e                                     0x08001119   Thumb Code   220  btod.o(CL$$btod_e2e)
    _btod_ediv                               0x080011f5   Thumb Code    42  btod.o(CL$$btod_ediv)
    _btod_emul                               0x0800121f   Thumb Code    42  btod.o(CL$$btod_emul)
    __btod_mult_common                       0x08001249   Thumb Code   580  btod.o(CL$$btod_mult_common)
    AD7606FSMCInit                           0x0800148d   Thumb Code   694  ad7606fsmc.o(i.AD7606FSMCInit)
    AD7606FSMCRead                           0x08001761   Thumb Code    80  ad7606fsmc.o(i.AD7606FSMCRead)
    AD7606FSMCReset                          0x080017bd   Thumb Code    32  ad7606fsmc.o(i.AD7606FSMCReset)
    ADCInit                                  0x080017e5   Thumb Code   130  adc.o(i.ADCInit)
    ADCReadVol                               0x08001871   Thumb Code   100  adc.o(i.ADCReadVol)
    ADC_ClearFlag                            0x080018d9   Thumb Code     6  stm32f4xx_adc.o(i.ADC_ClearFlag)
    ADC_Cmd                                  0x080018df   Thumb Code    22  stm32f4xx_adc.o(i.ADC_Cmd)
    ADC_CommonInit                           0x080018f5   Thumb Code    34  stm32f4xx_adc.o(i.ADC_CommonInit)
    ADC_GetConversionValue                   0x08001925   Thumb Code     8  stm32f4xx_adc.o(i.ADC_GetConversionValue)
    ADC_GetFlagStatus                        0x0800192d   Thumb Code    18  stm32f4xx_adc.o(i.ADC_GetFlagStatus)
    ADC_Init                                 0x08001941   Thumb Code    74  stm32f4xx_adc.o(i.ADC_Init)
    ADC_RegularChannelConfig                 0x08001995   Thumb Code   184  stm32f4xx_adc.o(i.ADC_RegularChannelConfig)
    ADC_SoftwareStartConv                    0x08001a4d   Thumb Code    10  stm32f4xx_adc.o(i.ADC_SoftwareStartConv)
    ASRead                                   0x08001a59   Thumb Code    10  ms4525do.o(i.ASRead)
    BMPConfigOS                              0x08001a69   Thumb Code    64  bmp280.o(i.BMPConfigOS)
    BMPInit                                  0x08001ab1   Thumb Code    86  bmp280.o(i.BMPInit)
    BMPReadAverageRho                        0x08001b15   Thumb Code   202  bmp280.o(i.BMPReadAverageRho)
    BMPReadCali                              0x08001bf9   Thumb Code   294  bmp280.o(i.BMPReadCali)
    BMPReadPressure                          0x08001d61   Thumb Code   248  bmp280.o(i.BMPReadPressure)
    BMPReadTemperature                       0x08001e8d   Thumb Code   146  bmp280.o(i.BMPReadTemperature)
    BusFault_Handler                         0x08001f3d   Thumb Code     4  stm32f4xx_it.o(i.BusFault_Handler)
    DMA2_Stream7_IRQHandler                  0x08001f41   Thumb Code    46  sblink.o(i.DMA2_Stream7_IRQHandler)
    DMA_ClearFlag                            0x08001f79   Thumb Code    38  stm32f4xx_dma.o(i.DMA_ClearFlag)
    DMA_Cmd                                  0x08001fad   Thumb Code    22  stm32f4xx_dma.o(i.DMA_Cmd)
    DMA_DeInit                               0x08001fc5   Thumb Code   324  stm32f4xx_dma.o(i.DMA_DeInit)
    DMA_GetCmdStatus                         0x0800211d   Thumb Code    20  stm32f4xx_dma.o(i.DMA_GetCmdStatus)
    DMA_GetCurrDataCounter                   0x08002131   Thumb Code     8  stm32f4xx_dma.o(i.DMA_GetCurrDataCounter)
    DMA_GetFlagStatus                        0x08002139   Thumb Code    54  stm32f4xx_dma.o(i.DMA_GetFlagStatus)
    DMA_ITConfig                             0x0800217d   Thumb Code    58  stm32f4xx_dma.o(i.DMA_ITConfig)
    DMA_Init                                 0x080021b9   Thumb Code    82  stm32f4xx_dma.o(i.DMA_Init)
    DMA_SetCurrDataCounter                   0x08002211   Thumb Code     4  stm32f4xx_dma.o(i.DMA_SetCurrDataCounter)
    DebugMon_Handler                         0x08002215   Thumb Code     2  stm32f4xx_it.o(i.DebugMon_Handler)
    EXTI15_10_IRQHandler                     0x08002219   Thumb Code   186  extin.o(i.EXTI15_10_IRQHandler)
    EXTI2_IRQHandler                         0x080022e9   Thumb Code   102  main.o(i.EXTI2_IRQHandler)
    EXTI_ClearITPendingBit                   0x08002359   Thumb Code     6  stm32f4xx_exti.o(i.EXTI_ClearITPendingBit)
    EXTI_GetITStatus                         0x08002365   Thumb Code    20  stm32f4xx_exti.o(i.EXTI_GetITStatus)
    EXTI_Init                                0x0800237d   Thumb Code   142  stm32f4xx_exti.o(i.EXTI_Init)
    ExtinInit                                0x08002411   Thumb Code   154  extin.o(i.ExtinInit)
    FSMC_NORSRAMCmd                          0x080024b5   Thumb Code    46  stm32f4xx_fsmc.o(i.FSMC_NORSRAMCmd)
    FSMC_NORSRAMInit                         0x080024e9   Thumb Code   282  stm32f4xx_fsmc.o(i.FSMC_NORSRAMInit)
    GPIO_Init                                0x0800260d   Thumb Code   144  stm32f4xx_gpio.o(i.GPIO_Init)
    GPIO_PinAFConfig                         0x0800269d   Thumb Code    70  stm32f4xx_gpio.o(i.GPIO_PinAFConfig)
    HardFault_Handler                        0x080026e3   Thumb Code     4  stm32f4xx_it.o(i.HardFault_Handler)
    I2CAck                                   0x080026e9   Thumb Code    80  i2c.o(i.I2CAck)
    I2CInit                                  0x08002745   Thumb Code    58  i2c.o(i.I2CInit)
    I2CNAck                                  0x0800278d   Thumb Code    72  i2c.o(i.I2CNAck)
    I2CReadByte                              0x080027e1   Thumb Code    80  i2c.o(i.I2CReadByte)
    I2CSendByte                              0x0800283d   Thumb Code   108  i2c.o(i.I2CSendByte)
    I2CStart                                 0x080028b5   Thumb Code    70  i2c.o(i.I2CStart)
    I2CStop                                  0x08002909   Thumb Code    56  i2c.o(i.I2CStop)
    I2CWaitAck                               0x0800294d   Thumb Code    94  i2c.o(i.I2CWaitAck)
    LEDFlip                                  0x080029b9   Thumb Code    22  led.o(i.LEDFlip)
    LEDInit                                  0x080029d9   Thumb Code    56  led.o(i.LEDInit)
    LEDSet                                   0x08002a19   Thumb Code    26  led.o(i.LEDSet)
    LinkInit                                 0x08002a3d   Thumb Code   342  sblink.o(i.LinkInit)
    LinkSendData                             0x08002bb9   Thumb Code   138  sblink.o(i.LinkSendData)
    MS4525DOCali                             0x08002c5d   Thumb Code   120  ms4525do.o(i.MS4525DOCali)
    MS4525DOInit                             0x08002ce9   Thumb Code   100  ms4525do.o(i.MS4525DOInit)
    MS4525DOReadAirspeed                     0x08002d6d   Thumb Code   404  ms4525do.o(i.MS4525DOReadAirspeed)
    MainClockInit                            0x08002f4d   Thumb Code    90  timer.o(i.MainClockInit)
    MemManage_Handler                        0x08002fad   Thumb Code     4  stm32f4xx_it.o(i.MemManage_Handler)
    NMI_Handler                              0x08002fb1   Thumb Code     2  stm32f4xx_it.o(i.NMI_Handler)
    NVIC_Init                                0x08002fb5   Thumb Code   106  misc.o(i.NVIC_Init)
    PendSV_Handler                           0x0800302d   Thumb Code     2  stm32f4xx_it.o(i.PendSV_Handler)
    RCC_AHB1PeriphClockCmd                   0x08003031   Thumb Code    26  stm32f4xx_rcc.o(i.RCC_AHB1PeriphClockCmd)
    RCC_AHB3PeriphClockCmd                   0x08003051   Thumb Code    26  stm32f4xx_rcc.o(i.RCC_AHB3PeriphClockCmd)
    RCC_APB1PeriphClockCmd                   0x08003071   Thumb Code    26  stm32f4xx_rcc.o(i.RCC_APB1PeriphClockCmd)
    RCC_APB1PeriphResetCmd                   0x08003091   Thumb Code    26  stm32f4xx_rcc.o(i.RCC_APB1PeriphResetCmd)
    RCC_APB2PeriphClockCmd                   0x080030b1   Thumb Code    26  stm32f4xx_rcc.o(i.RCC_APB2PeriphClockCmd)
    RCC_APB2PeriphResetCmd                   0x080030d1   Thumb Code    26  stm32f4xx_rcc.o(i.RCC_APB2PeriphResetCmd)
    RCC_GetClocksFreq                        0x080030f1   Thumb Code   214  stm32f4xx_rcc.o(i.RCC_GetClocksFreq)
    RTC_ClearFlag                            0x080031d9   Thumb Code    24  stm32f4xx_rtc.o(i.RTC_ClearFlag)
    RTC_GetFlagStatus                        0x080031f5   Thumb Code    32  stm32f4xx_rtc.o(i.RTC_GetFlagStatus)
    RTC_WKUP_IRQHandler                      0x0800321d   Thumb Code    36  rtc.o(i.RTC_WKUP_IRQHandler)
    SPI3Init                                 0x08003245   Thumb Code   206  spi.o(i.SPI3Init)
    SPIClearBuff                             0x08003321   Thumb Code    12  spi.o(i.SPIClearBuff)
    SPIInit                                  0x0800332d   Thumb Code     8  spi.o(i.SPIInit)
    SPIRead                                  0x08003339   Thumb Code    66  spi.o(i.SPIRead)
    SPIReadWrite                             0x0800337b   Thumb Code    68  spi.o(i.SPIReadWrite)
    SPI_Cmd                                  0x080033bf   Thumb Code    24  stm32f4xx_spi.o(i.SPI_Cmd)
    SPI_I2S_GetFlagStatus                    0x080033d7   Thumb Code    18  stm32f4xx_spi.o(i.SPI_I2S_GetFlagStatus)
    SPI_I2S_ReceiveData                      0x080033e9   Thumb Code     6  stm32f4xx_spi.o(i.SPI_I2S_ReceiveData)
    SPI_I2S_SendData                         0x080033ef   Thumb Code     4  stm32f4xx_spi.o(i.SPI_I2S_SendData)
    SPI_Init                                 0x080033f3   Thumb Code    60  stm32f4xx_spi.o(i.SPI_Init)
    SVC_Handler                              0x0800342f   Thumb Code     2  stm32f4xx_it.o(i.SVC_Handler)
    SYSCFG_EXTILineConfig                    0x08003431   Thumb Code    60  stm32f4xx_syscfg.o(i.SYSCFG_EXTILineConfig)
    Sdp3xCali                                0x08003471   Thumb Code   112  sdp3x.o(i.Sdp3xCali)
    Sdp3xInit                                0x080034fd   Thumb Code    12  sdp3x.o(i.Sdp3xInit)
    Sdp3xReadOut                             0x08003511   Thumb Code   106  sdp3x.o(i.Sdp3xReadOut)
    Sdp3xSetMode                             0x0800357b   Thumb Code    60  sdp3x.o(i.Sdp3xSetMode)
    SeneorsInit                              0x080035b9   Thumb Code    18  sensors.o(i.SeneorsInit)
    SensorsFastUpdate                        0x080035d1   Thumb Code    36  sensors.o(i.SensorsFastUpdate)
    SensorsIntUpdate                         0x08003601   Thumb Code    94  sensors.o(i.SensorsIntUpdate)
    SensorsSlowUpdate                        0x08003665   Thumb Code    24  sensors.o(i.SensorsSlowUpdate)
    SysTick_CLKSourceConfig                  0x0800376d   Thumb Code    40  misc.o(i.SysTick_CLKSourceConfig)
    SysTick_Handler                          0x08003795   Thumb Code     2  stm32f4xx_it.o(i.SysTick_Handler)
    SystemInit                               0x08003799   Thumb Code    88  system_stm32f4xx.o(i.SystemInit)
    TIM3_IRQHandler                          0x08003801   Thumb Code    46  main.o(i.TIM3_IRQHandler)
    TIM7_IRQHandler                          0x08003839   Thumb Code   106  main.o(i.TIM7_IRQHandler)
    TIM_ARRPreloadConfig                     0x080038b5   Thumb Code    24  stm32f4xx_tim.o(i.TIM_ARRPreloadConfig)
    TIM_ClearITPendingBit                    0x080038cd   Thumb Code     6  stm32f4xx_tim.o(i.TIM_ClearITPendingBit)
    TIM_Cmd                                  0x080038d3   Thumb Code    24  stm32f4xx_tim.o(i.TIM_Cmd)
    TIM_GetITStatus                          0x080038eb   Thumb Code    34  stm32f4xx_tim.o(i.TIM_GetITStatus)
    TIM_ITConfig                             0x0800390d   Thumb Code    18  stm32f4xx_tim.o(i.TIM_ITConfig)
    TIM_OC3Init                              0x08003921   Thumb Code   150  stm32f4xx_tim.o(i.TIM_OC3Init)
    TIM_OC3PreloadConfig                     0x080039c1   Thumb Code    18  stm32f4xx_tim.o(i.TIM_OC3PreloadConfig)
    TIM_TimeBaseInit                         0x080039d5   Thumb Code   104  stm32f4xx_tim.o(i.TIM_TimeBaseInit)
    USART1_IRQHandler                        0x08003a59   Thumb Code    88  sblink.o(i.USART1_IRQHandler)
    USART_ClearFlag                          0x08003ac9   Thumb Code    18  stm32f4xx_usart.o(i.USART_ClearFlag)
    USART_Cmd                                0x08003adb   Thumb Code    24  stm32f4xx_usart.o(i.USART_Cmd)
    USART_DMACmd                             0x08003af3   Thumb Code    18  stm32f4xx_usart.o(i.USART_DMACmd)
    USART_GetFlagStatus                      0x08003b05   Thumb Code    26  stm32f4xx_usart.o(i.USART_GetFlagStatus)
    USART_GetITStatus                        0x08003b1f   Thumb Code    84  stm32f4xx_usart.o(i.USART_GetITStatus)
    USART_ITConfig                           0x08003b73   Thumb Code    74  stm32f4xx_usart.o(i.USART_ITConfig)
    USART_Init                               0x08003bbd   Thumb Code   204  stm32f4xx_usart.o(i.USART_Init)
    USART_ReceiveData                        0x08003c91   Thumb Code    10  stm32f4xx_usart.o(i.USART_ReceiveData)
    UsageFault_Handler                       0x08003c9b   Thumb Code     4  stm32f4xx_it.o(i.UsageFault_Handler)
    __ARM_fpclassify                         0x08003c9f   Thumb Code    48  fpclassify.o(i.__ARM_fpclassify)
    __hardfp_sqrt                            0x08003ccf   Thumb Code   122  sqrt.o(i.__hardfp_sqrt)
    _sys_exit                                0x08003d49   Thumb Code     6  usart.o(i._sys_exit)
    bmpRead                                  0x08003d51   Thumb Code    10  bmp280.o(i.bmpRead)
    bmpWrite                                 0x08003d61   Thumb Code    14  bmp280.o(i.bmpWrite)
    delay_init                               0x08003d75   Thumb Code    52  delay.o(i.delay_init)
    delay_ms                                 0x08003db1   Thumb Code    56  delay.o(i.delay_ms)
    delay_us                                 0x08003de9   Thumb Code    72  delay.o(i.delay_us)
    delay_xms                                0x08003e35   Thumb Code    72  delay.o(i.delay_xms)
    fputc                                    0x08003e81   Thumb Code    24  usart.o(i.fputc)
    i2cDelay                                 0x08003e9d   Thumb Code    10  i2c.o(i.i2cDelay)
    main                                     0x08003ea9   Thumb Code   346  main.o(i.main)
    uart_init                                0x08004029   Thumb Code   132  usart.o(i.uart_init)
    _get_lc_numeric                          0x080040b5   Thumb Code    44  lc_numeric_c.o(locale$$code)
    __aeabi_d2f                              0x080040e1   Thumb Code     0  d2f.o(x$fpl$d2f)
    _d2f                                     0x080040e1   Thumb Code    98  d2f.o(x$fpl$d2f)
    __aeabi_dadd                             0x08004145   Thumb Code     0  daddsub_clz.o(x$fpl$dadd)
    _dadd                                    0x08004145   Thumb Code   332  daddsub_clz.o(x$fpl$dadd)
    __fpl_dcmp_Inf                           0x08004295   Thumb Code    24  dcmpi.o(x$fpl$dcmpinf)
    __aeabi_ddiv                             0x080042ad   Thumb Code     0  ddiv.o(x$fpl$ddiv)
    _ddiv                                    0x080042ad   Thumb Code   552  ddiv.o(x$fpl$ddiv)
    __aeabi_ui2d                             0x0800455d   Thumb Code     0  dflt_clz.o(x$fpl$dfltu)
    _dfltu                                   0x0800455d   Thumb Code    38  dflt_clz.o(x$fpl$dfltu)
    __aeabi_cdcmple                          0x08004585   Thumb Code     0  dleqf.o(x$fpl$dleqf)
    _dcmple                                  0x08004585   Thumb Code   120  dleqf.o(x$fpl$dleqf)
    __fpl_dcmple_InfNaN                      0x080045e7   Thumb Code     0  dleqf.o(x$fpl$dleqf)
    __aeabi_dmul                             0x080045fd   Thumb Code     0  dmul.o(x$fpl$dmul)
    _dmul                                    0x080045fd   Thumb Code   332  dmul.o(x$fpl$dmul)
    __fpl_dnaninf                            0x08004751   Thumb Code   156  dnaninf.o(x$fpl$dnaninf)
    __fpl_dretinf                            0x080047ed   Thumb Code    12  dretinf.o(x$fpl$dretinf)
    __aeabi_cdrcmple                         0x080047f9   Thumb Code     0  drleqf.o(x$fpl$drleqf)
    _drcmple                                 0x080047f9   Thumb Code   108  drleqf.o(x$fpl$drleqf)
    _dsqrt                                   0x08004865   Thumb Code   404  dsqrt_umaal.o(x$fpl$dsqrt)
    __aeabi_dsub                             0x080049fd   Thumb Code     0  daddsub_clz.o(x$fpl$dsub)
    _dsub                                    0x080049fd   Thumb Code   464  daddsub_clz.o(x$fpl$dsub)
    __aeabi_f2d                              0x08004bd1   Thumb Code     0  f2d.o(x$fpl$f2d)
    _f2d                                     0x08004bd1   Thumb Code    86  f2d.o(x$fpl$f2d)
    __fpl_fnaninf                            0x08004c27   Thumb Code   140  fnaninf.o(x$fpl$fnaninf)
    _fp_init                                 0x08004cb3   Thumb Code    10  fpinit.o(x$fpl$fpinit)
    __fplib_config_fpu_vfp                   0x08004cbb   Thumb Code     0  fpinit.o(x$fpl$fpinit)
    __fplib_config_pureend_doubles           0x08004cbb   Thumb Code     0  fpinit.o(x$fpl$fpinit)
    __fpl_fretinf                            0x08004cbd   Thumb Code    10  fretinf.o(x$fpl$fretinf)
    _printf_fp_dec                           0x08004cc7   Thumb Code     4  printf1.o(x$fpl$printf1)
    DataLen                                  0x08004cca   Data           2  sblinkutility.o(.constdata)
    __I$use$fp                               0x08004cca   Number         0  usenofp.o(x$fpl$usenofp)
    Region$$Table$$Base                      0x08004d88   Number         0  anon$$obj.o(Region$$Table)
    Region$$Table$$Limit                     0x08004da8   Number         0  anon$$obj.o(Region$$Table)
    tick                                     0x20000000   Data           6  main.o(.data)
    cpucnt                                   0x20000006   Data           2  main.o(.data)
    lastKey                                  0x20000008   Data           1  main.o(.data)
    currKey                                  0x20000009   Data           1  main.o(.data)
    lastWheel                                0x2000000c   Data           4  main.o(.data)
    currWheel                                0x20000010   Data           4  main.o(.data)
    currpage                                 0x20000014   Data           1  main.o(.data)
    _led_state                               0x20000025   Data           1  led.o(.data)
    time                                     0x20000026   Data           8  rtc.o(.data)
    RTCcnt                                   0x2000002e   Data           2  rtc.o(.data)
    linkSeq                                  0x20000030   Data           1  sblink.o(.data)
    recBuffLen                               0x20000031   Data           2  sblink.o(.data)
    currBuff                                 0x20000033   Data           1  sblink.o(.data)
    recState                                 0x20000034   Data           1  sblink.o(.data)
    sblinkReady                              0x20000035   Data           1  sblink.o(.data)
    recSum                                   0x20000036   Data           1  sblink.o(.data)
    pkgLen                                   0x20000037   Data           1  sblink.o(.data)
    MS4525DOoffset                           0x20000038   Data           4  ms4525do.o(.data)
    lastdp                                   0x2000003c   Data           4  ms4525do.o(.data)
    averias                                  0x20000040   Data           4  ms4525do.o(.data)
    iascnt                                   0x20000044   Data           4  ms4525do.o(.data)
    iassum                                   0x20000048   Data           4  ms4525do.o(.data)
    iascnttgt                                0x2000004c   Data           4  ms4525do.o(.data)
    spi_init_flag                            0x20000050   Data           1  spi.o(.data)
    dig_T1                                   0x20000054   Data           2  bmp280.o(.data)
    dig_T2                                   0x20000056   Data           2  bmp280.o(.data)
    dig_T3                                   0x20000058   Data           2  bmp280.o(.data)
    dig_P1                                   0x2000005a   Data           2  bmp280.o(.data)
    dig_P2                                   0x2000005c   Data           2  bmp280.o(.data)
    dig_P3                                   0x2000005e   Data           2  bmp280.o(.data)
    dig_P4                                   0x20000060   Data           2  bmp280.o(.data)
    dig_P5                                   0x20000062   Data           2  bmp280.o(.data)
    dig_P6                                   0x20000064   Data           2  bmp280.o(.data)
    dig_P7                                   0x20000066   Data           2  bmp280.o(.data)
    dig_P8                                   0x20000068   Data           2  bmp280.o(.data)
    dig_P9                                   0x2000006a   Data           2  bmp280.o(.data)
    t_fine                                   0x2000006c   Data           4  bmp280.o(.data)
    sdp3xOffset                              0x20000070   Data           4  sdp3x.o(.data)
    lastIntTime                              0x20000074   Data           8  extin.o(.data)
    intTempTime                              0x2000007c   Data           4  extin.o(.data)
    sensMSASEnabled                          0x20000080   Data           1  sensors.o(.data)
    sensMS4525DP                             0x20000084   Data           4  sensors.o(.data)
    __stdout                                 0x2000008c   Data           4  usart.o(.data)
    sys                                      0x20000090   Data         128  main.o(.bss)
    package                                  0x20000110   Data         256  main.o(.bss)
    adraw                                    0x20000210   Data          16  main.o(.bss)
    sendBuff                                 0x20000220   Data         256  sblink.o(.bss)
    recBuff                                  0x20000320   Data         512  sblink.o(.bss)
    __libspace_start                         0x20000520   Data          96  libspace.o(.bss)
    __temporary_stack_top$libspace           0x20000580   Data           0  libspace.o(.bss)



==============================================================================

Memory Map of the image

  Image Entry point : 0x08000189

  Load Region LR_IROM1 (Base: 0x08000000, Size: 0x00004e54, Max: 0x00080000, ABSOLUTE)

    Execution Region ER_IROM1 (Exec base: 0x08000000, Load base: 0x08000000, Size: 0x00004dc4, Max: 0x00080000, ABSOLUTE)

    Exec Addr    Load Addr    Size         Type   Attr      Idx    E Section Name        Object

    0x08000000   0x08000000   0x00000188   Data   RO          361    RESET               startup_stm32f40_41xxx.o
    0x08000188   0x08000188   0x00000008   Code   RO         6404  * !!!main             c_w.l(__main.o)
    0x08000190   0x08000190   0x00000034   Code   RO         6679    !!!scatter          c_w.l(__scatter.o)
    0x080001c4   0x080001c4   0x0000001a   Code   RO         6681    !!handler_copy      c_w.l(__scatter_copy.o)
    0x080001de   0x080001de   0x00000002   PAD
    0x080001e0   0x080001e0   0x0000001c   Code   RO         6683    !!handler_zi        c_w.l(__scatter_zi.o)
    0x080001fc   0x080001fc   0x00000000   Code   RO         6399    .ARM.Collect$$_printf_percent$$00000000  c_w.l(_printf_percent.o)
    0x080001fc   0x080001fc   0x00000006   Code   RO         6398    .ARM.Collect$$_printf_percent$$00000003  c_w.l(_printf_f.o)
    0x08000202   0x08000202   0x00000006   Code   RO         6397    .ARM.Collect$$_printf_percent$$00000009  c_w.l(_printf_d.o)
    0x08000208   0x08000208   0x00000006   Code   RO         6396    .ARM.Collect$$_printf_percent$$0000000C  c_w.l(_printf_x.o)
    0x0800020e   0x0800020e   0x00000004   Code   RO         6455    .ARM.Collect$$_printf_percent$$00000017  c_w.l(_printf_percent_end.o)
    0x08000212   0x08000212   0x00000002   Code   RO         6556    .ARM.Collect$$libinit$$00000000  c_w.l(libinit.o)
    0x08000214   0x08000214   0x00000004   Code   RO         6557    .ARM.Collect$$libinit$$00000001  c_w.l(libinit2.o)
    0x08000218   0x08000218   0x00000000   Code   RO         6560    .ARM.Collect$$libinit$$00000004  c_w.l(libinit2.o)
    0x08000218   0x08000218   0x00000000   Code   RO         6563    .ARM.Collect$$libinit$$0000000A  c_w.l(libinit2.o)
    0x08000218   0x08000218   0x00000000   Code   RO         6565    .ARM.Collect$$libinit$$0000000C  c_w.l(libinit2.o)
    0x08000218   0x08000218   0x00000000   Code   RO         6567    .ARM.Collect$$libinit$$0000000E  c_w.l(libinit2.o)
    0x08000218   0x08000218   0x00000006   Code   RO         6568    .ARM.Collect$$libinit$$0000000F  c_w.l(libinit2.o)
    0x0800021e   0x0800021e   0x00000000   Code   RO         6570    .ARM.Collect$$libinit$$00000011  c_w.l(libinit2.o)
    0x0800021e   0x0800021e   0x00000000   Code   RO         6572    .ARM.Collect$$libinit$$00000013  c_w.l(libinit2.o)
    0x0800021e   0x0800021e   0x00000000   Code   RO         6574    .ARM.Collect$$libinit$$00000015  c_w.l(libinit2.o)
    0x0800021e   0x0800021e   0x0000000a   Code   RO         6575    .ARM.Collect$$libinit$$00000016  c_w.l(libinit2.o)
    0x08000228   0x08000228   0x00000000   Code   RO         6576    .ARM.Collect$$libinit$$00000017  c_w.l(libinit2.o)
    0x08000228   0x08000228   0x00000000   Code   RO         6578    .ARM.Collect$$libinit$$00000019  c_w.l(libinit2.o)
    0x08000228   0x08000228   0x00000000   Code   RO         6580    .ARM.Collect$$libinit$$0000001B  c_w.l(libinit2.o)
    0x08000228   0x08000228   0x00000000   Code   RO         6582    .ARM.Collect$$libinit$$0000001D  c_w.l(libinit2.o)
    0x08000228   0x08000228   0x00000000   Code   RO         6584    .ARM.Collect$$libinit$$0000001F  c_w.l(libinit2.o)
    0x08000228   0x08000228   0x00000000   Code   RO         6586    .ARM.Collect$$libinit$$00000021  c_w.l(libinit2.o)
    0x08000228   0x08000228   0x00000000   Code   RO         6588    .ARM.Collect$$libinit$$00000023  c_w.l(libinit2.o)
    0x08000228   0x08000228   0x00000000   Code   RO         6590    .ARM.Collect$$libinit$$00000025  c_w.l(libinit2.o)
    0x08000228   0x08000228   0x00000000   Code   RO         6594    .ARM.Collect$$libinit$$0000002C  c_w.l(libinit2.o)
    0x08000228   0x08000228   0x00000000   Code   RO         6596    .ARM.Collect$$libinit$$0000002E  c_w.l(libinit2.o)
    0x08000228   0x08000228   0x00000000   Code   RO         6598    .ARM.Collect$$libinit$$00000030  c_w.l(libinit2.o)
    0x08000228   0x08000228   0x00000000   Code   RO         6600    .ARM.Collect$$libinit$$00000032  c_w.l(libinit2.o)
    0x08000228   0x08000228   0x00000002   Code   RO         6601    .ARM.Collect$$libinit$$00000033  c_w.l(libinit2.o)
    0x0800022a   0x0800022a   0x00000002   Code   RO         6629    .ARM.Collect$$libshutdown$$00000000  c_w.l(libshutdown.o)
    0x0800022c   0x0800022c   0x00000000   Code   RO         6638    .ARM.Collect$$libshutdown$$00000002  c_w.l(libshutdown2.o)
    0x0800022c   0x0800022c   0x00000000   Code   RO         6640    .ARM.Collect$$libshutdown$$00000004  c_w.l(libshutdown2.o)
    0x0800022c   0x0800022c   0x00000000   Code   RO         6643    .ARM.Collect$$libshutdown$$00000007  c_w.l(libshutdown2.o)
    0x0800022c   0x0800022c   0x00000000   Code   RO         6646    .ARM.Collect$$libshutdown$$0000000A  c_w.l(libshutdown2.o)
    0x0800022c   0x0800022c   0x00000000   Code   RO         6648    .ARM.Collect$$libshutdown$$0000000C  c_w.l(libshutdown2.o)
    0x0800022c   0x0800022c   0x00000000   Code   RO         6651    .ARM.Collect$$libshutdown$$0000000F  c_w.l(libshutdown2.o)
    0x0800022c   0x0800022c   0x00000002   Code   RO         6652    .ARM.Collect$$libshutdown$$00000010  c_w.l(libshutdown2.o)
    0x0800022e   0x0800022e   0x00000000   Code   RO         6446    .ARM.Collect$$rtentry$$00000000  c_w.l(__rtentry.o)
    0x0800022e   0x0800022e   0x00000000   Code   RO         6472    .ARM.Collect$$rtentry$$00000002  c_w.l(__rtentry2.o)
    0x0800022e   0x0800022e   0x00000006   Code   RO         6484    .ARM.Collect$$rtentry$$00000004  c_w.l(__rtentry4.o)
    0x08000234   0x08000234   0x00000000   Code   RO         6474    .ARM.Collect$$rtentry$$00000009  c_w.l(__rtentry2.o)
    0x08000234   0x08000234   0x00000004   Code   RO         6475    .ARM.Collect$$rtentry$$0000000A  c_w.l(__rtentry2.o)
    0x08000238   0x08000238   0x00000000   Code   RO         6477    .ARM.Collect$$rtentry$$0000000C  c_w.l(__rtentry2.o)
    0x08000238   0x08000238   0x00000008   Code   RO         6478    .ARM.Collect$$rtentry$$0000000D  c_w.l(__rtentry2.o)
    0x08000240   0x08000240   0x00000002   Code   RO         6602    .ARM.Collect$$rtexit$$00000000  c_w.l(rtexit.o)
    0x08000242   0x08000242   0x00000000   Code   RO         6609    .ARM.Collect$$rtexit$$00000002  c_w.l(rtexit2.o)
    0x08000242   0x08000242   0x00000004   Code   RO         6610    .ARM.Collect$$rtexit$$00000003  c_w.l(rtexit2.o)
    0x08000246   0x08000246   0x00000006   Code   RO         6611    .ARM.Collect$$rtexit$$00000004  c_w.l(rtexit2.o)
    0x0800024c   0x0800024c   0x00000040   Code   RO          362    .text               startup_stm32f40_41xxx.o
    0x0800028c   0x0800028c   0x00000002   Code   RO         6345    .text               c_w.l(use_no_semi_2.o)
    0x0800028e   0x0800028e   0x00000002   PAD
    0x08000290   0x08000290   0x00000018   Code   RO         6349    .text               c_w.l(noretval__2printf.o)
    0x080002a8   0x080002a8   0x00000068   Code   RO         6351    .text               c_w.l(__printf.o)
    0x08000310   0x08000310   0x00000078   Code   RO         6353    .text               c_w.l(_printf_dec.o)
    0x08000388   0x08000388   0x00000058   Code   RO         6358    .text               c_w.l(_printf_hex_int.o)
    0x080003e0   0x080003e0   0x0000008a   Code   RO         6400    .text               c_w.l(rt_memcpy_v6.o)
    0x0800046a   0x0800046a   0x00000006   Code   RO         6402    .text               c_w.l(heapauxi.o)
    0x08000470   0x08000470   0x00000002   Code   RO         6444    .text               c_w.l(use_no_semi.o)
    0x08000472   0x08000472   0x00000016   Code   RO         6447    .text               c_w.l(_rserrno.o)
    0x08000488   0x08000488   0x000000b2   Code   RO         6449    .text               c_w.l(_printf_intcommon.o)
    0x0800053a   0x0800053a   0x0000041e   Code   RO         6451    .text               c_w.l(_printf_fp_dec.o)
    0x08000958   0x08000958   0x00000024   Code   RO         6453    .text               c_w.l(_printf_char_file.o)
    0x0800097c   0x0800097c   0x00000064   Code   RO         6456    .text               c_w.l(rt_memcpy_w.o)
    0x080009e0   0x080009e0   0x00000008   Code   RO         6489    .text               c_w.l(rt_locale_intlibspace.o)
    0x080009e8   0x080009e8   0x00000008   Code   RO         6494    .text               c_w.l(rt_errno_addr_intlibspace.o)
    0x080009f0   0x080009f0   0x0000008a   Code   RO         6496    .text               c_w.l(lludiv10.o)
    0x08000a7a   0x08000a7a   0x00000002   PAD
    0x08000a7c   0x08000a7c   0x00000030   Code   RO         6498    .text               c_w.l(_printf_char_common.o)
    0x08000aac   0x08000aac   0x00000080   Code   RO         6500    .text               c_w.l(_printf_fp_infnan.o)
    0x08000b2c   0x08000b2c   0x000000e4   Code   RO         6502    .text               c_w.l(bigflt0.o)
    0x08000c10   0x08000c10   0x00000008   Code   RO         6527    .text               c_w.l(ferror.o)
    0x08000c18   0x08000c18   0x00000008   Code   RO         6540    .text               c_w.l(libspace.o)
    0x08000c20   0x08000c20   0x0000004a   Code   RO         6543    .text               c_w.l(sys_stackheap_outer.o)
    0x08000c6a   0x08000c6a   0x00000012   Code   RO         6547    .text               c_w.l(exit.o)
    0x08000c7c   0x08000c7c   0x00000080   Code   RO         6549    .text               c_w.l(strcmpv7m.o)
    0x08000cfc   0x08000cfc   0x0000003e   Code   RO         6505    CL$$btod_d2e        c_w.l(btod.o)
    0x08000d3a   0x08000d3a   0x00000046   Code   RO         6507    CL$$btod_d2e_denorm_low  c_w.l(btod.o)
    0x08000d80   0x08000d80   0x00000060   Code   RO         6506    CL$$btod_d2e_norm_op1  c_w.l(btod.o)
    0x08000de0   0x08000de0   0x00000338   Code   RO         6515    CL$$btod_div_common  c_w.l(btod.o)
    0x08001118   0x08001118   0x000000dc   Code   RO         6512    CL$$btod_e2e        c_w.l(btod.o)
    0x080011f4   0x080011f4   0x0000002a   Code   RO         6509    CL$$btod_ediv       c_w.l(btod.o)
    0x0800121e   0x0800121e   0x0000002a   Code   RO         6508    CL$$btod_emul       c_w.l(btod.o)
    0x08001248   0x08001248   0x00000244   Code   RO         6514    CL$$btod_mult_common  c_w.l(btod.o)
    0x0800148c   0x0800148c   0x000002d4   Code   RO         5761    i.AD7606FSMCInit    ad7606fsmc.o
    0x08001760   0x08001760   0x0000005c   Code   RO         5762    i.AD7606FSMCRead    ad7606fsmc.o
    0x080017bc   0x080017bc   0x00000028   Code   RO         5763    i.AD7606FSMCReset   ad7606fsmc.o
    0x080017e4   0x080017e4   0x0000008c   Code   RO         5400    i.ADCInit           adc.o
    0x08001870   0x08001870   0x00000068   Code   RO         5401    i.ADCReadVol        adc.o
    0x080018d8   0x080018d8   0x00000006   Code   RO          447    i.ADC_ClearFlag     stm32f4xx_adc.o
    0x080018de   0x080018de   0x00000016   Code   RO          449    i.ADC_Cmd           stm32f4xx_adc.o
    0x080018f4   0x080018f4   0x00000030   Code   RO          450    i.ADC_CommonInit    stm32f4xx_adc.o
    0x08001924   0x08001924   0x00000008   Code   RO          461    i.ADC_GetConversionValue  stm32f4xx_adc.o
    0x0800192c   0x0800192c   0x00000012   Code   RO          462    i.ADC_GetFlagStatus  stm32f4xx_adc.o
    0x0800193e   0x0800193e   0x00000002   PAD
    0x08001940   0x08001940   0x00000054   Code   RO          469    i.ADC_Init          stm32f4xx_adc.o
    0x08001994   0x08001994   0x000000b8   Code   RO          474    i.ADC_RegularChannelConfig  stm32f4xx_adc.o
    0x08001a4c   0x08001a4c   0x0000000a   Code   RO          476    i.ADC_SoftwareStartConv  stm32f4xx_adc.o
    0x08001a56   0x08001a56   0x00000002   PAD
    0x08001a58   0x08001a58   0x00000010   Code   RO         5885    i.ASRead            ms4525do.o
    0x08001a68   0x08001a68   0x00000048   Code   RO         6013    i.BMPConfigOS       bmp280.o
    0x08001ab0   0x08001ab0   0x00000064   Code   RO         6015    i.BMPInit           bmp280.o
    0x08001b14   0x08001b14   0x000000e4   Code   RO         6016    i.BMPReadAverageRho  bmp280.o
    0x08001bf8   0x08001bf8   0x00000168   Code   RO         6017    i.BMPReadCali       bmp280.o
    0x08001d60   0x08001d60   0x0000012c   Code   RO         6018    i.BMPReadPressure   bmp280.o
    0x08001e8c   0x08001e8c   0x000000b0   Code   RO         6019    i.BMPReadTemperature  bmp280.o
    0x08001f3c   0x08001f3c   0x00000004   Code   RO          246    i.BusFault_Handler  stm32f4xx_it.o
    0x08001f40   0x08001f40   0x00000038   Code   RO         5648    i.DMA2_Stream7_IRQHandler  sblink.o
    0x08001f78   0x08001f78   0x00000034   Code   RO         1468    i.DMA_ClearFlag     stm32f4xx_dma.o
    0x08001fac   0x08001fac   0x00000016   Code   RO         1470    i.DMA_Cmd           stm32f4xx_dma.o
    0x08001fc2   0x08001fc2   0x00000002   PAD
    0x08001fc4   0x08001fc4   0x00000158   Code   RO         1471    i.DMA_DeInit        stm32f4xx_dma.o
    0x0800211c   0x0800211c   0x00000014   Code   RO         1475    i.DMA_GetCmdStatus  stm32f4xx_dma.o
    0x08002130   0x08002130   0x00000008   Code   RO         1476    i.DMA_GetCurrDataCounter  stm32f4xx_dma.o
    0x08002138   0x08002138   0x00000044   Code   RO         1479    i.DMA_GetFlagStatus  stm32f4xx_dma.o
    0x0800217c   0x0800217c   0x0000003a   Code   RO         1481    i.DMA_ITConfig      stm32f4xx_dma.o
    0x080021b6   0x080021b6   0x00000002   PAD
    0x080021b8   0x080021b8   0x00000058   Code   RO         1482    i.DMA_Init          stm32f4xx_dma.o
    0x08002210   0x08002210   0x00000004   Code   RO         1485    i.DMA_SetCurrDataCounter  stm32f4xx_dma.o
    0x08002214   0x08002214   0x00000002   Code   RO          247    i.DebugMon_Handler  stm32f4xx_it.o
    0x08002216   0x08002216   0x00000002   PAD
    0x08002218   0x08002218   0x000000d0   Code   RO         6147    i.EXTI15_10_IRQHandler  extin.o
    0x080022e8   0x080022e8   0x00000070   Code   RO            4    i.EXTI2_IRQHandler  main.o
    0x08002358   0x08002358   0x0000000c   Code   RO         1757    i.EXTI_ClearITPendingBit  stm32f4xx_exti.o
    0x08002364   0x08002364   0x00000018   Code   RO         1761    i.EXTI_GetITStatus  stm32f4xx_exti.o
    0x0800237c   0x0800237c   0x00000094   Code   RO         1762    i.EXTI_Init         stm32f4xx_exti.o
    0x08002410   0x08002410   0x000000a4   Code   RO         6148    i.ExtinInit         extin.o
    0x080024b4   0x080024b4   0x00000034   Code   RO         2145    i.FSMC_NORSRAMCmd   stm32f4xx_fsmc.o
    0x080024e8   0x080024e8   0x00000124   Code   RO         2147    i.FSMC_NORSRAMInit  stm32f4xx_fsmc.o
    0x0800260c   0x0800260c   0x00000090   Code   RO         2270    i.GPIO_Init         stm32f4xx_gpio.o
    0x0800269c   0x0800269c   0x00000046   Code   RO         2271    i.GPIO_PinAFConfig  stm32f4xx_gpio.o
    0x080026e2   0x080026e2   0x00000004   Code   RO          248    i.HardFault_Handler  stm32f4xx_it.o
    0x080026e6   0x080026e6   0x00000002   PAD
    0x080026e8   0x080026e8   0x0000005c   Code   RO         5807    i.I2CAck            i2c.o
    0x08002744   0x08002744   0x00000048   Code   RO         5809    i.I2CInit           i2c.o
    0x0800278c   0x0800278c   0x00000054   Code   RO         5810    i.I2CNAck           i2c.o
    0x080027e0   0x080027e0   0x0000005c   Code   RO         5811    i.I2CReadByte       i2c.o
    0x0800283c   0x0800283c   0x00000078   Code   RO         5812    i.I2CSendByte       i2c.o
    0x080028b4   0x080028b4   0x00000054   Code   RO         5813    i.I2CStart          i2c.o
    0x08002908   0x08002908   0x00000044   Code   RO         5814    i.I2CStop           i2c.o
    0x0800294c   0x0800294c   0x0000006c   Code   RO         5815    i.I2CWaitAck        i2c.o
    0x080029b8   0x080029b8   0x00000020   Code   RO         5434    i.LEDFlip           led.o
    0x080029d8   0x080029d8   0x00000040   Code   RO         5435    i.LEDInit           led.o
    0x08002a18   0x08002a18   0x00000024   Code   RO         5436    i.LEDSet            led.o
    0x08002a3c   0x08002a3c   0x0000017c   Code   RO         5649    i.LinkInit          sblink.o
    0x08002bb8   0x08002bb8   0x000000a4   Code   RO         5651    i.LinkSendData      sblink.o
    0x08002c5c   0x08002c5c   0x0000008c   Code   RO         5886    i.MS4525DOCali      ms4525do.o
    0x08002ce8   0x08002ce8   0x00000084   Code   RO         5887    i.MS4525DOInit      ms4525do.o
    0x08002d6c   0x08002d6c   0x000001e0   Code   RO         5888    i.MS4525DOReadAirspeed  ms4525do.o
    0x08002f4c   0x08002f4c   0x00000060   Code   RO         5737    i.MainClockInit     timer.o
    0x08002fac   0x08002fac   0x00000004   Code   RO          249    i.MemManage_Handler  stm32f4xx_it.o
    0x08002fb0   0x08002fb0   0x00000002   Code   RO          250    i.NMI_Handler       stm32f4xx_it.o
    0x08002fb2   0x08002fb2   0x00000002   PAD
    0x08002fb4   0x08002fb4   0x00000078   Code   RO          369    i.NVIC_Init         misc.o
    0x0800302c   0x0800302c   0x00000002   Code   RO          251    i.PendSV_Handler    stm32f4xx_it.o
    0x0800302e   0x0800302e   0x00000002   PAD
    0x08003030   0x08003030   0x00000020   Code   RO         3196    i.RCC_AHB1PeriphClockCmd  stm32f4xx_rcc.o
    0x08003050   0x08003050   0x00000020   Code   RO         3202    i.RCC_AHB3PeriphClockCmd  stm32f4xx_rcc.o
    0x08003070   0x08003070   0x00000020   Code   RO         3205    i.RCC_APB1PeriphClockCmd  stm32f4xx_rcc.o
    0x08003090   0x08003090   0x00000020   Code   RO         3207    i.RCC_APB1PeriphResetCmd  stm32f4xx_rcc.o
    0x080030b0   0x080030b0   0x00000020   Code   RO         3208    i.RCC_APB2PeriphClockCmd  stm32f4xx_rcc.o
    0x080030d0   0x080030d0   0x00000020   Code   RO         3210    i.RCC_APB2PeriphResetCmd  stm32f4xx_rcc.o
    0x080030f0   0x080030f0   0x000000e8   Code   RO         3217    i.RCC_GetClocksFreq  stm32f4xx_rcc.o
    0x080031d8   0x080031d8   0x0000001c   Code   RO         3608    i.RTC_ClearFlag     stm32f4xx_rtc.o
    0x080031f4   0x080031f4   0x00000028   Code   RO         3620    i.RTC_GetFlagStatus  stm32f4xx_rtc.o
    0x0800321c   0x0800321c   0x00000028   Code   RO         5581    i.RTC_WKUP_IRQHandler  rtc.o
    0x08003244   0x08003244   0x000000dc   Code   RO         5946    i.SPI3Init          spi.o
    0x08003320   0x08003320   0x0000000c   Code   RO         5947    i.SPIClearBuff      spi.o
    0x0800332c   0x0800332c   0x0000000c   Code   RO         5948    i.SPIInit           spi.o
    0x08003338   0x08003338   0x00000042   Code   RO         5949    i.SPIRead           spi.o
    0x0800337a   0x0800337a   0x00000044   Code   RO         5950    i.SPIReadWrite      spi.o
    0x080033be   0x080033be   0x00000018   Code   RO         4354    i.SPI_Cmd           stm32f4xx_spi.o
    0x080033d6   0x080033d6   0x00000012   Code   RO         4362    i.SPI_I2S_GetFlagStatus  stm32f4xx_spi.o
    0x080033e8   0x080033e8   0x00000006   Code   RO         4365    i.SPI_I2S_ReceiveData  stm32f4xx_spi.o
    0x080033ee   0x080033ee   0x00000004   Code   RO         4366    i.SPI_I2S_SendData  stm32f4xx_spi.o
    0x080033f2   0x080033f2   0x0000003c   Code   RO         4367    i.SPI_Init          stm32f4xx_spi.o
    0x0800342e   0x0800342e   0x00000002   Code   RO          252    i.SVC_Handler       stm32f4xx_it.o
    0x08003430   0x08003430   0x00000040   Code   RO         4519    i.SYSCFG_EXTILineConfig  stm32f4xx_syscfg.o
    0x08003470   0x08003470   0x0000008c   Code   RO         6092    i.Sdp3xCali         sdp3x.o
    0x080034fc   0x080034fc   0x00000014   Code   RO         6093    i.Sdp3xInit         sdp3x.o
    0x08003510   0x08003510   0x0000006a   Code   RO         6095    i.Sdp3xReadOut      sdp3x.o
    0x0800357a   0x0800357a   0x0000003c   Code   RO         6096    i.Sdp3xSetMode      sdp3x.o
    0x080035b6   0x080035b6   0x00000002   PAD
    0x080035b8   0x080035b8   0x00000018   Code   RO         6188    i.SeneorsInit       sensors.o
    0x080035d0   0x080035d0   0x00000030   Code   RO         6189    i.SensorsFastUpdate  sensors.o
    0x08003600   0x08003600   0x00000064   Code   RO         6190    i.SensorsIntUpdate  sensors.o
    0x08003664   0x08003664   0x0000001c   Code   RO         6191    i.SensorsSlowUpdate  sensors.o
    0x08003680   0x08003680   0x000000ec   Code   RO          321    i.SetSysClock       system_stm32f4xx.o
    0x0800376c   0x0800376c   0x00000028   Code   RO          373    i.SysTick_CLKSourceConfig  misc.o
    0x08003794   0x08003794   0x00000002   Code   RO          253    i.SysTick_Handler   stm32f4xx_it.o
    0x08003796   0x08003796   0x00000002   PAD
    0x08003798   0x08003798   0x00000068   Code   RO          323    i.SystemInit        system_stm32f4xx.o
    0x08003800   0x08003800   0x00000038   Code   RO            5    i.TIM3_IRQHandler   main.o
    0x08003838   0x08003838   0x0000007c   Code   RO            6    i.TIM7_IRQHandler   main.o
    0x080038b4   0x080038b4   0x00000018   Code   RO         4580    i.TIM_ARRPreloadConfig  stm32f4xx_tim.o
    0x080038cc   0x080038cc   0x00000006   Code   RO         4587    i.TIM_ClearITPendingBit  stm32f4xx_tim.o
    0x080038d2   0x080038d2   0x00000018   Code   RO         4592    i.TIM_Cmd           stm32f4xx_tim.o
    0x080038ea   0x080038ea   0x00000022   Code   RO         4613    i.TIM_GetITStatus   stm32f4xx_tim.o
    0x0800390c   0x0800390c   0x00000012   Code   RO         4617    i.TIM_ITConfig      stm32f4xx_tim.o
    0x0800391e   0x0800391e   0x00000002   PAD
    0x08003920   0x08003920   0x000000a0   Code   RO         4631    i.TIM_OC3Init       stm32f4xx_tim.o
    0x080039c0   0x080039c0   0x00000012   Code   RO         4634    i.TIM_OC3PreloadConfig  stm32f4xx_tim.o
    0x080039d2   0x080039d2   0x00000002   PAD
    0x080039d4   0x080039d4   0x00000084   Code   RO         4664    i.TIM_TimeBaseInit  stm32f4xx_tim.o
    0x08003a58   0x08003a58   0x00000070   Code   RO         5652    i.USART1_IRQHandler  sblink.o
    0x08003ac8   0x08003ac8   0x00000012   Code   RO         5142    i.USART_ClearFlag   stm32f4xx_usart.o
    0x08003ada   0x08003ada   0x00000018   Code   RO         5146    i.USART_Cmd         stm32f4xx_usart.o
    0x08003af2   0x08003af2   0x00000012   Code   RO         5147    i.USART_DMACmd      stm32f4xx_usart.o
    0x08003b04   0x08003b04   0x0000001a   Code   RO         5149    i.USART_GetFlagStatus  stm32f4xx_usart.o
    0x08003b1e   0x08003b1e   0x00000054   Code   RO         5150    i.USART_GetITStatus  stm32f4xx_usart.o
    0x08003b72   0x08003b72   0x0000004a   Code   RO         5152    i.USART_ITConfig    stm32f4xx_usart.o
    0x08003bbc   0x08003bbc   0x000000d4   Code   RO         5153    i.USART_Init        stm32f4xx_usart.o
    0x08003c90   0x08003c90   0x0000000a   Code   RO         5160    i.USART_ReceiveData  stm32f4xx_usart.o
    0x08003c9a   0x08003c9a   0x00000004   Code   RO          254    i.UsageFault_Handler  stm32f4xx_it.o
    0x08003c9e   0x08003c9e   0x00000030   Code   RO         6538    i.__ARM_fpclassify  m_wm.l(fpclassify.o)
    0x08003cce   0x08003cce   0x0000007a   Code   RO         6432    i.__hardfp_sqrt     m_wm.l(sqrt.o)
    0x08003d48   0x08003d48   0x00000006   Code   RO         6303    i._sys_exit         usart.o
    0x08003d4e   0x08003d4e   0x00000002   PAD
    0x08003d50   0x08003d50   0x00000010   Code   RO         6020    i.bmpRead           bmp280.o
    0x08003d60   0x08003d60   0x00000014   Code   RO         6021    i.bmpWrite          bmp280.o
    0x08003d74   0x08003d74   0x0000003c   Code   RO         6237    i.delay_init        delay.o
    0x08003db0   0x08003db0   0x00000038   Code   RO         6238    i.delay_ms          delay.o
    0x08003de8   0x08003de8   0x0000004c   Code   RO         6239    i.delay_us          delay.o
    0x08003e34   0x08003e34   0x0000004c   Code   RO         6240    i.delay_xms         delay.o
    0x08003e80   0x08003e80   0x0000001c   Code   RO         6304    i.fputc             usart.o
    0x08003e9c   0x08003e9c   0x0000000a   Code   RO         5816    i.i2cDelay          i2c.o
    0x08003ea6   0x08003ea6   0x00000002   PAD
    0x08003ea8   0x08003ea8   0x00000180   Code   RO            8    i.main              main.o
    0x08004028   0x08004028   0x0000008c   Code   RO         6305    i.uart_init         usart.o
    0x080040b4   0x080040b4   0x0000002c   Code   RO         6532    locale$$code        c_w.l(lc_numeric_c.o)
    0x080040e0   0x080040e0   0x00000062   Code   RO         6406    x$fpl$d2f           fz_wm.l(d2f.o)
    0x08004142   0x08004142   0x00000002   PAD
    0x08004144   0x08004144   0x00000150   Code   RO         6408    x$fpl$dadd          fz_wm.l(daddsub_clz.o)
    0x08004294   0x08004294   0x00000018   Code   RO         6534    x$fpl$dcmpinf       fz_wm.l(dcmpi.o)
    0x080042ac   0x080042ac   0x000002b0   Code   RO         6415    x$fpl$ddiv          fz_wm.l(ddiv.o)
    0x0800455c   0x0800455c   0x00000026   Code   RO         6418    x$fpl$dfltu         fz_wm.l(dflt_clz.o)
    0x08004582   0x08004582   0x00000002   PAD
    0x08004584   0x08004584   0x00000078   Code   RO         6458    x$fpl$dleqf         fz_wm.l(dleqf.o)
    0x080045fc   0x080045fc   0x00000154   Code   RO         6424    x$fpl$dmul          fz_wm.l(dmul.o)
    0x08004750   0x08004750   0x0000009c   Code   RO         6460    x$fpl$dnaninf       fz_wm.l(dnaninf.o)
    0x080047ec   0x080047ec   0x0000000c   Code   RO         6462    x$fpl$dretinf       fz_wm.l(dretinf.o)
    0x080047f8   0x080047f8   0x0000006c   Code   RO         6426    x$fpl$drleqf        fz_wm.l(drleqf.o)
    0x08004864   0x08004864   0x00000198   Code   RO         6464    x$fpl$dsqrt         fz_wm.l(dsqrt_umaal.o)
    0x080049fc   0x080049fc   0x000001d4   Code   RO         6410    x$fpl$dsub          fz_wm.l(daddsub_clz.o)
    0x08004bd0   0x08004bd0   0x00000056   Code   RO         6428    x$fpl$f2d           fz_wm.l(f2d.o)
    0x08004c26   0x08004c26   0x0000008c   Code   RO         6466    x$fpl$fnaninf       fz_wm.l(fnaninf.o)
    0x08004cb2   0x08004cb2   0x0000000a   Code   RO         6606    x$fpl$fpinit        fz_wm.l(fpinit.o)
    0x08004cbc   0x08004cbc   0x0000000a   Code   RO         6468    x$fpl$fretinf       fz_wm.l(fretinf.o)
    0x08004cc6   0x08004cc6   0x00000004   Code   RO         6430    x$fpl$printf1       fz_wm.l(printf1.o)
    0x08004cca   0x08004cca   0x00000000   Code   RO         6470    x$fpl$usenofp       fz_wm.l(usenofp.o)
    0x08004cca   0x08004cca   0x00000002   Data   RO         5712    .constdata          sblinkutility.o
    0x08004ccc   0x08004ccc   0x00000028   Data   RO         6359    .constdata          c_w.l(_printf_hex_int.o)
    0x08004cf4   0x08004cf4   0x00000094   Data   RO         6503    .constdata          c_w.l(bigflt0.o)
    0x08004d88   0x08004d88   0x00000020   Data   RO         6677    Region$$Table       anon$$obj.o
    0x08004da8   0x08004da8   0x0000001c   Data   RO         6531    locale$$data        c_w.l(lc_numeric_c.o)


    Execution Region RW_IRAM1 (Exec base: 0x20000000, Load base: 0x08004dc4, Size: 0x00000b80, Max: 0x00020000, ABSOLUTE)

    Exec Addr    Load Addr    Size         Type   Attr      Idx    E Section Name        Object

    0x20000000   0x08004dc4   0x00000015   Data   RW           10    .data               main.o
    0x20000015   0x08004dd9   0x00000010   Data   RW         3249    .data               stm32f4xx_rcc.o
    0x20000025   0x08004de9   0x00000001   Data   RW         5437    .data               led.o
    0x20000026   0x08004dea   0x0000000a   Data   RW         5582    .data               rtc.o
    0x20000030   0x08004df4   0x00000008   Data   RW         5654    .data               sblink.o
    0x20000038   0x08004dfc   0x00000018   Data   RW         5890    .data               ms4525do.o
    0x20000050   0x08004e14   0x00000001   Data   RW         5952    .data               spi.o
    0x20000051   0x08004e15   0x00000003   PAD
    0x20000054   0x08004e18   0x0000001c   Data   RW         6022    .data               bmp280.o
    0x20000070   0x08004e34   0x00000004   Data   RW         6097    .data               sdp3x.o
    0x20000074   0x08004e38   0x0000000c   Data   RW         6149    .data               extin.o
    0x20000080   0x08004e44   0x00000008   Data   RW         6192    .data               sensors.o
    0x20000088   0x08004e4c   0x00000004   Data   RW         6241    .data               delay.o
    0x2000008c   0x08004e50   0x00000004   Data   RW         6306    .data               usart.o
    0x20000090        -       0x00000190   Zero   RW            9    .bss                main.o
    0x20000220        -       0x00000300   Zero   RW         5653    .bss                sblink.o
    0x20000520        -       0x00000060   Zero   RW         6541    .bss                c_w.l(libspace.o)
    0x20000580        -       0x00000200   Zero   RW          360    HEAP                startup_stm32f40_41xxx.o
    0x20000780        -       0x00000400   Zero   RW          359    STACK               startup_stm32f40_41xxx.o


==============================================================================

Image component sizes


      Code (inc. data)   RO Data    RW Data    ZI Data      Debug   Object Name

       856         50          0          0          0       2472   ad7606fsmc.o
       244         14          0          0          0       1247   adc.o
      1272        208          0         28          0       5803   bmp280.o
       268         16          0          4          0       2443   delay.o
       372         32          0         12          0       1901   extin.o
       730        102          0          0          0       4766   i2c.o
       132         28          0          1          0       1646   led.o
       676         76          0         21        400     323648   main.o
       160         14          0          0          0     256270   misc.o
       768        134          0         24          0       3146   ms4525do.o
        40          4          0         10          0       1116   rtc.o
       712         98          0          8        768       3602   sblink.o
         0          0          2          0          0        634   sblinkutility.o
       326         36          0          4          0       3292   sdp3x.o
       200         28          0          8          0       2280   sensors.o
       378         18          0          1          0       3441   spi.o
        64         26        392          0       1536        836   startup_stm32f40_41xxx.o
       380         24          0          0          0       6218   stm32f4xx_adc.o
       664         54          0          0          0       6978   stm32f4xx_dma.o
       184         16          0          0          0       2216   stm32f4xx_exti.o
       344         16          0          0          0       2125   stm32f4xx_fsmc.o
       214          0          0          0          0       1891   stm32f4xx_gpio.o
        26          0          0          0          0       4026   stm32f4xx_it.o
       424         54          0         16          0       6542   stm32f4xx_rcc.o
        68         12          0          0          0       1160   stm32f4xx_rtc.o
       112          0          0          0          0       3610   stm32f4xx_spi.o
        64          4          0          0          0        652   stm32f4xx_syscfg.o
       416         38          0          0          0       5706   stm32f4xx_tim.o
       466          8          0          0          0       6217   stm32f4xx_usart.o
       340         32          0          0          0       1589   system_stm32f4xx.o
        96          6          0          0          0        552   timer.o
       174         12          0          4          0       3514   usart.o

    ----------------------------------------------------------------------
     11198       1160        426        144       2704     671539   Object Totals
         0          0         32          0          0          0   (incl. Generated)
        28          0          0          3          0          0   (incl. Padding)

    ----------------------------------------------------------------------

      Code (inc. data)   RO Data    RW Data    ZI Data      Debug   Library Member Name

         8          0          0          0          0         68   __main.o
       104          0          0          0          0         84   __printf.o
         0          0          0          0          0          0   __rtentry.o
        12          0          0          0          0          0   __rtentry2.o
         6          0          0          0          0          0   __rtentry4.o
        52          8          0          0          0          0   __scatter.o
        26          0          0          0          0          0   __scatter_copy.o
        28          0          0          0          0          0   __scatter_zi.o
        48          6          0          0          0         96   _printf_char_common.o
        36          4          0          0          0         80   _printf_char_file.o
         6          0          0          0          0          0   _printf_d.o
       120         16          0          0          0         92   _printf_dec.o
         6          0          0          0          0          0   _printf_f.o
      1054          0          0          0          0        216   _printf_fp_dec.o
       128         16          0          0          0         84   _printf_fp_infnan.o
        88          4         40          0          0         88   _printf_hex_int.o
       178          0          0          0          0         88   _printf_intcommon.o
         0          0          0          0          0          0   _printf_percent.o
         4          0          0          0          0          0   _printf_percent_end.o
         6          0          0          0          0          0   _printf_x.o
        22          0          0          0          0        100   _rserrno.o
       228          4        148          0          0         96   bigflt0.o
      1936        128          0          0          0        672   btod.o
        18          0          0          0          0         80   exit.o
         8          0          0          0          0         68   ferror.o
         6          0          0          0          0        152   heapauxi.o
        44         10         28          0          0         76   lc_numeric_c.o
         2          0          0          0          0          0   libinit.o
        22          0          0          0          0          0   libinit2.o
         2          0          0          0          0          0   libshutdown.o
         2          0          0          0          0          0   libshutdown2.o
         8          4          0          0         96         68   libspace.o
       138          0          0          0          0         80   lludiv10.o
        24          4          0          0          0         84   noretval__2printf.o
         8          4          0          0          0         68   rt_errno_addr_intlibspace.o
         8          4          0          0          0         68   rt_locale_intlibspace.o
       138          0          0          0          0         68   rt_memcpy_v6.o
       100          0          0          0          0         80   rt_memcpy_w.o
         2          0          0          0          0          0   rtexit.o
        10          0          0          0          0          0   rtexit2.o
       128          0          0          0          0         68   strcmpv7m.o
        74          0          0          0          0         80   sys_stackheap_outer.o
         2          0          0          0          0         68   use_no_semi.o
         2          0          0          0          0         68   use_no_semi_2.o
        98          4          0          0          0        140   d2f.o
       804         16          0          0          0        368   daddsub_clz.o
        24          0          0          0          0        116   dcmpi.o
       688        140          0          0          0        256   ddiv.o
        38          0          0          0          0        116   dflt_clz.o
       120          4          0          0          0        140   dleqf.o
       340         12          0          0          0        152   dmul.o
       156          4          0          0          0        140   dnaninf.o
        12          0          0          0          0        116   dretinf.o
       108          0          0          0          0        128   drleqf.o
       408         56          0          0          0        168   dsqrt_umaal.o
        86          4          0          0          0        132   f2d.o
       140          4          0          0          0        132   fnaninf.o
        10          0          0          0          0        116   fpinit.o
        10          0          0          0          0        116   fretinf.o
         4          0          0          0          0        116   printf1.o
         0          0          0          0          0          0   usenofp.o
        48          0          0          0          0        124   fpclassify.o
       122          0          0          0          0        148   sqrt.o

    ----------------------------------------------------------------------
      8068        456        216          0         96       5664   Library Totals
        10          0          0          0          0          0   (incl. Padding)

    ----------------------------------------------------------------------

      Code (inc. data)   RO Data    RW Data    ZI Data      Debug   Library Name

      4842        212        216          0         96       2940   c_w.l
      3046        244          0          0          0       2452   fz_wm.l
       170          0          0          0          0        272   m_wm.l

    ----------------------------------------------------------------------
      8068        456        216          0         96       5664   Library Totals

    ----------------------------------------------------------------------

==============================================================================


      Code (inc. data)   RO Data    RW Data    ZI Data      Debug   

     19266       1616        642        144       2800     661491   Grand Totals
     19266       1616        642        144       2800     661491   ELF Image Totals
     19266       1616        642        144          0          0   ROM Totals

==============================================================================

    Total RO  Size (Code + RO Data)                19908 (  19.44kB)
    Total RW  Size (RW Data + ZI Data)              2944 (   2.88kB)
    Total ROM Size (Code + RO Data + RW Data)      20052 (  19.58kB)

==============================================================================

