<html>
<body>
<pre>
<h1>µVision Build Log</h1>
<h2>Tool Versions:</h2>
IDE-Version: ¦ÌVision V5.26.2.0
Copyright (C) 2018 ARM Ltd and ARM Germany GmbH. All rights reserved.
License Information: cfrpg  ,  , LIC=LSNXV-PZRQB-DYYV3-AWE7V-C9LMQ-1AG0M
 
Tool Versions:
Toolchain:       MDK-ARM Plus  Version: 5.26.2.0
Toolchain Path:  C:\Keil_v5\ARM\ARMCC\Bin
C Compiler:      Armcc.exe V5.06 update 6 (build 750)
Assembler:       Armasm.exe V5.06 update 6 (build 750)
Linker/Locator:  ArmLink.exe V5.06 update 6 (build 750)
Library Manager: ArmAr.exe V5.06 update 6 (build 750)
Hex Converter:   FromElf.exe V5.06 update 6 (build 750)
CPU DLL:         SARMCM3.DLL V5.26.2.0
Dialog DLL:      DCM.DLL V1.17.2.0
Target DLL:      STLink\ST-LINKIII-KEIL_SWO.dll V3.0.5.0
Dialog DLL:      TCM.DLL V1.36.1.0
 
<h2>Project:</h2>
D:\Onedrive\¿ÆÑÐÒª½ô\NickelBird\src\testerV2\USER\NickelBird.uvprojx
Project File Date:  03/03/2021

<h2>Output:</h2>
*** Using Compiler 'V5.06 update 6 (build 750)', folder: 'C:\Keil_v5\ARM\ARMCC\Bin'
Build target 'NickelBird'
compiling main.c...
..\HARDWARE\ad7606.h(16): warning:  #1-D: last line of file ends without a newline
  #endif
..\HARDWARE\ad7606fsmc.h(17): warning:  #1-D: last line of file ends without a newline
  #endif
main.c(104): warning:  #167-D: argument of type "const unsigned char *" is incompatible with parameter of type "u8 *"
  	OledDispBitmap(0,0,128,128,gImage_logo);
main.c(53): warning:  #177-D: variable "key"  was declared but never referenced
  	u8 key;
main.c: 4 warnings, 0 errors
linking...
Program Size: Code=11150 RO-data=3086 RW-data=96 ZI-data=3968  
FromELF: creating hex file...
".\Objects\NickelBird.axf" - 0 Error(s), 4 Warning(s).

<h2>Software Packages used:</h2>

Package Vendor: Keil
                http://www.keil.com/pack/Keil.STM32F4xx_DFP.2.13.0.pack
                Keil.STM32F4xx_DFP.2.13.0
                STMicroelectronics STM32F4 Series Device Support, Drivers and Examples

<h2>Collection of Component include folders:</h2>
  .\RTE\_NickelBird
  C:\Keil_v5\ARM\PACK\Keil\STM32F4xx_DFP\2.13.0\Drivers\CMSIS\Device\ST\STM32F4xx\Include

<h2>Collection of Component Files used:</h2>
Build Time Elapsed:  00:00:03
</pre>
</body>
</html>
