Component: ARM Compiler 5.06 update 6 (build 750) Tool: armlink [4d35ed]

==============================================================================

Section Cross References

    main.o(i.AnalyzePkg) refers to _printf_percent.o(.ARM.Collect$$_printf_percent$$00000000) for _printf_percent
    main.o(i.AnalyzePkg) refers to _printf_d.o(.ARM.Collect$$_printf_percent$$00000009) for _printf_d
    main.o(i.AnalyzePkg) refers to _printf_dec.o(.text) for _printf_int_dec
    main.o(i.AnalyzePkg) refers to noretval__2printf.o(.text) for __2printf
    main.o(i.AnalyzePkg) refers to parameter.o(i.ParamSet) for ParamSet
    main.o(i.AnalyzePkg) refers to parameter.o(i.ParamShow) for ParamShow
    main.o(i.AnalyzePkg) refers to parameter.o(i.ParamReset) for ParamReset
    main.o(i.AnalyzePkg) refers to parameter.o(i.ParamWrite) for ParamWrite
    main.o(i.AnalyzePkg) refers to usart.o(.data) for USART_RX_STA
    main.o(i.AnalyzePkg) refers to usart.o(.bss) for USART_RX_BUF
    main.o(i.EXTI15_10_IRQHandler) refers to stm32f4xx_exti.o(i.EXTI_GetITStatus) for EXTI_GetITStatus
    main.o(i.EXTI15_10_IRQHandler) refers to sampling.o(i.SamplingIntUpdate) for SamplingIntUpdate
    main.o(i.EXTI15_10_IRQHandler) refers to keyboard.o(i.WheelUpdate) for WheelUpdate
    main.o(i.EXTI15_10_IRQHandler) refers to stm32f4xx_exti.o(i.EXTI_ClearITPendingBit) for EXTI_ClearITPendingBit
    main.o(i.TIM7_IRQHandler) refers to stm32f4xx_tim.o(i.TIM_GetITStatus) for TIM_GetITStatus
    main.o(i.TIM7_IRQHandler) refers to stm32f4xx_tim.o(i.TIM_ClearITPendingBit) for TIM_ClearITPendingBit
    main.o(i.TIM7_IRQHandler) refers to main.o(.bss) for tick
    main.o(i.TIM7_IRQHandler) refers to main.o(.data) for cpucnt
    main.o(i.initTestGPIO) refers to stm32f4xx_rcc.o(i.RCC_AHB1PeriphClockCmd) for RCC_AHB1PeriphClockCmd
    main.o(i.initTestGPIO) refers to stm32f4xx_gpio.o(i.GPIO_Init) for GPIO_Init
    main.o(i.main) refers to delay.o(i.delay_init) for delay_init
    main.o(i.main) refers to usart.o(i.uart_init) for uart_init
    main.o(i.main) refers to timer.o(i.MainClockInit) for MainClockInit
    main.o(i.main) refers to oled.o(i.OledInit) for OledInit
    main.o(i.main) refers to oled.o(i.OledClear) for OledClear
    main.o(i.main) refers to led.o(i.LEDInit) for LEDInit
    main.o(i.main) refers to keyboard.o(i.KeyInit) for KeyInit
    main.o(i.main) refers to mb85rs.o(i.FRAMInit) for FRAMInit
    main.o(i.main) refers to noretval__2printf.o(.text) for __2printf
    main.o(i.main) refers to oled.o(i.OledDrawBitmap) for OledDrawBitmap
    main.o(i.main) refers to oled.o(i.OledRefresh) for OledRefresh
    main.o(i.main) refers to parameter.o(i.ParamRead) for ParamRead
    main.o(i.main) refers to oled.o(i.OledDrawString) for OledDrawString
    main.o(i.main) refers to oled.o(i.OledDrawInt) for OledDrawInt
    main.o(i.main) refers to delay.o(i.delay_ms) for delay_ms
    main.o(i.main) refers to ad7606fsmc.o(i.AD7606FSMCInit) for AD7606FSMCInit
    main.o(i.main) refers to dac.o(i.DACInit) for DACInit
    main.o(i.main) refers to pwm.o(i.PWMInit) for PWMInit
    main.o(i.main) refers to pwm.o(i.PWMSetAux) for PWMSetAux
    main.o(i.main) refers to sampling.o(i.SamplingInit) for SamplingInit
    main.o(i.main) refers to sblink.o(i.LinkInit) for LinkInit
    main.o(i.main) refers to pages.o(i.PagesInit) for PagesInit
    main.o(i.main) refers to led.o(i.LEDSetPattern) for LEDSetPattern
    main.o(i.main) refers to led.o(i.LEDUpdate) for LEDUpdate
    main.o(i.main) refers to main.o(i.AnalyzePkg) for AnalyzePkg
    main.o(i.main) refers to sampling.o(i.SamplingFastUpdate) for SamplingFastUpdate
    main.o(i.main) refers to sampling.o(i.SamplingSlowUpdate) for SamplingSlowUpdate
    main.o(i.main) refers to pages.o(i.PagesUpdate) for PagesUpdate
    main.o(i.main) refers to main.o(.constdata) for gImage_logo
    main.o(i.main) refers to main.o(.bss) for tick
    main.o(i.main) refers to usart.o(.data) for USART_RX_STA
    system_stm32f4xx.o(i.SystemCoreClockUpdate) refers to system_stm32f4xx.o(.data) for SystemCoreClock
    system_stm32f4xx.o(i.SystemInit) refers to system_stm32f4xx.o(i.SetSysClock) for SetSysClock
    startup_stm32f40_41xxx.o(STACK) refers (Special) to heapauxi.o(.text) for __use_two_region_memory
    startup_stm32f40_41xxx.o(HEAP) refers (Special) to heapauxi.o(.text) for __use_two_region_memory
    startup_stm32f40_41xxx.o(RESET) refers (Special) to heapauxi.o(.text) for __use_two_region_memory
    startup_stm32f40_41xxx.o(RESET) refers to startup_stm32f40_41xxx.o(STACK) for __initial_sp
    startup_stm32f40_41xxx.o(RESET) refers to startup_stm32f40_41xxx.o(.text) for Reset_Handler
    startup_stm32f40_41xxx.o(RESET) refers to stm32f4xx_it.o(i.NMI_Handler) for NMI_Handler
    startup_stm32f40_41xxx.o(RESET) refers to stm32f4xx_it.o(i.HardFault_Handler) for HardFault_Handler
    startup_stm32f40_41xxx.o(RESET) refers to stm32f4xx_it.o(i.MemManage_Handler) for MemManage_Handler
[...]
    __rt_lib_init_stdio_1                    0x08000229   Thumb Code     0  libinit2.o(.ARM.Collect$$libinit$$00000025)
    __rt_lib_shutdown                        0x0800022b   Thumb Code     0  libshutdown.o(.ARM.Collect$$libshutdown$$00000000)
    __rt_lib_shutdown_cpp_1                  0x0800022d   Thumb Code     0  libshutdown2.o(.ARM.Collect$$libshutdown$$00000002)
    __rt_lib_shutdown_fp_trap_1              0x0800022d   Thumb Code     0  libshutdown2.o(.ARM.Collect$$libshutdown$$00000007)
    __rt_lib_shutdown_heap_1                 0x0800022d   Thumb Code     0  libshutdown2.o(.ARM.Collect$$libshutdown$$0000000F)
    __rt_lib_shutdown_return                 0x0800022d   Thumb Code     0  libshutdown2.o(.ARM.Collect$$libshutdown$$00000010)
    __rt_lib_shutdown_signal_1               0x0800022d   Thumb Code     0  libshutdown2.o(.ARM.Collect$$libshutdown$$0000000A)
    __rt_lib_shutdown_stdio_1                0x0800022d   Thumb Code     0  libshutdown2.o(.ARM.Collect$$libshutdown$$00000004)
    __rt_lib_shutdown_user_alloc_1           0x0800022d   Thumb Code     0  libshutdown2.o(.ARM.Collect$$libshutdown$$0000000C)
    __rt_entry                               0x0800022f   Thumb Code     0  __rtentry.o(.ARM.Collect$$rtentry$$00000000)
    __rt_entry_presh_1                       0x0800022f   Thumb Code     0  __rtentry2.o(.ARM.Collect$$rtentry$$00000002)
    __rt_entry_sh                            0x0800022f   Thumb Code     0  __rtentry4.o(.ARM.Collect$$rtentry$$00000004)
    __rt_entry_li                            0x08000235   Thumb Code     0  __rtentry2.o(.ARM.Collect$$rtentry$$0000000A)
    __rt_entry_postsh_1                      0x08000235   Thumb Code     0  __rtentry2.o(.ARM.Collect$$rtentry$$00000009)
    __rt_entry_main                          0x08000239   Thumb Code     0  __rtentry2.o(.ARM.Collect$$rtentry$$0000000D)
    __rt_entry_postli_1                      0x08000239   Thumb Code     0  __rtentry2.o(.ARM.Collect$$rtentry$$0000000C)
    __rt_exit                                0x08000241   Thumb Code     0  rtexit.o(.ARM.Collect$$rtexit$$00000000)
    __rt_exit_ls                             0x08000243   Thumb Code     0  rtexit2.o(.ARM.Collect$$rtexit$$00000003)
    __rt_exit_prels_1                        0x08000243   Thumb Code     0  rtexit2.o(.ARM.Collect$$rtexit$$00000002)
    __rt_exit_exit                           0x08000247   Thumb Code     0  rtexit2.o(.ARM.Collect$$rtexit$$00000004)
    Reset_Handler                            0x0800024d   Thumb Code     8  startup_stm32f40_41xxx.o(.text)
    ADC_IRQHandler                           0x08000267   Thumb Code     0  startup_stm32f40_41xxx.o(.text)
    CAN1_RX0_IRQHandler                      0x08000267   Thumb Code     0  startup_stm32f40_41xxx.o(.text)
    CAN1_RX1_IRQHandler                      0x08000267   Thumb Code     0  startup_stm32f40_41xxx.o(.text)
    CAN1_SCE_IRQHandler                      0x08000267   Thumb Code     0  startup_stm32f40_41xxx.o(.text)
    CAN1_TX_IRQHandler                       0x08000267   Thumb Code     0  startup_stm32f40_41xxx.o(.text)
    CAN2_RX0_IRQHandler                      0x08000267   Thumb Code     0  startup_stm32f40_41xxx.o(.text)
    CAN2_RX1_IRQHandler                      0x08000267   Thumb Code     0  startup_stm32f40_41xxx.o(.text)
    CAN2_SCE_IRQHandler                      0x08000267   Thumb Code     0  startup_stm32f40_41xxx.o(.text)
    CAN2_TX_IRQHandler                       0x08000267   Thumb Code     0  startup_stm32f40_41xxx.o(.text)
    CRYP_IRQHandler                          0x08000267   Thumb Code     0  startup_stm32f40_41xxx.o(.text)
    DCMI_IRQHandler                          0x08000267   Thumb Code     0  startup_stm32f40_41xxx.o(.text)
    DMA1_Stream0_IRQHandler                  0x08000267   Thumb Code     0  startup_stm32f40_41xxx.o(.text)
    DMA1_Stream1_IRQHandler                  0x08000267   Thumb Code     0  startup_stm32f40_41xxx.o(.text)
    DMA1_Stream2_IRQHandler                  0x08000267   Thumb Code     0  startup_stm32f40_41xxx.o(.text)
    DMA1_Stream3_IRQHandler                  0x08000267   Thumb Code     0  startup_stm32f40_41xxx.o(.text)
    DMA1_Stream4_IRQHandler                  0x08000267   Thumb Code     0  startup_stm32f40_41xxx.o(.text)
    DMA1_Stream5_IRQHandler                  0x08000267   Thumb Code     0  startup_stm32f40_41xxx.o(.text)
    DMA1_Stream7_IRQHandler                  0x08000267   Thumb Code     0  startup_stm32f40_41xxx.o(.text)
    DMA2_Stream0_IRQHandler                  0x08000267   Thumb Code     0  startup_stm32f40_41xxx.o(.text)
    DMA2_Stream1_IRQHandler                  0x08000267   Thumb Code     0  startup_stm32f40_41xxx.o(.text)
    DMA2_Stream2_IRQHandler                  0x08000267   Thumb Code     0  startup_stm32f40_41xxx.o(.text)
    DMA2_Stream3_IRQHandler                  0x08000267   Thumb Code     0  startup_stm32f40_41xxx.o(.text)
    DMA2_Stream4_IRQHandler                  0x08000267   Thumb Code     0  startup_stm32f40_41xxx.o(.text)
    DMA2_Stream6_IRQHandler                  0x08000267   Thumb Code     0  startup_stm32f40_41xxx.o(.text)
    DMA2_Stream7_IRQHandler                  0x08000267   Thumb Code     0  startup_stm32f40_41xxx.o(.text)
    ETH_IRQHandler                           0x08000267   Thumb Code     0  startup_stm32f40_41xxx.o(.text)
    ETH_WKUP_IRQHandler                      0x08000267   Thumb Code     0  startup_stm32f40_41xxx.o(.text)
    EXTI2_IRQHandler                         0x08000267   Thumb Code     0  startup_stm32f40_41xxx.o(.text)
    EXTI3_IRQHandler                         0x08000267   Thumb Code     0  startup_stm32f40_41xxx.o(.text)
    EXTI4_IRQHandler                         0x08000267   Thumb Code     0  startup_stm32f40_41xxx.o(.text)
    FLASH_IRQHandler                         0x08000267   Thumb Code     0  startup_stm32f40_41xxx.o(.text)
    FPU_IRQHandler                           0x08000267   Thumb Code     0  startup_stm32f40_41xxx.o(.text)
    FSMC_IRQHandler                          0x08000267   Thumb Code     0  startup_stm32f40_41xxx.o(.text)
    HASH_RNG_IRQHandler                      0x08000267   Thumb Code     0  startup_stm32f40_41xxx.o(.text)
    I2C1_ER_IRQHandler                       0x08000267   Thumb Code     0  startup_stm32f40_41xxx.o(.text)
    I2C1_EV_IRQHandler                       0x08000267   Thumb Code     0  startup_stm32f40_41xxx.o(.text)
    I2C2_ER_IRQHandler                       0x08000267   Thumb Code     0  startup_stm32f40_41xxx.o(.text)
    I2C2_EV_IRQHandler                       0x08000267   Thumb Code     0  startup_stm32f40_41xxx.o(.text)
    I2C3_ER_IRQHandler                       0x08000267   Thumb Code     0  startup_stm32f40_41xxx.o(.text)
    I2C3_EV_IRQHandler                       0x08000267   Thumb Code     0  startup_stm32f40_41xxx.o(.text)
    OTG_FS_IRQHandler                        0x08000267   Thumb Code     0  startup_stm32f40_41xxx.o(.text)
    OTG_FS_WKUP_IRQHandler                   0x08000267   Thumb Code     0  startup_stm32f40_41xxx.o(.text)
    OTG_HS_EP1_IN_IRQHandler                 0x08000267   Thumb Code     0  startup_stm32f40_41xxx.o(.text)
    OTG_HS_EP1_OUT_IRQHandler                0x08000267   Thumb Code     0  startup_stm32f40_41xxx.o(.text)
    OTG_HS_IRQHandler                        0x08000267   Thumb Code     0  startup_stm32f40_41xxx.o(.text)
    OTG_HS_WKUP_IRQHandler                   0x08000267   Thumb Code     0  startup_stm32f40_41xxx.o(.text)
    PVD_IRQHandler                           0x08000267   Thumb Code     0  startup_stm32f40_41xxx.o(.text)
    RCC_IRQHandler                           0x08000267   Thumb Code     0  startup_stm32f40_41xxx.o(.text)
    RTC_Alarm_IRQHandler                     0x08000267   Thumb Code     0  startup_stm32f40_41xxx.o(.text)
    RTC_WKUP_IRQHandler                      0x08000267   Thumb Code     0  startup_stm32f40_41xxx.o(.text)
    SDIO_IRQHandler                          0x08000267   Thumb Code     0  startup_stm32f40_41xxx.o(.text)
    SPI1_IRQHandler                          0x08000267   Thumb Code     0  startup_stm32f40_41xxx.o(.text)
    SPI2_IRQHandler                          0x08000267   Thumb Code     0  startup_stm32f40_41xxx.o(.text)
    SPI3_IRQHandler                          0x08000267   Thumb Code     0  startup_stm32f40_41xxx.o(.text)
    TAMP_STAMP_IRQHandler                    0x08000267   Thumb Code     0  startup_stm32f40_41xxx.o(.text)
    TIM1_CC_IRQHandler                       0x08000267   Thumb Code     0  startup_stm32f40_41xxx.o(.text)
    TIM1_TRG_COM_TIM11_IRQHandler            0x08000267   Thumb Code     0  startup_stm32f40_41xxx.o(.text)
    TIM1_UP_TIM10_IRQHandler                 0x08000267   Thumb Code     0  startup_stm32f40_41xxx.o(.text)
    TIM2_IRQHandler                          0x08000267   Thumb Code     0  startup_stm32f40_41xxx.o(.text)
    TIM3_IRQHandler                          0x08000267   Thumb Code     0  startup_stm32f40_41xxx.o(.text)
    TIM4_IRQHandler                          0x08000267   Thumb Code     0  startup_stm32f40_41xxx.o(.text)
    TIM5_IRQHandler                          0x08000267   Thumb Code     0  startup_stm32f40_41xxx.o(.text)
    TIM6_DAC_IRQHandler                      0x08000267   Thumb Code     0  startup_stm32f40_41xxx.o(.text)
    TIM8_BRK_TIM12_IRQHandler                0x08000267   Thumb Code     0  startup_stm32f40_41xxx.o(.text)
    TIM8_CC_IRQHandler                       0x08000267   Thumb Code     0  startup_stm32f40_41xxx.o(.text)
    TIM8_TRG_COM_TIM14_IRQHandler            0x08000267   Thumb Code     0  startup_stm32f40_41xxx.o(.text)
    UART4_IRQHandler                         0x08000267   Thumb Code     0  startup_stm32f40_41xxx.o(.text)
    UART5_IRQHandler                         0x08000267   Thumb Code     0  startup_stm32f40_41xxx.o(.text)
    USART2_IRQHandler                        0x08000267   Thumb Code     0  startup_stm32f40_41xxx.o(.text)
    USART3_IRQHandler                        0x08000267   Thumb Code     0  startup_stm32f40_41xxx.o(.text)
    USART6_IRQHandler                        0x08000267   Thumb Code     0  startup_stm32f40_41xxx.o(.text)
    WWDG_IRQHandler                          0x08000267   Thumb Code     0  startup_stm32f40_41xxx.o(.text)
    __user_initial_stackheap                 0x08000269   Thumb Code     0  startup_stm32f40_41xxx.o(.text)
    __use_no_semihosting                     0x0800028d   Thumb Code     2  use_no_semi_2.o(.text)
    __2printf                                0x08000291   Thumb Code    20  noretval__2printf.o(.text)
    __printf                                 0x080002a9   Thumb Code   104  __printf.o(.text)
    _printf_str                              0x08000311   Thumb Code    82  _printf_str.o(.text)
    _printf_int_dec                          0x08000365   Thumb Code   104  _printf_dec.o(.text)
    __aeabi_memcpy                           0x080003dd   Thumb Code     0  rt_memcpy_v6.o(.text)
    __rt_memcpy                              0x080003dd   Thumb Code   138  rt_memcpy_v6.o(.text)
    _memcpy_lastbytes                        0x08000443   Thumb Code     0  rt_memcpy_v6.o(.text)
    __aeabi_memclr                           0x08000467   Thumb Code     0  rt_memclr.o(.text)
    __rt_memclr                              0x08000467   Thumb Code    68  rt_memclr.o(.text)
    _memset                                  0x0800046b   Thumb Code     0  rt_memclr.o(.text)
    strcmp                                   0x080004ad   Thumb Code   128  strcmpv7m.o(.text)
    __use_two_region_memory                  0x0800052d   Thumb Code     2  heapauxi.o(.text)
    __rt_heap_escrow$2region                 0x0800052f   Thumb Code     2  heapauxi.o(.text)
    __rt_heap_expand$2region                 0x08000531   Thumb Code     2  heapauxi.o(.text)
    __I$use$semihosting                      0x08000533   Thumb Code     0  use_no_semi.o(.text)
    __use_no_semihosting_swi                 0x08000533   Thumb Code     2  use_no_semi.o(.text)
    __read_errno                             0x08000535   Thumb Code    10  _rserrno.o(.text)
    __set_errno                              0x0800053f   Thumb Code    12  _rserrno.o(.text)
    _printf_int_common                       0x0800054b   Thumb Code   178  _printf_intcommon.o(.text)
    __lib_sel_fp_printf                      0x080005fd   Thumb Code     2  _printf_fp_dec.o(.text)
    _printf_fp_dec_real                      0x080007af   Thumb Code   620  _printf_fp_dec.o(.text)
    _printf_cs_common                        0x08000a1b   Thumb Code    20  _printf_char.o(.text)
    _printf_char                             0x08000a2f   Thumb Code    16  _printf_char.o(.text)
    _printf_string                           0x08000a3f   Thumb Code     8  _printf_char.o(.text)
    _printf_char_file                        0x08000a49   Thumb Code    32  _printf_char_file.o(.text)
    __aeabi_memcpy4                          0x08000a6d   Thumb Code     0  rt_memcpy_w.o(.text)
    __aeabi_memcpy8                          0x08000a6d   Thumb Code     0  rt_memcpy_w.o(.text)
    __rt_memcpy_w                            0x08000a6d   Thumb Code   100  rt_memcpy_w.o(.text)
    _memcpy_lastbytes_aligned                0x08000ab5   Thumb Code     0  rt_memcpy_w.o(.text)
    __aeabi_memclr4                          0x08000ad1   Thumb Code     0  rt_memclr_w.o(.text)
    __aeabi_memclr8                          0x08000ad1   Thumb Code     0  rt_memclr_w.o(.text)
    __rt_memclr_w                            0x08000ad1   Thumb Code    78  rt_memclr_w.o(.text)
    _memset_w                                0x08000ad5   Thumb Code     0  rt_memclr_w.o(.text)
    __rt_locale                              0x08000b21   Thumb Code     8  rt_locale_intlibspace.o(.text)
    __aeabi_errno_addr                       0x08000b29   Thumb Code     8  rt_errno_addr_intlibspace.o(.text)
    __errno$intlibspace                      0x08000b29   Thumb Code     0  rt_errno_addr_intlibspace.o(.text)
    __rt_errno_addr$intlibspace              0x08000b29   Thumb Code     0  rt_errno_addr_intlibspace.o(.text)
    _ll_udiv10                               0x08000b31   Thumb Code   138  lludiv10.o(.text)
    _printf_char_common                      0x08000bc7   Thumb Code    32  _printf_char_common.o(.text)
    _printf_fp_infnan                        0x08000bed   Thumb Code   112  _printf_fp_infnan.o(.text)
    _btod_etento                             0x08000c6d   Thumb Code   224  bigflt0.o(.text)
    ferror                                   0x08000d51   Thumb Code     8  ferror.o(.text)
    __user_libspace                          0x08000d59   Thumb Code     8  libspace.o(.text)
    __user_perproc_libspace                  0x08000d59   Thumb Code     0  libspace.o(.text)
    __user_perthread_libspace                0x08000d59   Thumb Code     0  libspace.o(.text)
    __user_setup_stackheap                   0x08000d61   Thumb Code    74  sys_stackheap_outer.o(.text)
    exit                                     0x08000dab   Thumb Code    18  exit.o(.text)
    _btod_d2e                                0x08000dbd   Thumb Code    62  btod.o(CL$$btod_d2e)
    _d2e_denorm_low                          0x08000dfb   Thumb Code    70  btod.o(CL$$btod_d2e_denorm_low)
    _d2e_norm_op1                            0x08000e41   Thumb Code    96  btod.o(CL$$btod_d2e_norm_op1)
    __btod_div_common                        0x08000ea1   Thumb Code   696  btod.o(CL$$btod_div_common)
    _e2e                                     0x080011d9   Thumb Code   220  btod.o(CL$$btod_e2e)
    _btod_ediv                               0x080012b5   Thumb Code    42  btod.o(CL$$btod_ediv)
    _btod_emul                               0x080012df   Thumb Code    42  btod.o(CL$$btod_emul)
    __btod_mult_common                       0x08001309   Thumb Code   580  btod.o(CL$$btod_mult_common)
    AD7606FSMCInit                           0x0800154d   Thumb Code   688  ad7606fsmc.o(i.AD7606FSMCInit)
    AD7606FSMCRead                           0x08001819   Thumb Code   156  ad7606fsmc.o(i.AD7606FSMCRead)
    AD7606FSMCReset                          0x080018bd   Thumb Code    32  ad7606fsmc.o(i.AD7606FSMCReset)
    AnalyzePkg                               0x080018e5   Thumb Code   262  main.o(i.AnalyzePkg)
    AngleSub                                 0x08001a75   Thumb Code    34  mathhelper.o(i.AngleSub)
    BusFault_Handler                         0x08001a9d   Thumb Code     4  stm32f4xx_it.o(i.BusFault_Handler)
    Clampf                                   0x08001aa1   Thumb Code    42  mathhelper.o(i.Clampf)
    DACInit                                  0x08001acd   Thumb Code    84  dac.o(i.DACInit)
    DACSet                                   0x08001b29   Thumb Code    50  dac.o(i.DACSet)
    DAC_Cmd                                  0x08001b5d   Thumb Code    34  stm32f4xx_dac.o(i.DAC_Cmd)
    DAC_Init                                 0x08001b85   Thumb Code    46  stm32f4xx_dac.o(i.DAC_Init)
    DAC_SetChannel1Data                      0x08001bb9   Thumb Code    26  stm32f4xx_dac.o(i.DAC_SetChannel1Data)
    DMA1_Stream6_IRQHandler                  0x08001bd9   Thumb Code    42  sblink.o(i.DMA1_Stream6_IRQHandler)
    DMA2_Stream5_IRQHandler                  0x08001c11   Thumb Code    42  oled.o(i.DMA2_Stream5_IRQHandler)
    DMA_ClearFlag                            0x08001c49   Thumb Code    38  stm32f4xx_dma.o(i.DMA_ClearFlag)
    DMA_Cmd                                  0x08001c7d   Thumb Code    22  stm32f4xx_dma.o(i.DMA_Cmd)
    DMA_DeInit                               0x08001c95   Thumb Code   324  stm32f4xx_dma.o(i.DMA_DeInit)
    DMA_GetCmdStatus                         0x08001ded   Thumb Code    20  stm32f4xx_dma.o(i.DMA_GetCmdStatus)
    DMA_GetCurrDataCounter                   0x08001e01   Thumb Code     8  stm32f4xx_dma.o(i.DMA_GetCurrDataCounter)
    DMA_GetFlagStatus                        0x08001e09   Thumb Code    54  stm32f4xx_dma.o(i.DMA_GetFlagStatus)
    DMA_ITConfig                             0x08001e4d   Thumb Code    58  stm32f4xx_dma.o(i.DMA_ITConfig)
    DMA_Init                                 0x08001e89   Thumb Code    82  stm32f4xx_dma.o(i.DMA_Init)
    DMA_SetCurrDataCounter                   0x08001ee1   Thumb Code     4  stm32f4xx_dma.o(i.DMA_SetCurrDataCounter)
    DebugMon_Handler                         0x08001ee5   Thumb Code     2  stm32f4xx_it.o(i.DebugMon_Handler)
    EXTI0_IRQHandler                         0x08001ee9   Thumb Code    32  extin.o(i.EXTI0_IRQHandler)
    EXTI15_10_IRQHandler                     0x08001f0d   Thumb Code    40  main.o(i.EXTI15_10_IRQHandler)
    EXTI1_IRQHandler                         0x08001f35   Thumb Code    30  extin.o(i.EXTI1_IRQHandler)
    EXTI9_5_IRQHandler                       0x08001f59   Thumb Code    22  sampling.o(i.EXTI9_5_IRQHandler)
    EXTI_ClearITPendingBit                   0x08001f71   Thumb Code     6  stm32f4xx_exti.o(i.EXTI_ClearITPendingBit)
    EXTI_GetITStatus                         0x08001f7d   Thumb Code    20  stm32f4xx_exti.o(i.EXTI_GetITStatus)
    EXTI_Init                                0x08001f95   Thumb Code   142  stm32f4xx_exti.o(i.EXTI_Init)
    FRAMInit                                 0x08002029   Thumb Code   192  mb85rs.o(i.FRAMInit)
    FRAMRead                                 0x080020f5   Thumb Code    84  mb85rs.o(i.FRAMRead)
    FRAMReceiveByte                          0x08002151   Thumb Code    64  mb85rs.o(i.FRAMReceiveByte)
    FRAMSendByte                             0x08002195   Thumb Code    56  mb85rs.o(i.FRAMSendByte)
    FRAMWrite                                0x080021d1   Thumb Code   124  mb85rs.o(i.FRAMWrite)
    FSMC_NORSRAMCmd                          0x08002255   Thumb Code    46  stm32f4xx_fsmc.o(i.FSMC_NORSRAMCmd)
    FSMC_NORSRAMInit                         0x08002289   Thumb Code   282  stm32f4xx_fsmc.o(i.FSMC_NORSRAMInit)
    FilterClear                              0x080023ad   Thumb Code    22  filter.o(i.FilterClear)
    FilterClearQueue                         0x080023c3   Thumb Code    10  filter.o(i.FilterClearQueue)
    FilterDequeue                            0x080023cd   Thumb Code    48  filter.o(i.FilterDequeue)
    FilterEnqueue                            0x08002401   Thumb Code    48  filter.o(i.FilterEnqueue)
    FilterProcess                            0x08002431   Thumb Code   338  filter.o(i.FilterProcess)
    FilterSeek                               0x08002585   Thumb Code    32  filter.o(i.FilterSeek)
    GPGetData                                0x080025a9   Thumb Code    78  keyboard.o(i.GPGetData)
    GPIO_Init                                0x08002601   Thumb Code   144  stm32f4xx_gpio.o(i.GPIO_Init)
    GPIO_PinAFConfig                         0x08002691   Thumb Code    70  stm32f4xx_gpio.o(i.GPIO_PinAFConfig)
    HardFault_Handler                        0x080026d7   Thumb Code     4  stm32f4xx_it.o(i.HardFault_Handler)
    KeyGetState                              0x080026dd   Thumb Code    12  keyboard.o(i.KeyGetState)
    KeyInit                                  0x080026ed   Thumb Code   212  keyboard.o(i.KeyInit)
    LEDFlip                                  0x080027d5   Thumb Code    20  led.o(i.LEDFlip)
    LEDInit                                  0x080027ed   Thumb Code   118  led.o(i.LEDInit)
    LEDSetPattern                            0x08002889   Thumb Code    26  led.o(i.LEDSetPattern)
    LEDUpdate                                0x080028b1   Thumb Code   112  led.o(i.LEDUpdate)
    LinkInit                                 0x08002939   Thumb Code   318  sblink.o(i.LinkInit)
    LinkSendData                             0x08002aa1   Thumb Code   142  sblink.o(i.LinkSendData)
    MainClockInit                            0x08002b49   Thumb Code    90  timer.o(i.MainClockInit)
    MemManage_Handler                        0x08002ba9   Thumb Code     4  stm32f4xx_it.o(i.MemManage_Handler)
    NMI_Handler                              0x08002bad   Thumb Code     2  stm32f4xx_it.o(i.NMI_Handler)
    NVIC_Init                                0x08002bb1   Thumb Code   106  misc.o(i.NVIC_Init)
    OledClear                                0x08002c29   Thumb Code    60  oled.o(i.OledClear)
    OledClearBuff                            0x08002c69   Thumb Code    14  oled.o(i.OledClearBuff)
    OledDispOn                               0x08002c7d   Thumb Code    28  oled.o(i.OledDispOn)
    OledDrawBitmap                           0x08002c9d   Thumb Code   276  oled.o(i.OledDrawBitmap)
    OledDrawChar                             0x08002db5   Thumb Code   102  oled.o(i.OledDrawChar)
    OledDrawFixed                            0x08002e29   Thumb Code   220  oled.o(i.OledDrawFixed)
    OledDrawInt                              0x08002f05   Thumb Code   178  oled.o(i.OledDrawInt)
    OledDrawString                           0x08002fb7   Thumb Code    46  oled.o(i.OledDrawString)
    OledInit                                 0x08002fe5   Thumb Code   386  oled.o(i.OledInit)
    OledRefresh                              0x0800317d   Thumb Code    58  oled.o(i.OledRefresh)
    OledSendByte                             0x080031c1   Thumb Code    34  oled.o(i.OledSendByte)
    OledStartUp                              0x080031ed   Thumb Code   252  oled.o(i.OledStartUp)
    PIDCalc                                  0x080032f5   Thumb Code   348  pid.o(i.PIDCalc)
    PIDInit                                  0x08003459   Thumb Code    42  pid.o(i.PIDInit)
    PWMArm                                   0x08003489   Thumb Code     8  pwm.o(i.PWMArm)
    PWMDisarm                                0x08003495   Thumb Code    30  pwm.o(i.PWMDisarm)
    PWMInit                                  0x080034bd   Thumb Code   278  pwm.o(i.PWMInit)
    PWMIsArmed                               0x080035e5   Thumb Code     6  pwm.o(i.PWMIsArmed)
    PWMSet                                   0x080035f1   Thumb Code    38  pwm.o(i.PWMSet)
    PWMSetAux                                0x08003625   Thumb Code    34  pwm.o(i.PWMSetAux)
    PageInit_controller                      0x08003651   Thumb Code   660  controllerpage.o(i.PageInit_controller)
    PageInit_falcon                          0x08003a79   Thumb Code   338  falconpage.o(i.PageInit_falcon)
    PageInit_main                            0x08003cc1   Thumb Code   162  mainpage.o(i.PageInit_main)
    PageUpdate_controller                    0x08003dd1   Thumb Code    62  controllerpage.o(i.PageUpdate_controller)
    PageUpdate_falcon                        0x08003e15   Thumb Code    46  falconpage.o(i.PageUpdate_falcon)
    PageUpdate_main                          0x08003e49   Thumb Code   430  mainpage.o(i.PageUpdate_main)
    PagesChangeTo                            0x0800402d   Thumb Code    76  pages.o(i.PagesChangeTo)
    PagesDrawHeader                          0x0800407d   Thumb Code   110  pages.o(i.PagesDrawHeader)
    PagesDrawStatusBar                       0x080040f5   Thumb Code     2  pages.o(i.PagesDrawStatusBar)
    PagesInit                                0x080040f9   Thumb Code   124  pages.o(i.PagesInit)
    PagesNext                                0x080041ad   Thumb Code    60  pages.o(i.PagesNext)
    PagesUpdate                              0x080041f1   Thumb Code   266  pages.o(i.PagesUpdate)
    ParamGetFromName                         0x0800432d   Thumb Code   112  parameter.o(i.ParamGetFromName)
    ParamRead                                0x080043a5   Thumb Code   120  parameter.o(i.ParamRead)
    ParamReset                               0x08004429   Thumb Code    96  parameter.o(i.ParamReset)
    ParamSet                                 0x08004499   Thumb Code   240  parameter.o(i.ParamSet)
    ParamShow                                0x08004591   Thumb Code   150  parameter.o(i.ParamShow)
    ParamWrite                               0x08004661   Thumb Code    16  parameter.o(i.ParamWrite)
    PendSV_Handler                           0x08004675   Thumb Code     2  stm32f4xx_it.o(i.PendSV_Handler)
    RCC_AHB1PeriphClockCmd                   0x08004679   Thumb Code    26  stm32f4xx_rcc.o(i.RCC_AHB1PeriphClockCmd)
    RCC_AHB3PeriphClockCmd                   0x08004699   Thumb Code    26  stm32f4xx_rcc.o(i.RCC_AHB3PeriphClockCmd)
    RCC_APB1PeriphClockCmd                   0x080046b9   Thumb Code    26  stm32f4xx_rcc.o(i.RCC_APB1PeriphClockCmd)
    RCC_APB2PeriphClockCmd                   0x080046d9   Thumb Code    26  stm32f4xx_rcc.o(i.RCC_APB2PeriphClockCmd)
    RCC_APB2PeriphResetCmd                   0x080046f9   Thumb Code    26  stm32f4xx_rcc.o(i.RCC_APB2PeriphResetCmd)
    RCC_GetClocksFreq                        0x08004719   Thumb Code   214  stm32f4xx_rcc.o(i.RCC_GetClocksFreq)
    SPI_Cmd                                  0x08004801   Thumb Code    24  stm32f4xx_spi.o(i.SPI_Cmd)
    SPI_I2S_DMACmd                           0x08004819   Thumb Code    18  stm32f4xx_spi.o(i.SPI_I2S_DMACmd)
    SPI_I2S_GetFlagStatus                    0x0800482b   Thumb Code    18  stm32f4xx_spi.o(i.SPI_I2S_GetFlagStatus)
    SPI_I2S_ReceiveData                      0x0800483d   Thumb Code     6  stm32f4xx_spi.o(i.SPI_I2S_ReceiveData)
    SPI_I2S_SendData                         0x08004843   Thumb Code     4  stm32f4xx_spi.o(i.SPI_I2S_SendData)
    SPI_Init                                 0x08004847   Thumb Code    60  stm32f4xx_spi.o(i.SPI_Init)
    SVC_Handler                              0x08004883   Thumb Code     2  stm32f4xx_it.o(i.SVC_Handler)
    SYSCFG_EXTILineConfig                    0x08004885   Thumb Code    60  stm32f4xx_syscfg.o(i.SYSCFG_EXTILineConfig)
    SamplingCheckEnabled                     0x080048c5   Thumb Code    44  sampling.o(i.SamplingCheckEnabled)
    SamplingFastUpdate                       0x080048fd   Thumb Code    20  sampling.o(i.SamplingFastUpdate)
    SamplingInit                             0x08004915   Thumb Code   700  sampling.o(i.SamplingInit)
    SamplingIntUpdate                        0x08004c35   Thumb Code    66  sampling.o(i.SamplingIntUpdate)
    SamplingSetClockSource                   0x08004c81   Thumb Code   116  sampling.o(i.SamplingSetClockSource)
    SamplingSlowUpdate                       0x08004d11   Thumb Code    20  sampling.o(i.SamplingSlowUpdate)
    SysTick_CLKSourceConfig                  0x08004e15   Thumb Code    40  misc.o(i.SysTick_CLKSourceConfig)
    SysTick_Handler                          0x08004e3d   Thumb Code     2  stm32f4xx_it.o(i.SysTick_Handler)
    SystemInit                               0x08004e41   Thumb Code    88  system_stm32f4xx.o(i.SystemInit)
    TIM1_BRK_TIM9_IRQHandler                 0x08004fcd   Thumb Code   212  sampling.o(i.TIM1_BRK_TIM9_IRQHandler)
    TIM7_IRQHandler                          0x080050c5   Thumb Code    80  main.o(i.TIM7_IRQHandler)
    TIM8_UP_TIM13_IRQHandler                 0x08005121   Thumb Code    50  sampling.o(i.TIM8_UP_TIM13_IRQHandler)
    TIM_ARRPreloadConfig                     0x08005161   Thumb Code    24  stm32f4xx_tim.o(i.TIM_ARRPreloadConfig)
    TIM_ClearITPendingBit                    0x08005179   Thumb Code     6  stm32f4xx_tim.o(i.TIM_ClearITPendingBit)
    TIM_Cmd                                  0x0800517f   Thumb Code    24  stm32f4xx_tim.o(i.TIM_Cmd)
    TIM_CtrlPWMOutputs                       0x08005197   Thumb Code    30  stm32f4xx_tim.o(i.TIM_CtrlPWMOutputs)
    TIM_GetCapture1                          0x080051b5   Thumb Code     6  stm32f4xx_tim.o(i.TIM_GetCapture1)
    TIM_GetITStatus                          0x080051bb   Thumb Code    34  stm32f4xx_tim.o(i.TIM_GetITStatus)
    TIM_ICInit                               0x080051dd   Thumb Code   110  stm32f4xx_tim.o(i.TIM_ICInit)
    TIM_ITConfig                             0x0800524b   Thumb Code    18  stm32f4xx_tim.o(i.TIM_ITConfig)
    TIM_OC1Init                              0x0800525d   Thumb Code   114  stm32f4xx_tim.o(i.TIM_OC1Init)
    TIM_OC1PreloadConfig                     0x080052d9   Thumb Code    18  stm32f4xx_tim.o(i.TIM_OC1PreloadConfig)
    TIM_OC2Init                              0x080052ed   Thumb Code   154  stm32f4xx_tim.o(i.TIM_OC2Init)
    TIM_OC2PreloadConfig                     0x08005391   Thumb Code    26  stm32f4xx_tim.o(i.TIM_OC2PreloadConfig)
    TIM_OC3Init                              0x080053ad   Thumb Code   150  stm32f4xx_tim.o(i.TIM_OC3Init)
    TIM_OC3PreloadConfig                     0x0800544d   Thumb Code    18  stm32f4xx_tim.o(i.TIM_OC3PreloadConfig)
    TIM_OC4Init                              0x08005461   Thumb Code   112  stm32f4xx_tim.o(i.TIM_OC4Init)
    TIM_OC4PreloadConfig                     0x080054d9   Thumb Code    26  stm32f4xx_tim.o(i.TIM_OC4PreloadConfig)
    TIM_SetCompare1                          0x080054f3   Thumb Code     4  stm32f4xx_tim.o(i.TIM_SetCompare1)
    TIM_SetCompare2                          0x080054f7   Thumb Code     4  stm32f4xx_tim.o(i.TIM_SetCompare2)
    TIM_SetCompare3                          0x080054fb   Thumb Code     4  stm32f4xx_tim.o(i.TIM_SetCompare3)
    TIM_SetCompare4                          0x080054ff   Thumb Code     4  stm32f4xx_tim.o(i.TIM_SetCompare4)
    TIM_SetIC1Prescaler                      0x08005503   Thumb Code    18  stm32f4xx_tim.o(i.TIM_SetIC1Prescaler)
    TIM_SetIC2Prescaler                      0x08005515   Thumb Code    26  stm32f4xx_tim.o(i.TIM_SetIC2Prescaler)
    TIM_SetIC3Prescaler                      0x0800552f   Thumb Code    18  stm32f4xx_tim.o(i.TIM_SetIC3Prescaler)
    TIM_SetIC4Prescaler                      0x08005541   Thumb Code    26  stm32f4xx_tim.o(i.TIM_SetIC4Prescaler)
    TIM_TimeBaseInit                         0x0800555d   Thumb Code   104  stm32f4xx_tim.o(i.TIM_TimeBaseInit)
    USART1_IRQHandler                        0x080055e1   Thumb Code   124  usart.o(i.USART1_IRQHandler)
    USART_ClearFlag                          0x08005669   Thumb Code    18  stm32f4xx_usart.o(i.USART_ClearFlag)
    USART_ClearITPendingBit                  0x0800567b   Thumb Code    30  stm32f4xx_usart.o(i.USART_ClearITPendingBit)
    USART_Cmd                                0x08005699   Thumb Code    24  stm32f4xx_usart.o(i.USART_Cmd)
    USART_DMACmd                             0x080056b1   Thumb Code    18  stm32f4xx_usart.o(i.USART_DMACmd)
    USART_GetITStatus                        0x080056c3   Thumb Code    84  stm32f4xx_usart.o(i.USART_GetITStatus)
    USART_ITConfig                           0x08005717   Thumb Code    74  stm32f4xx_usart.o(i.USART_ITConfig)
    USART_Init                               0x08005761   Thumb Code   204  stm32f4xx_usart.o(i.USART_Init)
    USART_ReceiveData                        0x08005835   Thumb Code    10  stm32f4xx_usart.o(i.USART_ReceiveData)
    UsageFault_Handler                       0x0800583f   Thumb Code     4  stm32f4xx_it.o(i.UsageFault_Handler)
    WheelGetValue                            0x08005845   Thumb Code     6  keyboard.o(i.WheelGetValue)
    WheelUpdate                              0x08005851   Thumb Code    30  keyboard.o(i.WheelUpdate)
    __ARM_fpclassify                         0x08005879   Thumb Code    48  fpclassify.o(i.__ARM_fpclassify)
    __ARM_fpclassifyf                        0x080058a9   Thumb Code    38  fpclassifyf.o(i.__ARM_fpclassifyf)
    __hardfp_asinf                           0x080058d1   Thumb Code   258  asinf.o(i.__hardfp_asinf)
    __hardfp_atan2f                          0x080059fd   Thumb Code   502  atan2f.o(i.__hardfp_atan2f)
    __hardfp_roundf                          0x08005c4d   Thumb Code   154  roundf.o(i.__hardfp_roundf)
    __mathlib_flt_infnan                     0x08005ce7   Thumb Code     6  funder.o(i.__mathlib_flt_infnan)
    __mathlib_flt_infnan2                    0x08005ced   Thumb Code     6  funder.o(i.__mathlib_flt_infnan2)
    __mathlib_flt_invalid                    0x08005cf5   Thumb Code    10  funder.o(i.__mathlib_flt_invalid)
    __mathlib_flt_underflow                  0x08005d05   Thumb Code    10  funder.o(i.__mathlib_flt_underflow)
    _sys_exit                                0x08005d15   Thumb Code     4  usart.o(i._sys_exit)
    control_update_main                      0x08005d19   Thumb Code   684  controllerpage.o(i.control_update_main)
    control_update_tune                      0x08006015   Thumb Code   460  controllerpage.o(i.control_update_tune)
    controlpage_fastUpdate                   0x0800620d   Thumb Code   658  controllerpage.o(i.controlpage_fastUpdate)
    controlpage_getPhi                       0x080064c5   Thumb Code   124  controllerpage.o(i.controlpage_getPhi)
    controlpage_getRawAngle                  0x0800654d   Thumb Code   130  controllerpage.o(i.controlpage_getRawAngle)
    controlpage_initController               0x080065dd   Thumb Code    78  controllerpage.o(i.controlpage_initController)
    controlpage_intReset                     0x08006635   Thumb Code     2  controllerpage.o(i.controlpage_intReset)
    controlpage_intUpdate                    0x08006639   Thumb Code   274  controllerpage.o(i.controlpage_intUpdate)
    controlpage_setPhiCalc                   0x08006755   Thumb Code   140  controllerpage.o(i.controlpage_setPhiCalc)
    controlpage_showData                     0x080067e5   Thumb Code   830  controllerpage.o(i.controlpage_showData)
    delay_init                               0x08006b3d   Thumb Code    52  delay.o(i.delay_init)
    delay_ms                                 0x08006b79   Thumb Code    56  delay.o(i.delay_ms)
    delay_xms                                0x08006bb1   Thumb Code    72  delay.o(i.delay_xms)
    falcon_update_cali                       0x08006bfd   Thumb Code  1478  falconpage.o(i.falcon_update_cali)
    falcon_update_main                       0x080071d5   Thumb Code   700  falconpage.o(i.falcon_update_main)
    falconpage_fastUpdate                    0x080074ed   Thumb Code    54  falconpage.o(i.falconpage_fastUpdate)
    falconpage_getPhi                        0x0800752d   Thumb Code   122  falconpage.o(i.falconpage_getPhi)
    falconpage_getRawAngle                   0x080075b5   Thumb Code   122  falconpage.o(i.falconpage_getRawAngle)
    falconpage_intReset                      0x0800763d   Thumb Code    20  falconpage.o(i.falconpage_intReset)
    falconpage_intUpdate                     0x08007659   Thumb Code   226  falconpage.o(i.falconpage_intUpdate)
    falconpage_setPhiCalc                    0x08007749   Thumb Code   132  falconpage.o(i.falconpage_setPhiCalc)
    falconpage_showData                      0x080077d1   Thumb Code   666  falconpage.o(i.falconpage_showData)
    fputc                                    0x08007a99   Thumb Code    22  usart.o(i.fputc)
    ledSetOut                                0x08007ab5   Thumb Code    52  led.o(i.ledSetOut)
    main                                     0x08007b05   Thumb Code   302  main.o(i.main)
    mainpage_fastUpdate                      0x08007c85   Thumb Code    90  mainpage.o(i.mainpage_fastUpdate)
    mainpage_intUpdate                       0x08007ce9   Thumb Code    52  mainpage.o(i.mainpage_intUpdate)
    mainpage_showData                        0x08007d29   Thumb Code   234  mainpage.o(i.mainpage_showData)
    oledSelectRect                           0x08007e2d   Thumb Code    58  oled.o(i.oledSelectRect)
    paramReadBinary                          0x08007e6d   Thumb Code    40  parameter.o(i.paramReadBinary)
    paramReadFixed                           0x08007e95   Thumb Code    38  parameter.o(i.paramReadFixed)
    sqrtf                                    0x08007ebb   Thumb Code    62  sqrtf.o(i.sqrtf)
    uart_init                                0x08007ef9   Thumb Code   174  usart.o(i.uart_init)
    _get_lc_numeric                          0x08007fb1   Thumb Code    44  lc_numeric_c.o(locale$$code)
    __aeabi_d2f                              0x08007fdd   Thumb Code     0  d2f.o(x$fpl$d2f)
    _d2f                                     0x08007fdd   Thumb Code    98  d2f.o(x$fpl$d2f)
    __aeabi_ddiv                             0x08008041   Thumb Code     0  ddiv.o(x$fpl$ddiv)
    _ddiv                                    0x08008041   Thumb Code   552  ddiv.o(x$fpl$ddiv)
    __aeabi_i2d                              0x080082f1   Thumb Code     0  dflt_clz.o(x$fpl$dflt)
    _dflt                                    0x080082f1   Thumb Code    46  dflt_clz.o(x$fpl$dflt)
    __aeabi_ui2d                             0x0800831f   Thumb Code     0  dflt_clz.o(x$fpl$dfltu)
    _dfltu                                   0x0800831f   Thumb Code    38  dflt_clz.o(x$fpl$dfltu)
    __fpl_dnaninf                            0x08008345   Thumb Code   156  dnaninf.o(x$fpl$dnaninf)
    __fpl_dretinf                            0x080083e1   Thumb Code    12  dretinf.o(x$fpl$dretinf)
    __aeabi_f2d                              0x080083ed   Thumb Code     0  f2d.o(x$fpl$f2d)
    _f2d                                     0x080083ed   Thumb Code    86  f2d.o(x$fpl$f2d)
    __fpl_fnaninf                            0x08008443   Thumb Code   140  fnaninf.o(x$fpl$fnaninf)
    _fp_init                                 0x080084cf   Thumb Code    10  fpinit.o(x$fpl$fpinit)
    __fplib_config_fpu_vfp                   0x080084d7   Thumb Code     0  fpinit.o(x$fpl$fpinit)
    __fplib_config_pureend_doubles           0x080084d7   Thumb Code     0  fpinit.o(x$fpl$fpinit)
    __fpl_fretinf                            0x080084d9   Thumb Code    10  fretinf.o(x$fpl$fretinf)
    _frnd                                    0x080084e5   Thumb Code    96  frnd.o(x$fpl$frnd)
    _printf_fp_dec                           0x08008545   Thumb Code     4  printf1.o(x$fpl$printf1)
    __I$use$fp                               0x08008548   Number         0  usenofp.o(x$fpl$usenofp)
    gImage_logo                              0x08008548   Data        2048  main.o(.constdata)
    DataLen                                  0x08008d48   Data           4  sblinkutility.o(.constdata)
    F6x8                                     0x08008d4c   Data         570  oled.o(.constdata)
    F6x8g                                    0x08008f86   Data        2280  oled.o(.constdata)
    F6x8gf                                   0x0800986e   Data        2280  oled.o(.constdata)
    parameterList                            0x0800a158   Data         640  parameterlist.o(.constdata)
    Region$$Table$$Base                      0x0800a46c   Number         0  anon$$obj.o(Region$$Table)
    Region$$Table$$Limit                     0x0800a48c   Number         0  anon$$obj.o(Region$$Table)
    cpucnt                                   0x20000000   Data           2  main.o(.data)
    currpage                                 0x20000002   Data           1  main.o(.data)
    _led_state                               0x20000013   Data           1  led.o(.data)
    _led_r                                   0x20000014   Data           1  led.o(.data)
    _led_g                                   0x20000015   Data           1  led.o(.data)
    _led_b                                   0x20000016   Data           1  led.o(.data)
    led_phase                                0x20000017   Data           1  led.o(.data)
    _pwm_armed                               0x20000018   Data           1  pwm.o(.data)
    linkSeq                                  0x20000019   Data           1  sblink.o(.data)
    recBuffLen                               0x2000001a   Data           2  sblink.o(.data)
    currBuff                                 0x2000001c   Data           1  sblink.o(.data)
    recState                                 0x2000001d   Data           1  sblink.o(.data)
    sblinkReady                              0x2000001e   Data           1  sblink.o(.data)
    recSum                                   0x2000001f   Data           1  sblink.o(.data)
    pkgLen                                   0x20000020   Data           1  sblink.o(.data)
    wheel_value                              0x20000024   Data           4  keyboard.o(.data)
    splcnt                                   0x20000028   Data           4  sampling.o(.data)
    splsum                                   0x2000002c   Data           4  sampling.o(.data)
    spllast                                  0x20000030   Data           4  sampling.o(.data)
    _freq_backup                             0x20000034   Data           4  sampling.o(.data)
    USART_RX_STA                             0x2000003c   Data           2  usart.o(.data)
    __stdout                                 0x20000040   Data           4  usart.o(.data)
    nextPage                                 0x20000044   Data           1  pages.o(.data)
    lastKey                                  0x20000045   Data           1  pages.o(.data)
    currKey                                  0x20000046   Data           1  pages.o(.data)
    lastWheelPush                            0x20000047   Data           1  pages.o(.data)
    currWheelPush                            0x20000048   Data           1  pages.o(.data)
    lastWheel                                0x2000004c   Data           4  pages.o(.data)
    currWheel                                0x20000050   Data           4  pages.o(.data)
    keyPress                                 0x20000054   Data           1  pages.o(.data)
    wheelPress                               0x20000055   Data           1  pages.o(.data)
    pwm_min                                  0x20000058   Data           4  mainpage.o(.data)
    pwm_max                                  0x2000005c   Data           4  mainpage.o(.data)
    pwm_disarmed                             0x20000060   Data           4  mainpage.o(.data)
    tick                                     0x20000064   Data          12  main.o(.bss)
    sys                                      0x20000070   Data         116  main.o(.bss)
    package                                  0x200000e4   Data         256  main.o(.bss)
    adraw                                    0x200001e4   Data          16  main.o(.bss)
    led_patterns                             0x200001f4   Data          12  led.o(.bss)
    led_backup                               0x20000200   Data          12  led.o(.bss)
    params                                   0x2000020c   Data         168  parameter.o(.bss)
    sendBuff                                 0x200002b4   Data         256  sblink.o(.bss)
    recBuff                                  0x200003b4   Data         512  sblink.o(.bss)
    oledBuff                                 0x200005b4   Data        8192  oled.o(.bss)
    splState                                 0x200025b4   Data          20  sampling.o(.bss)
    USART_RX_BUF                             0x200025c8   Data         200  usart.o(.bss)
    mainp                                    0x20002690   Data          12  mainpage.o(.bss)
    falconp                                  0x2000269c   Data          92  falconpage.o(.bss)
    controlp                                 0x200026f8   Data         360  controllerpage.o(.bss)
    __libspace_start                         0x20002860   Data          96  libspace.o(.bss)
    __temporary_stack_top$libspace           0x200028c0   Data           0  libspace.o(.bss)



==============================================================================

Memory Map of the image

  Image Entry point : 0x08000189

  Load Region LR_IROM1 (Base: 0x08000000, Size: 0x0000a50c, Max: 0x00100000, ABSOLUTE)

    Execution Region ER_IROM1 (Exec base: 0x08000000, Load base: 0x08000000, Size: 0x0000a4a8, Max: 0x00100000, ABSOLUTE)

    Exec Addr    Load Addr    Size         Type   Attr      Idx    E Section Name        Object

    0x08000000   0x08000000   0x00000188   Data   RO          347    RESET               startup_stm32f40_41xxx.o
    0x08000188   0x08000188   0x00000008   Code   RO         6824  * !!!main             c_w.l(__main.o)
    0x08000190   0x08000190   0x00000034   Code   RO         7131    !!!scatter          c_w.l(__scatter.o)
    0x080001c4   0x080001c4   0x0000001a   Code   RO         7133    !!handler_copy      c_w.l(__scatter_copy.o)
    0x080001de   0x080001de   0x00000002   PAD
    0x080001e0   0x080001e0   0x0000001c   Code   RO         7135    !!handler_zi        c_w.l(__scatter_zi.o)
    0x080001fc   0x080001fc   0x00000000   Code   RO         6815    .ARM.Collect$$_printf_percent$$00000000  c_w.l(_printf_percent.o)
    0x080001fc   0x080001fc   0x00000006   Code   RO         6814    .ARM.Collect$$_printf_percent$$00000003  c_w.l(_printf_f.o)
    0x08000202   0x08000202   0x00000006   Code   RO         6813    .ARM.Collect$$_printf_percent$$00000009  c_w.l(_printf_d.o)
    0x08000208   0x08000208   0x00000006   Code   RO         6812    .ARM.Collect$$_printf_percent$$00000014  c_w.l(_printf_s.o)
    0x0800020e   0x0800020e   0x00000004   Code   RO         6883    .ARM.Collect$$_printf_percent$$00000017  c_w.l(_printf_percent_end.o)
    0x08000212   0x08000212   0x00000002   Code   RO         7008    .ARM.Collect$$libinit$$00000000  c_w.l(libinit.o)
    0x08000214   0x08000214   0x00000004   Code   RO         7009    .ARM.Collect$$libinit$$00000001  c_w.l(libinit2.o)
    0x08000218   0x08000218   0x00000000   Code   RO         7012    .ARM.Collect$$libinit$$00000004  c_w.l(libinit2.o)
    0x08000218   0x08000218   0x00000000   Code   RO         7015    .ARM.Collect$$libinit$$0000000A  c_w.l(libinit2.o)
    0x08000218   0x08000218   0x00000000   Code   RO         7017    .ARM.Collect$$libinit$$0000000C  c_w.l(libinit2.o)
    0x08000218   0x08000218   0x00000000   Code   RO         7019    .ARM.Collect$$libinit$$0000000E  c_w.l(libinit2.o)
    0x08000218   0x08000218   0x00000006   Code   RO         7020    .ARM.Collect$$libinit$$0000000F  c_w.l(libinit2.o)
    0x0800021e   0x0800021e   0x00000000   Code   RO         7022    .ARM.Collect$$libinit$$00000011  c_w.l(libinit2.o)
    0x0800021e   0x0800021e   0x00000000   Code   RO         7024    .ARM.Collect$$libinit$$00000013  c_w.l(libinit2.o)
    0x0800021e   0x0800021e   0x00000000   Code   RO         7026    .ARM.Collect$$libinit$$00000015  c_w.l(libinit2.o)
    0x0800021e   0x0800021e   0x0000000a   Code   RO         7027    .ARM.Collect$$libinit$$00000016  c_w.l(libinit2.o)
    0x08000228   0x08000228   0x00000000   Code   RO         7028    .ARM.Collect$$libinit$$00000017  c_w.l(libinit2.o)
    0x08000228   0x08000228   0x00000000   Code   RO         7030    .ARM.Collect$$libinit$$00000019  c_w.l(libinit2.o)
    0x08000228   0x08000228   0x00000000   Code   RO         7032    .ARM.Collect$$libinit$$0000001B  c_w.l(libinit2.o)
    0x08000228   0x08000228   0x00000000   Code   RO         7034    .ARM.Collect$$libinit$$0000001D  c_w.l(libinit2.o)
    0x08000228   0x08000228   0x00000000   Code   RO         7036    .ARM.Collect$$libinit$$0000001F  c_w.l(libinit2.o)
    0x08000228   0x08000228   0x00000000   Code   RO         7038    .ARM.Collect$$libinit$$00000021  c_w.l(libinit2.o)
    0x08000228   0x08000228   0x00000000   Code   RO         7040    .ARM.Collect$$libinit$$00000023  c_w.l(libinit2.o)
    0x08000228   0x08000228   0x00000000   Code   RO         7042    .ARM.Collect$$libinit$$00000025  c_w.l(libinit2.o)
    0x08000228   0x08000228   0x00000000   Code   RO         7046    .ARM.Collect$$libinit$$0000002C  c_w.l(libinit2.o)
    0x08000228   0x08000228   0x00000000   Code   RO         7048    .ARM.Collect$$libinit$$0000002E  c_w.l(libinit2.o)
    0x08000228   0x08000228   0x00000000   Code   RO         7050    .ARM.Collect$$libinit$$00000030  c_w.l(libinit2.o)
    0x08000228   0x08000228   0x00000000   Code   RO         7052    .ARM.Collect$$libinit$$00000032  c_w.l(libinit2.o)
    0x08000228   0x08000228   0x00000002   Code   RO         7053    .ARM.Collect$$libinit$$00000033  c_w.l(libinit2.o)
    0x0800022a   0x0800022a   0x00000002   Code   RO         7081    .ARM.Collect$$libshutdown$$00000000  c_w.l(libshutdown.o)
    0x0800022c   0x0800022c   0x00000000   Code   RO         7090    .ARM.Collect$$libshutdown$$00000002  c_w.l(libshutdown2.o)
    0x0800022c   0x0800022c   0x00000000   Code   RO         7092    .ARM.Collect$$libshutdown$$00000004  c_w.l(libshutdown2.o)
    0x0800022c   0x0800022c   0x00000000   Code   RO         7095    .ARM.Collect$$libshutdown$$00000007  c_w.l(libshutdown2.o)
    0x0800022c   0x0800022c   0x00000000   Code   RO         7098    .ARM.Collect$$libshutdown$$0000000A  c_w.l(libshutdown2.o)
    0x0800022c   0x0800022c   0x00000000   Code   RO         7100    .ARM.Collect$$libshutdown$$0000000C  c_w.l(libshutdown2.o)
    0x0800022c   0x0800022c   0x00000000   Code   RO         7103    .ARM.Collect$$libshutdown$$0000000F  c_w.l(libshutdown2.o)
    0x0800022c   0x0800022c   0x00000002   Code   RO         7104    .ARM.Collect$$libshutdown$$00000010  c_w.l(libshutdown2.o)
    0x0800022e   0x0800022e   0x00000000   Code   RO         6872    .ARM.Collect$$rtentry$$00000000  c_w.l(__rtentry.o)
    0x0800022e   0x0800022e   0x00000000   Code   RO         6928    .ARM.Collect$$rtentry$$00000002  c_w.l(__rtentry2.o)
    0x0800022e   0x0800022e   0x00000006   Code   RO         6940    .ARM.Collect$$rtentry$$00000004  c_w.l(__rtentry4.o)
    0x08000234   0x08000234   0x00000000   Code   RO         6930    .ARM.Collect$$rtentry$$00000009  c_w.l(__rtentry2.o)
    0x08000234   0x08000234   0x00000004   Code   RO         6931    .ARM.Collect$$rtentry$$0000000A  c_w.l(__rtentry2.o)
    0x08000238   0x08000238   0x00000000   Code   RO         6933    .ARM.Collect$$rtentry$$0000000C  c_w.l(__rtentry2.o)
    0x08000238   0x08000238   0x00000008   Code   RO         6934    .ARM.Collect$$rtentry$$0000000D  c_w.l(__rtentry2.o)
    0x08000240   0x08000240   0x00000002   Code   RO         7054    .ARM.Collect$$rtexit$$00000000  c_w.l(rtexit.o)
    0x08000242   0x08000242   0x00000000   Code   RO         7061    .ARM.Collect$$rtexit$$00000002  c_w.l(rtexit2.o)
    0x08000242   0x08000242   0x00000004   Code   RO         7062    .ARM.Collect$$rtexit$$00000003  c_w.l(rtexit2.o)
    0x08000246   0x08000246   0x00000006   Code   RO         7063    .ARM.Collect$$rtexit$$00000004  c_w.l(rtexit2.o)
    0x0800024c   0x0800024c   0x00000040   Code   RO          348    .text               startup_stm32f40_41xxx.o
    0x0800028c   0x0800028c   0x00000002   Code   RO         6780    .text               c_w.l(use_no_semi_2.o)
    0x0800028e   0x0800028e   0x00000002   PAD
    0x08000290   0x08000290   0x00000018   Code   RO         6784    .text               c_w.l(noretval__2printf.o)
    0x080002a8   0x080002a8   0x00000068   Code   RO         6786    .text               c_w.l(__printf.o)
    0x08000310   0x08000310   0x00000052   Code   RO         6788    .text               c_w.l(_printf_str.o)
    0x08000362   0x08000362   0x00000002   PAD
    0x08000364   0x08000364   0x00000078   Code   RO         6790    .text               c_w.l(_printf_dec.o)
    0x080003dc   0x080003dc   0x0000008a   Code   RO         6816    .text               c_w.l(rt_memcpy_v6.o)
    0x08000466   0x08000466   0x00000044   Code   RO         6818    .text               c_w.l(rt_memclr.o)
    0x080004aa   0x080004aa   0x00000002   PAD
    0x080004ac   0x080004ac   0x00000080   Code   RO         6820    .text               c_w.l(strcmpv7m.o)
    0x0800052c   0x0800052c   0x00000006   Code   RO         6822    .text               c_w.l(heapauxi.o)
    0x08000532   0x08000532   0x00000002   Code   RO         6870    .text               c_w.l(use_no_semi.o)
    0x08000534   0x08000534   0x00000016   Code   RO         6873    .text               c_w.l(_rserrno.o)
    0x0800054a   0x0800054a   0x000000b2   Code   RO         6875    .text               c_w.l(_printf_intcommon.o)
    0x080005fc   0x080005fc   0x0000041e   Code   RO         6877    .text               c_w.l(_printf_fp_dec.o)
    0x08000a1a   0x08000a1a   0x0000002c   Code   RO         6879    .text               c_w.l(_printf_char.o)
    0x08000a46   0x08000a46   0x00000002   PAD
    0x08000a48   0x08000a48   0x00000024   Code   RO         6881    .text               c_w.l(_printf_char_file.o)
    0x08000a6c   0x08000a6c   0x00000064   Code   RO         6884    .text               c_w.l(rt_memcpy_w.o)
    0x08000ad0   0x08000ad0   0x0000004e   Code   RO         6886    .text               c_w.l(rt_memclr_w.o)
    0x08000b1e   0x08000b1e   0x00000002   PAD
    0x08000b20   0x08000b20   0x00000008   Code   RO         6945    .text               c_w.l(rt_locale_intlibspace.o)
    0x08000b28   0x08000b28   0x00000008   Code   RO         6950    .text               c_w.l(rt_errno_addr_intlibspace.o)
    0x08000b30   0x08000b30   0x0000008a   Code   RO         6952    .text               c_w.l(lludiv10.o)
    0x08000bba   0x08000bba   0x00000002   PAD
    0x08000bbc   0x08000bbc   0x00000030   Code   RO         6954    .text               c_w.l(_printf_char_common.o)
    0x08000bec   0x08000bec   0x00000080   Code   RO         6956    .text               c_w.l(_printf_fp_infnan.o)
    0x08000c6c   0x08000c6c   0x000000e4   Code   RO         6958    .text               c_w.l(bigflt0.o)
    0x08000d50   0x08000d50   0x00000008   Code   RO         6983    .text               c_w.l(ferror.o)
    0x08000d58   0x08000d58   0x00000008   Code   RO         6994    .text               c_w.l(libspace.o)
    0x08000d60   0x08000d60   0x0000004a   Code   RO         6997    .text               c_w.l(sys_stackheap_outer.o)
    0x08000daa   0x08000daa   0x00000012   Code   RO         7001    .text               c_w.l(exit.o)
    0x08000dbc   0x08000dbc   0x0000003e   Code   RO         6961    CL$$btod_d2e        c_w.l(btod.o)
    0x08000dfa   0x08000dfa   0x00000046   Code   RO         6963    CL$$btod_d2e_denorm_low  c_w.l(btod.o)
    0x08000e40   0x08000e40   0x00000060   Code   RO         6962    CL$$btod_d2e_norm_op1  c_w.l(btod.o)
    0x08000ea0   0x08000ea0   0x00000338   Code   RO         6971    CL$$btod_div_common  c_w.l(btod.o)
    0x080011d8   0x080011d8   0x000000dc   Code   RO         6968    CL$$btod_e2e        c_w.l(btod.o)
    0x080012b4   0x080012b4   0x0000002a   Code   RO         6965    CL$$btod_ediv       c_w.l(btod.o)
    0x080012de   0x080012de   0x0000002a   Code   RO         6964    CL$$btod_emul       c_w.l(btod.o)
    0x08001308   0x08001308   0x00000244   Code   RO         6970    CL$$btod_mult_common  c_w.l(btod.o)
    0x0800154c   0x0800154c   0x000002cc   Code   RO         5742    i.AD7606FSMCInit    ad7606fsmc.o
    0x08001818   0x08001818   0x000000a4   Code   RO         5743    i.AD7606FSMCRead    ad7606fsmc.o
    0x080018bc   0x080018bc   0x00000028   Code   RO         5744    i.AD7606FSMCReset   ad7606fsmc.o
    0x080018e4   0x080018e4   0x00000190   Code   RO            4    i.AnalyzePkg        main.o
    0x08001a74   0x08001a74   0x00000028   Code   RO         6333    i.AngleSub          mathhelper.o
    0x08001a9c   0x08001a9c   0x00000004   Code   RO          232    i.BusFault_Handler  stm32f4xx_it.o
    0x08001aa0   0x08001aa0   0x0000002a   Code   RO         6334    i.Clampf            mathhelper.o
    0x08001aca   0x08001aca   0x00000002   PAD
    0x08001acc   0x08001acc   0x0000005c   Code   RO         6184    i.DACInit           dac.o
    0x08001b28   0x08001b28   0x00000032   Code   RO         6185    i.DACSet            dac.o
    0x08001b5a   0x08001b5a   0x00000002   PAD
    0x08001b5c   0x08001b5c   0x00000028   Code   RO         1159    i.DAC_Cmd           stm32f4xx_dac.o
    0x08001b84   0x08001b84   0x00000034   Code   RO         1167    i.DAC_Init          stm32f4xx_dac.o
    0x08001bb8   0x08001bb8   0x00000020   Code   RO         1168    i.DAC_SetChannel1Data  stm32f4xx_dac.o
    0x08001bd8   0x08001bd8   0x00000038   Code   RO         5617    i.DMA1_Stream6_IRQHandler  sblink.o
    0x08001c10   0x08001c10   0x00000038   Code   RO         5824    i.DMA2_Stream5_IRQHandler  oled.o
    0x08001c48   0x08001c48   0x00000034   Code   RO         1454    i.DMA_ClearFlag     stm32f4xx_dma.o
    0x08001c7c   0x08001c7c   0x00000016   Code   RO         1456    i.DMA_Cmd           stm32f4xx_dma.o
    0x08001c92   0x08001c92   0x00000002   PAD
    0x08001c94   0x08001c94   0x00000158   Code   RO         1457    i.DMA_DeInit        stm32f4xx_dma.o
    0x08001dec   0x08001dec   0x00000014   Code   RO         1461    i.DMA_GetCmdStatus  stm32f4xx_dma.o
    0x08001e00   0x08001e00   0x00000008   Code   RO         1462    i.DMA_GetCurrDataCounter  stm32f4xx_dma.o
    0x08001e08   0x08001e08   0x00000044   Code   RO         1465    i.DMA_GetFlagStatus  stm32f4xx_dma.o
    0x08001e4c   0x08001e4c   0x0000003a   Code   RO         1467    i.DMA_ITConfig      stm32f4xx_dma.o
    0x08001e86   0x08001e86   0x00000002   PAD
    0x08001e88   0x08001e88   0x00000058   Code   RO         1468    i.DMA_Init          stm32f4xx_dma.o
    0x08001ee0   0x08001ee0   0x00000004   Code   RO         1471    i.DMA_SetCurrDataCounter  stm32f4xx_dma.o
    0x08001ee4   0x08001ee4   0x00000002   Code   RO          233    i.DebugMon_Handler  stm32f4xx_it.o
    0x08001ee6   0x08001ee6   0x00000002   PAD
    0x08001ee8   0x08001ee8   0x00000024   Code   RO         5784    i.EXTI0_IRQHandler  extin.o
    0x08001f0c   0x08001f0c   0x00000028   Code   RO            5    i.EXTI15_10_IRQHandler  main.o
    0x08001f34   0x08001f34   0x00000024   Code   RO         5785    i.EXTI1_IRQHandler  extin.o
    0x08001f58   0x08001f58   0x00000016   Code   RO         6083    i.EXTI9_5_IRQHandler  sampling.o
    0x08001f6e   0x08001f6e   0x00000002   PAD
    0x08001f70   0x08001f70   0x0000000c   Code   RO         1743    i.EXTI_ClearITPendingBit  stm32f4xx_exti.o
    0x08001f7c   0x08001f7c   0x00000018   Code   RO         1747    i.EXTI_GetITStatus  stm32f4xx_exti.o
    0x08001f94   0x08001f94   0x00000094   Code   RO         1748    i.EXTI_Init         stm32f4xx_exti.o
    0x08002028   0x08002028   0x000000cc   Code   RO         6010    i.FRAMInit          mb85rs.o
    0x080020f4   0x080020f4   0x0000005c   Code   RO         6011    i.FRAMRead          mb85rs.o
    0x08002150   0x08002150   0x00000044   Code   RO         6012    i.FRAMReceiveByte   mb85rs.o
    0x08002194   0x08002194   0x0000003c   Code   RO         6013    i.FRAMSendByte      mb85rs.o
    0x080021d0   0x080021d0   0x00000084   Code   RO         6014    i.FRAMWrite         mb85rs.o
    0x08002254   0x08002254   0x00000034   Code   RO         2131    i.FSMC_NORSRAMCmd   stm32f4xx_fsmc.o
    0x08002288   0x08002288   0x00000124   Code   RO         2133    i.FSMC_NORSRAMInit  stm32f4xx_fsmc.o
    0x080023ac   0x080023ac   0x00000016   Code   RO         6408    i.FilterClear       filter.o
    0x080023c2   0x080023c2   0x0000000a   Code   RO         6409    i.FilterClearQueue  filter.o
    0x080023cc   0x080023cc   0x00000034   Code   RO         6410    i.FilterDequeue     filter.o
    0x08002400   0x08002400   0x00000030   Code   RO         6411    i.FilterEnqueue     filter.o
    0x08002430   0x08002430   0x00000152   Code   RO         6412    i.FilterProcess     filter.o
    0x08002582   0x08002582   0x00000002   PAD
    0x08002584   0x08002584   0x00000024   Code   RO         6413    i.FilterSeek        filter.o
    0x080025a8   0x080025a8   0x00000058   Code   RO         5959    i.GPGetData         keyboard.o
    0x08002600   0x08002600   0x00000090   Code   RO         2256    i.GPIO_Init         stm32f4xx_gpio.o
    0x08002690   0x08002690   0x00000046   Code   RO         2257    i.GPIO_PinAFConfig  stm32f4xx_gpio.o
    0x080026d6   0x080026d6   0x00000004   Code   RO          234    i.HardFault_Handler  stm32f4xx_it.o
    0x080026da   0x080026da   0x00000002   PAD
    0x080026dc   0x080026dc   0x00000010   Code   RO         5960    i.KeyGetState       keyboard.o
    0x080026ec   0x080026ec   0x000000e8   Code   RO         5961    i.KeyInit           keyboard.o
    0x080027d4   0x080027d4   0x00000018   Code   RO         5387    i.LEDFlip           led.o
    0x080027ec   0x080027ec   0x0000009c   Code   RO         5388    i.LEDInit           led.o
    0x08002888   0x08002888   0x00000028   Code   RO         5390    i.LEDSetPattern     led.o
    0x080028b0   0x080028b0   0x00000088   Code   RO         5392    i.LEDUpdate         led.o
    0x08002938   0x08002938   0x00000168   Code   RO         5618    i.LinkInit          sblink.o
    0x08002aa0   0x08002aa0   0x000000a8   Code   RO         5620    i.LinkSendData      sblink.o
    0x08002b48   0x08002b48   0x00000060   Code   RO         5703    i.MainClockInit     timer.o
    0x08002ba8   0x08002ba8   0x00000004   Code   RO          235    i.MemManage_Handler  stm32f4xx_it.o
    0x08002bac   0x08002bac   0x00000002   Code   RO          236    i.NMI_Handler       stm32f4xx_it.o
    0x08002bae   0x08002bae   0x00000002   PAD
    0x08002bb0   0x08002bb0   0x00000078   Code   RO          355    i.NVIC_Init         misc.o
    0x08002c28   0x08002c28   0x00000040   Code   RO         5825    i.OledClear         oled.o
    0x08002c68   0x08002c68   0x00000014   Code   RO         5826    i.OledClearBuff     oled.o
    0x08002c7c   0x08002c7c   0x00000020   Code   RO         5828    i.OledDispOn        oled.o
    0x08002c9c   0x08002c9c   0x00000118   Code   RO         5829    i.OledDrawBitmap    oled.o
    0x08002db4   0x08002db4   0x00000074   Code   RO         5830    i.OledDrawChar      oled.o
    0x08002e28   0x08002e28   0x000000dc   Code   RO         5831    i.OledDrawFixed     oled.o
    0x08002f04   0x08002f04   0x000000b2   Code   RO         5832    i.OledDrawInt       oled.o
    0x08002fb6   0x08002fb6   0x0000002e   Code   RO         5833    i.OledDrawString    oled.o
    0x08002fe4   0x08002fe4   0x00000198   Code   RO         5834    i.OledInit          oled.o
    0x0800317c   0x0800317c   0x00000044   Code   RO         5835    i.OledRefresh       oled.o
    0x080031c0   0x080031c0   0x0000002c   Code   RO         5836    i.OledSendByte      oled.o
    0x080031ec   0x080031ec   0x00000108   Code   RO         5840    i.OledStartUp       oled.o
    0x080032f4   0x080032f4   0x00000164   Code   RO         6372    i.PIDCalc           pid.o
    0x08003458   0x08003458   0x00000030   Code   RO         6373    i.PIDInit           pid.o
    0x08003488   0x08003488   0x0000000c   Code   RO         5548    i.PWMArm            pwm.o
    0x08003494   0x08003494   0x00000028   Code   RO         5549    i.PWMDisarm         pwm.o
    0x080034bc   0x080034bc   0x00000128   Code   RO         5550    i.PWMInit           pwm.o
    0x080035e4   0x080035e4   0x0000000c   Code   RO         5551    i.PWMIsArmed        pwm.o
    0x080035f0   0x080035f0   0x00000034   Code   RO         5552    i.PWMSet            pwm.o
    0x08003624   0x08003624   0x0000002c   Code   RO         5553    i.PWMSetAux         pwm.o
    0x08003650   0x08003650   0x00000428   Code   RO         6684    i.PageInit_controller  controllerpage.o
    0x08003a78   0x08003a78   0x00000248   Code   RO         6589    i.PageInit_falcon   falconpage.o
    0x08003cc0   0x08003cc0   0x00000110   Code   RO         6527    i.PageInit_main     mainpage.o
    0x08003dd0   0x08003dd0   0x00000044   Code   RO         6685    i.PageUpdate_controller  controllerpage.o
    0x08003e14   0x08003e14   0x00000034   Code   RO         6590    i.PageUpdate_falcon  falconpage.o
    0x08003e48   0x08003e48   0x000001e4   Code   RO         6528    i.PageUpdate_main   mainpage.o
    0x0800402c   0x0800402c   0x00000050   Code   RO         6462    i.PagesChangeTo     pages.o
    0x0800407c   0x0800407c   0x00000078   Code   RO         6463    i.PagesDrawHeader   pages.o
    0x080040f4   0x080040f4   0x00000002   Code   RO         6464    i.PagesDrawStatusBar  pages.o
    0x080040f6   0x080040f6   0x00000002   PAD
    0x080040f8   0x080040f8   0x000000b4   Code   RO         6465    i.PagesInit         pages.o
    0x080041ac   0x080041ac   0x00000044   Code   RO         6466    i.PagesNext         pages.o
    0x080041f0   0x080041f0   0x0000013c   Code   RO         6467    i.PagesUpdate       pages.o
    0x0800432c   0x0800432c   0x00000078   Code   RO         5456    i.ParamGetFromName  parameter.o
    0x080043a4   0x080043a4   0x00000084   Code   RO         5457    i.ParamRead         parameter.o
    0x08004428   0x08004428   0x00000070   Code   RO         5458    i.ParamReset        parameter.o
    0x08004498   0x08004498   0x000000f8   Code   RO         5459    i.ParamSet          parameter.o
    0x08004590   0x08004590   0x000000d0   Code   RO         5461    i.ParamShow         parameter.o
    0x08004660   0x08004660   0x00000014   Code   RO         5462    i.ParamWrite        parameter.o
    0x08004674   0x08004674   0x00000002   Code   RO          237    i.PendSV_Handler    stm32f4xx_it.o
    0x08004676   0x08004676   0x00000002   PAD
    0x08004678   0x08004678   0x00000020   Code   RO         3182    i.RCC_AHB1PeriphClockCmd  stm32f4xx_rcc.o
    0x08004698   0x08004698   0x00000020   Code   RO         3188    i.RCC_AHB3PeriphClockCmd  stm32f4xx_rcc.o
    0x080046b8   0x080046b8   0x00000020   Code   RO         3191    i.RCC_APB1PeriphClockCmd  stm32f4xx_rcc.o
    0x080046d8   0x080046d8   0x00000020   Code   RO         3194    i.RCC_APB2PeriphClockCmd  stm32f4xx_rcc.o
    0x080046f8   0x080046f8   0x00000020   Code   RO         3196    i.RCC_APB2PeriphResetCmd  stm32f4xx_rcc.o
    0x08004718   0x08004718   0x000000e8   Code   RO         3203    i.RCC_GetClocksFreq  stm32f4xx_rcc.o
    0x08004800   0x08004800   0x00000018   Code   RO         4340    i.SPI_Cmd           stm32f4xx_spi.o
    0x08004818   0x08004818   0x00000012   Code   RO         4346    i.SPI_I2S_DMACmd    stm32f4xx_spi.o
    0x0800482a   0x0800482a   0x00000012   Code   RO         4348    i.SPI_I2S_GetFlagStatus  stm32f4xx_spi.o
    0x0800483c   0x0800483c   0x00000006   Code   RO         4351    i.SPI_I2S_ReceiveData  stm32f4xx_spi.o
    0x08004842   0x08004842   0x00000004   Code   RO         4352    i.SPI_I2S_SendData  stm32f4xx_spi.o
    0x08004846   0x08004846   0x0000003c   Code   RO         4353    i.SPI_Init          stm32f4xx_spi.o
    0x08004882   0x08004882   0x00000002   Code   RO          238    i.SVC_Handler       stm32f4xx_it.o
    0x08004884   0x08004884   0x00000040   Code   RO         4505    i.SYSCFG_EXTILineConfig  stm32f4xx_syscfg.o
    0x080048c4   0x080048c4   0x00000038   Code   RO         6084    i.SamplingCheckEnabled  sampling.o
    0x080048fc   0x080048fc   0x00000018   Code   RO         6085    i.SamplingFastUpdate  sampling.o
    0x08004914   0x08004914   0x00000320   Code   RO         6086    i.SamplingInit      sampling.o
    0x08004c34   0x08004c34   0x0000004c   Code   RO         6087    i.SamplingIntUpdate  sampling.o
    0x08004c80   0x08004c80   0x00000090   Code   RO         6088    i.SamplingSetClockSource  sampling.o
    0x08004d10   0x08004d10   0x00000018   Code   RO         6092    i.SamplingSlowUpdate  sampling.o
    0x08004d28   0x08004d28   0x000000ec   Code   RO          307    i.SetSysClock       system_stm32f4xx.o
    0x08004e14   0x08004e14   0x00000028   Code   RO          359    i.SysTick_CLKSourceConfig  misc.o
    0x08004e3c   0x08004e3c   0x00000002   Code   RO          239    i.SysTick_Handler   stm32f4xx_it.o
    0x08004e3e   0x08004e3e   0x00000002   PAD
    0x08004e40   0x08004e40   0x00000068   Code   RO          309    i.SystemInit        system_stm32f4xx.o
    0x08004ea8   0x08004ea8   0x0000003a   Code   RO         4562    i.TI1_Config        stm32f4xx_tim.o
    0x08004ee2   0x08004ee2   0x00000050   Code   RO         4563    i.TI2_Config        stm32f4xx_tim.o
    0x08004f32   0x08004f32   0x00000048   Code   RO         4564    i.TI3_Config        stm32f4xx_tim.o
    0x08004f7a   0x08004f7a   0x00000050   Code   RO         4565    i.TI4_Config        stm32f4xx_tim.o
    0x08004fca   0x08004fca   0x00000002   PAD
    0x08004fcc   0x08004fcc   0x000000f8   Code   RO         6093    i.TIM1_BRK_TIM9_IRQHandler  sampling.o
    0x080050c4   0x080050c4   0x0000005c   Code   RO            6    i.TIM7_IRQHandler   main.o
    0x08005120   0x08005120   0x00000040   Code   RO         6094    i.TIM8_UP_TIM13_IRQHandler  sampling.o
    0x08005160   0x08005160   0x00000018   Code   RO         4566    i.TIM_ARRPreloadConfig  stm32f4xx_tim.o
    0x08005178   0x08005178   0x00000006   Code   RO         4573    i.TIM_ClearITPendingBit  stm32f4xx_tim.o
    0x0800517e   0x0800517e   0x00000018   Code   RO         4578    i.TIM_Cmd           stm32f4xx_tim.o
    0x08005196   0x08005196   0x0000001e   Code   RO         4580    i.TIM_CtrlPWMOutputs  stm32f4xx_tim.o
    0x080051b4   0x080051b4   0x00000006   Code   RO         4593    i.TIM_GetCapture1   stm32f4xx_tim.o
    0x080051ba   0x080051ba   0x00000022   Code   RO         4599    i.TIM_GetITStatus   stm32f4xx_tim.o
    0x080051dc   0x080051dc   0x0000006e   Code   RO         4601    i.TIM_ICInit        stm32f4xx_tim.o
    0x0800524a   0x0800524a   0x00000012   Code   RO         4603    i.TIM_ITConfig      stm32f4xx_tim.o
    0x0800525c   0x0800525c   0x0000007c   Code   RO         4607    i.TIM_OC1Init       stm32f4xx_tim.o
    0x080052d8   0x080052d8   0x00000012   Code   RO         4610    i.TIM_OC1PreloadConfig  stm32f4xx_tim.o
    0x080052ea   0x080052ea   0x00000002   PAD
    0x080052ec   0x080052ec   0x000000a4   Code   RO         4612    i.TIM_OC2Init       stm32f4xx_tim.o
    0x08005390   0x08005390   0x0000001a   Code   RO         4615    i.TIM_OC2PreloadConfig  stm32f4xx_tim.o
    0x080053aa   0x080053aa   0x00000002   PAD
    0x080053ac   0x080053ac   0x000000a0   Code   RO         4617    i.TIM_OC3Init       stm32f4xx_tim.o
    0x0800544c   0x0800544c   0x00000012   Code   RO         4620    i.TIM_OC3PreloadConfig  stm32f4xx_tim.o
    0x0800545e   0x0800545e   0x00000002   PAD
    0x08005460   0x08005460   0x00000078   Code   RO         4622    i.TIM_OC4Init       stm32f4xx_tim.o
    0x080054d8   0x080054d8   0x0000001a   Code   RO         4624    i.TIM_OC4PreloadConfig  stm32f4xx_tim.o
    0x080054f2   0x080054f2   0x00000004   Code   RO         4640    i.TIM_SetCompare1   stm32f4xx_tim.o
    0x080054f6   0x080054f6   0x00000004   Code   RO         4641    i.TIM_SetCompare2   stm32f4xx_tim.o
    0x080054fa   0x080054fa   0x00000004   Code   RO         4642    i.TIM_SetCompare3   stm32f4xx_tim.o
    0x080054fe   0x080054fe   0x00000004   Code   RO         4643    i.TIM_SetCompare4   stm32f4xx_tim.o
    0x08005502   0x08005502   0x00000012   Code   RO         4645    i.TIM_SetIC1Prescaler  stm32f4xx_tim.o
    0x08005514   0x08005514   0x0000001a   Code   RO         4646    i.TIM_SetIC2Prescaler  stm32f4xx_tim.o
    0x0800552e   0x0800552e   0x00000012   Code   RO         4647    i.TIM_SetIC3Prescaler  stm32f4xx_tim.o
    0x08005540   0x08005540   0x0000001a   Code   RO         4648    i.TIM_SetIC4Prescaler  stm32f4xx_tim.o
    0x0800555a   0x0800555a   0x00000002   PAD
    0x0800555c   0x0800555c   0x00000084   Code   RO         4650    i.TIM_TimeBaseInit  stm32f4xx_tim.o
    0x080055e0   0x080055e0   0x00000088   Code   RO         6280    i.USART1_IRQHandler  usart.o
    0x08005668   0x08005668   0x00000012   Code   RO         5128    i.USART_ClearFlag   stm32f4xx_usart.o
    0x0800567a   0x0800567a   0x0000001e   Code   RO         5129    i.USART_ClearITPendingBit  stm32f4xx_usart.o
    0x08005698   0x08005698   0x00000018   Code   RO         5132    i.USART_Cmd         stm32f4xx_usart.o
    0x080056b0   0x080056b0   0x00000012   Code   RO         5133    i.USART_DMACmd      stm32f4xx_usart.o
    0x080056c2   0x080056c2   0x00000054   Code   RO         5136    i.USART_GetITStatus  stm32f4xx_usart.o
    0x08005716   0x08005716   0x0000004a   Code   RO         5138    i.USART_ITConfig    stm32f4xx_usart.o
    0x08005760   0x08005760   0x000000d4   Code   RO         5139    i.USART_Init        stm32f4xx_usart.o
    0x08005834   0x08005834   0x0000000a   Code   RO         5146    i.USART_ReceiveData  stm32f4xx_usart.o
    0x0800583e   0x0800583e   0x00000004   Code   RO          240    i.UsageFault_Handler  stm32f4xx_it.o
    0x08005842   0x08005842   0x00000002   PAD
    0x08005844   0x08005844   0x0000000c   Code   RO         5962    i.WheelGetValue     keyboard.o
    0x08005850   0x08005850   0x00000028   Code   RO         5963    i.WheelUpdate       keyboard.o
    0x08005878   0x08005878   0x00000030   Code   RO         6992    i.__ARM_fpclassify  m_wm.l(fpclassify.o)
    0x080058a8   0x080058a8   0x00000026   Code   RO         6899    i.__ARM_fpclassifyf  m_wm.l(fpclassifyf.o)
    0x080058ce   0x080058ce   0x00000002   PAD
    0x080058d0   0x080058d0   0x0000012c   Code   RO         6842    i.__hardfp_asinf    m_wm.l(asinf.o)
    0x080059fc   0x080059fc   0x00000250   Code   RO         6854    i.__hardfp_atan2f   m_wm.l(atan2f.o)
    0x08005c4c   0x08005c4c   0x0000009a   Code   RO         6866    i.__hardfp_roundf   m_wm.l(roundf.o)
    0x08005ce6   0x08005ce6   0x00000006   Code   RO         6902    i.__mathlib_flt_infnan  m_wm.l(funder.o)
    0x08005cec   0x08005cec   0x00000006   Code   RO         6903    i.__mathlib_flt_infnan2  m_wm.l(funder.o)
    0x08005cf2   0x08005cf2   0x00000002   PAD
    0x08005cf4   0x08005cf4   0x00000010   Code   RO         6904    i.__mathlib_flt_invalid  m_wm.l(funder.o)
    0x08005d04   0x08005d04   0x00000010   Code   RO         6907    i.__mathlib_flt_underflow  m_wm.l(funder.o)
    0x08005d14   0x08005d14   0x00000004   Code   RO         6281    i._sys_exit         usart.o
    0x08005d18   0x08005d18   0x000002fc   Code   RO         6686    i.control_update_main  controllerpage.o
    0x08006014   0x08006014   0x000001f8   Code   RO         6687    i.control_update_tune  controllerpage.o
    0x0800620c   0x0800620c   0x000002b8   Code   RO         6688    i.controlpage_fastUpdate  controllerpage.o
    0x080064c4   0x080064c4   0x00000088   Code   RO         6689    i.controlpage_getPhi  controllerpage.o
    0x0800654c   0x0800654c   0x00000090   Code   RO         6690    i.controlpage_getRawAngle  controllerpage.o
    0x080065dc   0x080065dc   0x00000058   Code   RO         6691    i.controlpage_initController  controllerpage.o
    0x08006634   0x08006634   0x00000002   Code   RO         6692    i.controlpage_intReset  controllerpage.o
    0x08006636   0x08006636   0x00000002   PAD
    0x08006638   0x08006638   0x0000011c   Code   RO         6693    i.controlpage_intUpdate  controllerpage.o
    0x08006754   0x08006754   0x00000090   Code   RO         6694    i.controlpage_setPhiCalc  controllerpage.o
    0x080067e4   0x080067e4   0x00000358   Code   RO         6695    i.controlpage_showData  controllerpage.o
    0x08006b3c   0x08006b3c   0x0000003c   Code   RO         6214    i.delay_init        delay.o
    0x08006b78   0x08006b78   0x00000038   Code   RO         6215    i.delay_ms          delay.o
    0x08006bb0   0x08006bb0   0x0000004c   Code   RO         6217    i.delay_xms         delay.o
    0x08006bfc   0x08006bfc   0x000005d8   Code   RO         6591    i.falcon_update_cali  falconpage.o
    0x080071d4   0x080071d4   0x00000318   Code   RO         6592    i.falcon_update_main  falconpage.o
    0x080074ec   0x080074ec   0x00000040   Code   RO         6593    i.falconpage_fastUpdate  falconpage.o
    0x0800752c   0x0800752c   0x00000088   Code   RO         6594    i.falconpage_getPhi  falconpage.o
    0x080075b4   0x080075b4   0x00000088   Code   RO         6595    i.falconpage_getRawAngle  falconpage.o
    0x0800763c   0x0800763c   0x0000001c   Code   RO         6596    i.falconpage_intReset  falconpage.o
    0x08007658   0x08007658   0x000000f0   Code   RO         6597    i.falconpage_intUpdate  falconpage.o
    0x08007748   0x08007748   0x00000088   Code   RO         6598    i.falconpage_setPhiCalc  falconpage.o
    0x080077d0   0x080077d0   0x000002c8   Code   RO         6599    i.falconpage_showData  falconpage.o
    0x08007a98   0x08007a98   0x0000001c   Code   RO         6282    i.fputc             usart.o
    0x08007ab4   0x08007ab4   0x00000050   Code   RO         5393    i.ledSetOut         led.o
    0x08007b04   0x08007b04   0x00000180   Code   RO            8    i.main              main.o
    0x08007c84   0x08007c84   0x00000064   Code   RO         6529    i.mainpage_fastUpdate  mainpage.o
    0x08007ce8   0x08007ce8   0x00000040   Code   RO         6530    i.mainpage_intUpdate  mainpage.o
    0x08007d28   0x08007d28   0x00000104   Code   RO         6531    i.mainpage_showData  mainpage.o
    0x08007e2c   0x08007e2c   0x00000040   Code   RO         5841    i.oledSelectRect    oled.o
    0x08007e6c   0x08007e6c   0x00000028   Code   RO         5463    i.paramReadBinary   parameter.o
    0x08007e94   0x08007e94   0x00000026   Code   RO         5464    i.paramReadFixed    parameter.o
    0x08007eba   0x08007eba   0x0000003e   Code   RO         6917    i.sqrtf             m_wm.l(sqrtf.o)
    0x08007ef8   0x08007ef8   0x000000b8   Code   RO         6283    i.uart_init         usart.o
    0x08007fb0   0x08007fb0   0x0000002c   Code   RO         6988    locale$$code        c_w.l(lc_numeric_c.o)
    0x08007fdc   0x08007fdc   0x00000062   Code   RO         6826    x$fpl$d2f           fz_wm.l(d2f.o)
    0x0800803e   0x0800803e   0x00000002   PAD
    0x08008040   0x08008040   0x000002b0   Code   RO         6829    x$fpl$ddiv          fz_wm.l(ddiv.o)
    0x080082f0   0x080082f0   0x0000002e   Code   RO         6833    x$fpl$dflt          fz_wm.l(dflt_clz.o)
    0x0800831e   0x0800831e   0x00000026   Code   RO         6832    x$fpl$dfltu         fz_wm.l(dflt_clz.o)
    0x08008344   0x08008344   0x0000009c   Code   RO         6888    x$fpl$dnaninf       fz_wm.l(dnaninf.o)
    0x080083e0   0x080083e0   0x0000000c   Code   RO         6890    x$fpl$dretinf       fz_wm.l(dretinf.o)
    0x080083ec   0x080083ec   0x00000056   Code   RO         6838    x$fpl$f2d           fz_wm.l(f2d.o)
    0x08008442   0x08008442   0x0000008c   Code   RO         6892    x$fpl$fnaninf       fz_wm.l(fnaninf.o)
    0x080084ce   0x080084ce   0x0000000a   Code   RO         7058    x$fpl$fpinit        fz_wm.l(fpinit.o)
    0x080084d8   0x080084d8   0x0000000a   Code   RO         6894    x$fpl$fretinf       fz_wm.l(fretinf.o)
    0x080084e2   0x080084e2   0x00000002   PAD
    0x080084e4   0x080084e4   0x00000060   Code   RO         6896    x$fpl$frnd          fz_wm.l(frnd.o)
    0x08008544   0x08008544   0x00000004   Code   RO         6840    x$fpl$printf1       fz_wm.l(printf1.o)
    0x08008548   0x08008548   0x00000000   Code   RO         6898    x$fpl$usenofp       fz_wm.l(usenofp.o)
    0x08008548   0x08008548   0x00000800   Data   RO           10    .constdata          main.o
    0x08008d48   0x08008d48   0x00000004   Data   RO         5677    .constdata          sblinkutility.o
    0x08008d4c   0x08008d4c   0x0000140a   Data   RO         5843    .constdata          oled.o
    0x0800a156   0x0800a156   0x00000002   PAD
    0x0800a158   0x0800a158   0x00000280   Data   RO         6058    .constdata          parameterlist.o
    0x0800a3d8   0x0800a3d8   0x00000094   Data   RO         6959    .constdata          c_w.l(bigflt0.o)
    0x0800a46c   0x0800a46c   0x00000020   Data   RO         7129    Region$$Table       anon$$obj.o
    0x0800a48c   0x0800a48c   0x0000001c   Data   RO         6987    locale$$data        c_w.l(lc_numeric_c.o)


    Execution Region RW_IRAM1 (Exec base: 0x20000000, Load base: 0x0800a4a8, Size: 0x00002ec0, Max: 0x00020000, ABSOLUTE)

    Exec Addr    Load Addr    Size         Type   Attr      Idx    E Section Name        Object

    0x20000000   0x0800a4a8   0x00000003   Data   RW           11    .data               main.o
    0x20000003   0x0800a4ab   0x00000010   Data   RW         3235    .data               stm32f4xx_rcc.o
    0x20000013   0x0800a4bb   0x00000005   Data   RW         5395    .data               led.o
    0x20000018   0x0800a4c0   0x00000001   Data   RW         5554    .data               pwm.o
    0x20000019   0x0800a4c1   0x00000008   Data   RW         5623    .data               sblink.o
    0x20000021   0x0800a4c9   0x00000003   PAD
    0x20000024   0x0800a4cc   0x00000004   Data   RW         5964    .data               keyboard.o
    0x20000028   0x0800a4d0   0x00000010   Data   RW         6096    .data               sampling.o
    0x20000038   0x0800a4e0   0x00000004   Data   RW         6218    .data               delay.o
    0x2000003c   0x0800a4e4   0x00000008   Data   RW         6285    .data               usart.o
    0x20000044   0x0800a4ec   0x00000012   Data   RW         6468    .data               pages.o
    0x20000056   0x0800a4fe   0x00000002   PAD
    0x20000058   0x0800a500   0x0000000c   Data   RW         6534    .data               mainpage.o
    0x20000064        -       0x00000190   Zero   RW            9    .bss                main.o
    0x200001f4        -       0x00000018   Zero   RW         5394    .bss                led.o
    0x2000020c        -       0x000000a8   Zero   RW         5466    .bss                parameter.o
    0x200002b4        -       0x00000300   Zero   RW         5622    .bss                sblink.o
    0x200005b4        -       0x00002000   Zero   RW         5842    .bss                oled.o
    0x200025b4        -       0x00000014   Zero   RW         6095    .bss                sampling.o
    0x200025c8        -       0x000000c8   Zero   RW         6284    .bss                usart.o
    0x20002690        -       0x0000000c   Zero   RW         6533    .bss                mainpage.o
    0x2000269c        -       0x0000005c   Zero   RW         6600    .bss                falconpage.o
    0x200026f8        -       0x00000168   Zero   RW         6696    .bss                controllerpage.o
    0x20002860        -       0x00000060   Zero   RW         6995    .bss                c_w.l(libspace.o)
    0x200028c0        -       0x00000200   Zero   RW          346    HEAP                startup_stm32f40_41xxx.o
    0x20002ac0        -       0x00000400   Zero   RW          345    STACK               startup_stm32f40_41xxx.o


==============================================================================

Image component sizes


      Code (inc. data)   RO Data    RW Data    ZI Data      Debug   Object Name

       920         44          0          0          0       2516   ad7606fsmc.o
      4750        648          0          0        360      10325   controllerpage.o
       142          8          0          0          0       1147   dac.o
       192         12          0          4          0       1908   delay.o
        72         10          0          0          0       1006   extin.o
      4376        680          0          0         92       8682   falconpage.o
       506          8          0          0          0       4018   filter.o
       388         50          0          4          0       2868   keyboard.o
       436        108          0          5         24       3436   led.o
       916        232       2048          3        400      94291   main.o
      1180        212          0         12         12       4002   mainpage.o
        82          6          0          0          0       1268   mathhelper.o
       556         36          0          0          0       3651   mb85rs.o
       160         14          0          0          0     242054   misc.o
      1860        106       5130          0       8192      10594   oled.o
       766        128          0         18          0       4388   pages.o
       918        106          0          0        168       6088   parameter.o
         0          0        640          0          0       1433   parameterlist.o
       404         14          0          0          0       2668   pid.o
       456         62          0          1          0       3446   pwm.o
      1458        208          0         16         20       6610   sampling.o
       584         82          0          8        768       3026   sblink.o
         0          0          4          0          0        638   sblinkutility.o
        64         26        392          0       1536        840   startup_stm32f40_41xxx.o
       124         18          0          0          0       2567   stm32f4xx_dac.o
       664         54          0          0          0       6998   stm32f4xx_dma.o
       184         16          0          0          0       2228   stm32f4xx_exti.o
       344         16          0          0          0       2129   stm32f4xx_fsmc.o
       214          0          0          0          0       1895   stm32f4xx_gpio.o
        26          0          0          0          0       4046   stm32f4xx_it.o
       392         48          0         16          0       5961   stm32f4xx_rcc.o
       130          0          0          0          0       4227   stm32f4xx_spi.o
        64          4          0          0          0        652   stm32f4xx_syscfg.o
      1434         66          0          0          0      19017   stm32f4xx_tim.o
       470          8          0          0          0       6245   stm32f4xx_usart.o
       340         32          0          0          0       1589   system_stm32f4xx.o
        96          6          0          0          0        552   timer.o
       352         28          0          8        200       4204   usart.o

    ----------------------------------------------------------------------
     26058       3096       8248        100      11772     483213   Object Totals
         0          0         32          0          0          0   (incl. Generated)
        38          0          2          5          0          0   (incl. Padding)

    ----------------------------------------------------------------------

      Code (inc. data)   RO Data    RW Data    ZI Data      Debug   Library Member Name

         8          0          0          0          0         68   __main.o
       104          0          0          0          0         84   __printf.o
         0          0          0          0          0          0   __rtentry.o
        12          0          0          0          0          0   __rtentry2.o
         6          0          0          0          0          0   __rtentry4.o
        52          8          0          0          0          0   __scatter.o
        26          0          0          0          0          0   __scatter_copy.o
        28          0          0          0          0          0   __scatter_zi.o
        44          0          0          0          0        108   _printf_char.o
        48          6          0          0          0         96   _printf_char_common.o
        36          4          0          0          0         80   _printf_char_file.o
         6          0          0          0          0          0   _printf_d.o
       120         16          0          0          0         92   _printf_dec.o
         6          0          0          0          0          0   _printf_f.o
      1054          0          0          0          0        216   _printf_fp_dec.o
       128         16          0          0          0         84   _printf_fp_infnan.o
       178          0          0          0          0         88   _printf_intcommon.o
         0          0          0          0          0          0   _printf_percent.o
         4          0          0          0          0          0   _printf_percent_end.o
         6          0          0          0          0          0   _printf_s.o
        82          0          0          0          0         80   _printf_str.o
        22          0          0          0          0        100   _rserrno.o
       228          4        148          0          0         96   bigflt0.o
      1936        128          0          0          0        672   btod.o
        18          0          0          0          0         80   exit.o
         8          0          0          0          0         68   ferror.o
         6          0          0          0          0        152   heapauxi.o
        44         10         28          0          0         76   lc_numeric_c.o
         2          0          0          0          0          0   libinit.o
        22          0          0          0          0          0   libinit2.o
         2          0          0          0          0          0   libshutdown.o
         2          0          0          0          0          0   libshutdown2.o
         8          4          0          0         96         68   libspace.o
       138          0          0          0          0         80   lludiv10.o
        24          4          0          0          0         84   noretval__2printf.o
         8          4          0          0          0         68   rt_errno_addr_intlibspace.o
         8          4          0          0          0         68   rt_locale_intlibspace.o
        68          0          0          0          0         68   rt_memclr.o
        78          0          0          0          0         80   rt_memclr_w.o
       138          0          0          0          0         68   rt_memcpy_v6.o
       100          0          0          0          0         80   rt_memcpy_w.o
         2          0          0          0          0          0   rtexit.o
        10          0          0          0          0          0   rtexit2.o
       128          0          0          0          0         68   strcmpv7m.o
        74          0          0          0          0         80   sys_stackheap_outer.o
         2          0          0          0          0         68   use_no_semi.o
         2          0          0          0          0         68   use_no_semi_2.o
        98          4          0          0          0        140   d2f.o
       688        140          0          0          0        256   ddiv.o
        84          0          0          0          0        232   dflt_clz.o
       156          4          0          0          0        140   dnaninf.o
        12          0          0          0          0        116   dretinf.o
        86          4          0          0          0        132   f2d.o
       140          4          0          0          0        132   fnaninf.o
        10          0          0          0          0        116   fpinit.o
        10          0          0          0          0        116   fretinf.o
        96          4          0          0          0        124   frnd.o
         4          0          0          0          0        116   printf1.o
         0          0          0          0          0          0   usenofp.o
       300         42          0          0          0        176   asinf.o
       592         90          0          0          0        184   atan2f.o
        48          0          0          0          0        124   fpclassify.o
        38          0          0          0          0        116   fpclassifyf.o
        44         12          0          0          0        464   funder.o
       154          0          0          0          0        140   roundf.o
        62          0          0          0          0        136   sqrtf.o

    ----------------------------------------------------------------------
      7670        512        176          0         96       6148   Library Totals
        22          0          0          0          0          0   (incl. Padding)

    ----------------------------------------------------------------------

      Code (inc. data)   RO Data    RW Data    ZI Data      Debug   Library Name

      5026        208        176          0         96       3188   c_w.l
      1384        160          0          0          0       1620   fz_wm.l
      1238        144          0          0          0       1340   m_wm.l

    ----------------------------------------------------------------------
      7670        512        176          0         96       6148   Library Totals

    ----------------------------------------------------------------------

==============================================================================


      Code (inc. data)   RO Data    RW Data    ZI Data      Debug   

     33728       3608       8424        100      11868     466793   Grand Totals
     33728       3608       8424        100      11868     466793   ELF Image Totals
     33728       3608       8424        100          0          0   ROM Totals

==============================================================================

    Total RO  Size (Code + RO Data)                42152 (  41.16kB)
    Total RW  Size (RW Data + ZI Data)             11968 (  11.69kB)
    Total ROM Size (Code + RO Data + RW Data)      42252 (  41.26kB)

==============================================================================

