Component: ARM Compiler 5.06 update 6 (build 750) Tool: armlink [4d35ed]

==============================================================================

Section Cross References

    main.o(i.AnalyzePkg) refers to _printf_percent.o(.ARM.Collect$$_printf_percent$$00000000) for _printf_percent
    main.o(i.AnalyzePkg) refers to _printf_d.o(.ARM.Collect$$_printf_percent$$00000009) for _printf_d
    main.o(i.AnalyzePkg) refers to _printf_dec.o(.text) for _printf_int_dec
    main.o(i.AnalyzePkg) refers to noretval__2printf.o(.text) for __2printf
    main.o(i.AnalyzePkg) refers to parameter.o(i.ParamSet) for ParamSet
    main.o(i.AnalyzePkg) refers to parameter.o(i.ParamShow) for ParamShow
    main.o(i.AnalyzePkg) refers to parameter.o(i.ParamReset) for ParamReset
    main.o(i.AnalyzePkg) refers to parameter.o(i.ParamWrite) for ParamWrite
    main.o(i.AnalyzePkg) refers to usart.o(.data) for USART_RX_STA
    main.o(i.AnalyzePkg) refers to usart.o(.bss) for USART_RX_BUF
    main.o(i.EXTI15_10_IRQHandler) refers to stm32f4xx_exti.o(i.EXTI_GetITStatus) for EXTI_GetITStatus
    main.o(i.EXTI15_10_IRQHandler) refers to ad7606fsmc.o(i.AD7606FSMCRead) for AD7606FSMCRead
    main.o(i.EXTI15_10_IRQHandler) refers to sampling.o(i.SamplingIntUpdate) for SamplingIntUpdate
    main.o(i.EXTI15_10_IRQHandler) refers to stm32f4xx_exti.o(i.EXTI_ClearITPendingBit) for EXTI_ClearITPendingBit
    main.o(i.EXTI15_10_IRQHandler) refers to keyboard.o(i.WheelUpdate) for WheelUpdate
    main.o(i.EXTI15_10_IRQHandler) refers to main.o(.bss) for sys
    main.o(i.TIM7_IRQHandler) refers to stm32f4xx_tim.o(i.TIM_GetITStatus) for TIM_GetITStatus
    main.o(i.TIM7_IRQHandler) refers to stm32f4xx_tim.o(i.TIM_ClearITPendingBit) for TIM_ClearITPendingBit
    main.o(i.TIM7_IRQHandler) refers to main.o(.bss) for tick
    main.o(i.TIM7_IRQHandler) refers to main.o(.data) for cpucnt
    main.o(i.initTestGPIO) refers to stm32f4xx_rcc.o(i.RCC_AHB1PeriphClockCmd) for RCC_AHB1PeriphClockCmd
    main.o(i.initTestGPIO) refers to stm32f4xx_gpio.o(i.GPIO_Init) for GPIO_Init
    main.o(i.main) refers to delay.o(i.delay_init) for delay_init
    main.o(i.main) refers to usart.o(i.uart_init) for uart_init
    main.o(i.main) refers to oled.o(i.OledInit) for OledInit
    main.o(i.main) refers to timer.o(i.MainClockInit) for MainClockInit
    main.o(i.main) refers to led.o(i.LEDInit) for LEDInit
    main.o(i.main) refers to oled.o(i.OledClear) for OledClear
    main.o(i.main) refers to oled.o(i.OledDrawBitmap) for OledDrawBitmap
    main.o(i.main) refers to oled.o(i.OledDrawString) for OledDrawString
    main.o(i.main) refers to oled.o(i.OledDrawChar) for OledDrawChar
    main.o(i.main) refers to mb85rs.o(i.FRAMInit) for FRAMInit
    main.o(i.main) refers to parameter.o(i.ParamRead) for ParamRead
    main.o(i.main) refers to oled.o(i.OledDrawInt) for OledDrawInt
    main.o(i.main) refers to delay.o(i.delay_ms) for delay_ms
    main.o(i.main) refers to main.o(i.initTestGPIO) for initTestGPIO
    main.o(i.main) refers to sampling.o(i.SamplingInit) for SamplingInit
    main.o(i.main) refers to ad7606fsmc.o(i.AD7606FSMCInit) for AD7606FSMCInit
    main.o(i.main) refers to keyboard.o(i.KeyInit) for KeyInit
    main.o(i.main) refers to dac.o(i.DACInit) for DACInit
    main.o(i.main) refers to dac.o(i.DACSet) for DACSet
    main.o(i.main) refers to noretval__2printf.o(.text) for __2printf
    main.o(i.main) refers to led.o(i.LEDSetPattern) for LEDSetPattern
    main.o(i.main) refers to led.o(i.LEDUpdate) for LEDUpdate
    main.o(i.main) refers to main.o(i.AnalyzePkg) for AnalyzePkg
    main.o(i.main) refers to main.o(.constdata) for gImage_logo
    main.o(i.main) refers to main.o(.bss) for tick
    main.o(i.main) refers to usart.o(.data) for USART_RX_STA
    system_stm32f4xx.o(i.SystemCoreClockUpdate) refers to system_stm32f4xx.o(.data) for SystemCoreClock
    system_stm32f4xx.o(i.SystemInit) refers to system_stm32f4xx.o(i.SetSysClock) for SetSysClock
    startup_stm32f40_41xxx.o(STACK) refers (Special) to heapauxi.o(.text) for __use_two_region_memory
    startup_stm32f40_41xxx.o(HEAP) refers (Special) to heapauxi.o(.text) for __use_two_region_memory
    startup_stm32f40_41xxx.o(RESET) refers (Special) to heapauxi.o(.text) for __use_two_region_memory
    startup_stm32f40_41xxx.o(RESET) refers to startup_stm32f40_41xxx.o(STACK) for __initial_sp
    startup_stm32f40_41xxx.o(RESET) refers to startup_stm32f40_41xxx.o(.text) for Reset_Handler
    startup_stm32f40_41xxx.o(RESET) refers to stm32f4xx_it.o(i.NMI_Handler) for NMI_Handler
    startup_stm32f40_41xxx.o(RESET) refers to stm32f4xx_it.o(i.HardFault_Handler) for HardFault_Handler
    startup_stm32f40_41xxx.o(RESET) refers to stm32f4xx_it.o(i.MemManage_Handler) for MemManage_Handler
    startup_stm32f40_41xxx.o(RESET) refers to stm32f4xx_it.o(i.BusFault_Handler) for BusFault_Handler
    startup_stm32f40_41xxx.o(RESET) refers to stm32f4xx_it.o(i.UsageFault_Handler) for UsageFault_Handler
[...]
    .text                                    0x0800043c   Section       16  aeabi_memset.o(.text)
    .text                                    0x0800044c   Section       68  rt_memclr.o(.text)
    .text                                    0x08000490   Section      128  strcmpv7m.o(.text)
    .text                                    0x08000510   Section        0  heapauxi.o(.text)
    .text                                    0x08000516   Section        2  use_no_semi.o(.text)
    .text                                    0x08000518   Section        0  _printf_intcommon.o(.text)
    .text                                    0x080005ca   Section        0  _printf_fp_dec.o(.text)
    _fp_digits                               0x080005cd   Thumb Code   432  _printf_fp_dec.o(.text)
    .text                                    0x080009e8   Section        0  _printf_char.o(.text)
    .text                                    0x08000a14   Section        0  _printf_char_file.o(.text)
    .text                                    0x08000a38   Section       78  rt_memclr_w.o(.text)
    .text                                    0x08000a88   Section        8  rt_locale_intlibspace.o(.text)
    .text                                    0x08000a90   Section      138  lludiv10.o(.text)
    .text                                    0x08000b1c   Section        0  _printf_char_common.o(.text)
    _printf_input_char                       0x08000b1d   Thumb Code    10  _printf_char_common.o(.text)
    .text                                    0x08000b4c   Section        0  _printf_fp_infnan.o(.text)
    .text                                    0x08000bcc   Section        0  bigflt0.o(.text)
    .text                                    0x08000cb0   Section        0  ferror.o(.text)
    .text                                    0x08000cb8   Section        8  libspace.o(.text)
    .text                                    0x08000cc0   Section       74  sys_stackheap_outer.o(.text)
    .text                                    0x08000d0a   Section        0  exit.o(.text)
    CL$$btod_d2e                             0x08000d1c   Section       62  btod.o(CL$$btod_d2e)
    CL$$btod_d2e_denorm_low                  0x08000d5a   Section       70  btod.o(CL$$btod_d2e_denorm_low)
    CL$$btod_d2e_norm_op1                    0x08000da0   Section       96  btod.o(CL$$btod_d2e_norm_op1)
    CL$$btod_div_common                      0x08000e00   Section      824  btod.o(CL$$btod_div_common)
    CL$$btod_e2e                             0x08001138   Section      220  btod.o(CL$$btod_e2e)
    CL$$btod_ediv                            0x08001214   Section       42  btod.o(CL$$btod_ediv)
    CL$$btod_emul                            0x0800123e   Section       42  btod.o(CL$$btod_emul)
    CL$$btod_mult_common                     0x08001268   Section      580  btod.o(CL$$btod_mult_common)
    i.AD7606FSMCInit                         0x080014ac   Section        0  ad7606fsmc.o(i.AD7606FSMCInit)
    i.AD7606FSMCRead                         0x080016d4   Section        0  ad7606fsmc.o(i.AD7606FSMCRead)
    i.AD7606FSMCReset                        0x08001778   Section        0  ad7606fsmc.o(i.AD7606FSMCReset)
    i.AnalyzePkg                             0x080017a0   Section        0  main.o(i.AnalyzePkg)
    i.BusFault_Handler                       0x08001930   Section        0  stm32f4xx_it.o(i.BusFault_Handler)
    i.DACInit                                0x08001934   Section        0  dac.o(i.DACInit)
    i.DACSet                                 0x08001990   Section        0  dac.o(i.DACSet)
    i.DAC_Cmd                                0x080019c4   Section        0  stm32f4xx_dac.o(i.DAC_Cmd)
    i.DAC_Init                               0x080019ec   Section        0  stm32f4xx_dac.o(i.DAC_Init)
    i.DAC_SetChannel1Data                    0x08001a20   Section        0  stm32f4xx_dac.o(i.DAC_SetChannel1Data)
    i.DMA2_Stream5_IRQHandler                0x08001a40   Section        0  oled.o(i.DMA2_Stream5_IRQHandler)
    i.DMA2_Stream7_IRQHandler                0x08001a78   Section        0  sblink.o(i.DMA2_Stream7_IRQHandler)
    i.DMA_ClearFlag                          0x08001ab0   Section        0  stm32f4xx_dma.o(i.DMA_ClearFlag)
    i.DMA_DeInit                             0x08001ae4   Section        0  stm32f4xx_dma.o(i.DMA_DeInit)
    i.DMA_GetCmdStatus                       0x08001c3c   Section        0  stm32f4xx_dma.o(i.DMA_GetCmdStatus)
    i.DMA_GetFlagStatus                      0x08001c50   Section        0  stm32f4xx_dma.o(i.DMA_GetFlagStatus)
    i.DMA_ITConfig                           0x08001c94   Section        0  stm32f4xx_dma.o(i.DMA_ITConfig)
    i.DMA_Init                               0x08001cd0   Section        0  stm32f4xx_dma.o(i.DMA_Init)
    i.DebugMon_Handler                       0x08001d28   Section        0  stm32f4xx_it.o(i.DebugMon_Handler)
    i.EXTI0_IRQHandler                       0x08001d2c   Section        0  extin.o(i.EXTI0_IRQHandler)
    i.EXTI15_10_IRQHandler                   0x08001d50   Section        0  main.o(i.EXTI15_10_IRQHandler)
    i.EXTI1_IRQHandler                       0x08001da0   Section        0  extin.o(i.EXTI1_IRQHandler)
    i.EXTI_ClearITPendingBit                 0x08001dc4   Section        0  stm32f4xx_exti.o(i.EXTI_ClearITPendingBit)
    i.EXTI_GetITStatus                       0x08001dd0   Section        0  stm32f4xx_exti.o(i.EXTI_GetITStatus)
    i.EXTI_Init                              0x08001de8   Section        0  stm32f4xx_exti.o(i.EXTI_Init)
    i.FRAMInit                               0x08001e7c   Section        0  mb85rs.o(i.FRAMInit)
    i.FRAMRead                               0x08001f48   Section        0  mb85rs.o(i.FRAMRead)
    i.FRAMReceiveByte                        0x08001fa4   Section        0  mb85rs.o(i.FRAMReceiveByte)
    i.FRAMSendByte                           0x08001fe8   Section        0  mb85rs.o(i.FRAMSendByte)
    i.FRAMWrite                              0x08002024   Section        0  mb85rs.o(i.FRAMWrite)
    i.FSMC_NORSRAMCmd                        0x080020a8   Section        0  stm32f4xx_fsmc.o(i.FSMC_NORSRAMCmd)
    i.FSMC_NORSRAMInit                       0x080020dc   Section        0  stm32f4xx_fsmc.o(i.FSMC_NORSRAMInit)
    i.GPIO_Init                              0x08002200   Section        0  stm32f4xx_gpio.o(i.GPIO_Init)
    i.GPIO_PinAFConfig                       0x08002290   Section        0  stm32f4xx_gpio.o(i.GPIO_PinAFConfig)
    i.HardFault_Handler                      0x080022d6   Section        0  stm32f4xx_it.o(i.HardFault_Handler)
    i.KeyInit                                0x080022dc   Section        0  keyboard.o(i.KeyInit)
    i.LEDInit                                0x080023c4   Section        0  led.o(i.LEDInit)
    i.LEDSetPattern                          0x08002460   Section        0  led.o(i.LEDSetPattern)
    i.LEDUpdate                              0x08002488   Section        0  led.o(i.LEDUpdate)
    i.MainClockInit                          0x08002510   Section        0  timer.o(i.MainClockInit)
    i.MemManage_Handler                      0x08002570   Section        0  stm32f4xx_it.o(i.MemManage_Handler)
    i.NMI_Handler                            0x08002574   Section        0  stm32f4xx_it.o(i.NMI_Handler)
    i.NVIC_Init                              0x08002578   Section        0  misc.o(i.NVIC_Init)
    i.OledClear                              0x080025f0   Section        0  oled.o(i.OledClear)
    i.OledClearBuff                          0x08002630   Section        0  oled.o(i.OledClearBuff)
    i.OledDispOn                             0x08002644   Section        0  oled.o(i.OledDispOn)
    i.OledDrawBitmap                         0x08002664   Section        0  oled.o(i.OledDrawBitmap)
    i.OledDrawChar                           0x08002780   Section        0  oled.o(i.OledDrawChar)
    i.OledDrawInt                            0x08002804   Section        0  oled.o(i.OledDrawInt)
    i.OledDrawString                         0x080028b6   Section        0  oled.o(i.OledDrawString)
    i.OledInit                               0x080028e4   Section        0  oled.o(i.OledInit)
    i.OledSendByte                           0x08002a7c   Section        0  oled.o(i.OledSendByte)
    i.OledStartUp                            0x08002aa8   Section        0  oled.o(i.OledStartUp)
    i.ParamRead                              0x08002ba4   Section        0  parameter.o(i.ParamRead)
    i.ParamReset                             0x08002c28   Section        0  parameter.o(i.ParamReset)
    i.ParamSet                               0x08002c98   Section        0  parameter.o(i.ParamSet)
    i.ParamShow                              0x08002d90   Section        0  parameter.o(i.ParamShow)
    i.ParamWrite                             0x08002e60   Section        0  parameter.o(i.ParamWrite)
    i.PendSV_Handler                         0x08002e74   Section        0  stm32f4xx_it.o(i.PendSV_Handler)
    i.RCC_AHB1PeriphClockCmd                 0x08002e78   Section        0  stm32f4xx_rcc.o(i.RCC_AHB1PeriphClockCmd)
    i.RCC_AHB3PeriphClockCmd                 0x08002e98   Section        0  stm32f4xx_rcc.o(i.RCC_AHB3PeriphClockCmd)
    i.RCC_APB1PeriphClockCmd                 0x08002eb8   Section        0  stm32f4xx_rcc.o(i.RCC_APB1PeriphClockCmd)
    i.RCC_APB2PeriphClockCmd                 0x08002ed8   Section        0  stm32f4xx_rcc.o(i.RCC_APB2PeriphClockCmd)
    i.RCC_APB2PeriphResetCmd                 0x08002ef8   Section        0  stm32f4xx_rcc.o(i.RCC_APB2PeriphResetCmd)
    i.RCC_GetClocksFreq                      0x08002f18   Section        0  stm32f4xx_rcc.o(i.RCC_GetClocksFreq)
    i.SPI_Cmd                                0x08003000   Section        0  stm32f4xx_spi.o(i.SPI_Cmd)
    i.SPI_I2S_DMACmd                         0x08003018   Section        0  stm32f4xx_spi.o(i.SPI_I2S_DMACmd)
    i.SPI_I2S_GetFlagStatus                  0x0800302a   Section        0  stm32f4xx_spi.o(i.SPI_I2S_GetFlagStatus)
    i.SPI_I2S_ReceiveData                    0x0800303c   Section        0  stm32f4xx_spi.o(i.SPI_I2S_ReceiveData)
    i.SPI_I2S_SendData                       0x08003042   Section        0  stm32f4xx_spi.o(i.SPI_I2S_SendData)
    i.SPI_Init                               0x08003046   Section        0  stm32f4xx_spi.o(i.SPI_Init)
    i.SVC_Handler                            0x08003082   Section        0  stm32f4xx_it.o(i.SVC_Handler)
    i.SYSCFG_EXTILineConfig                  0x08003084   Section        0  stm32f4xx_syscfg.o(i.SYSCFG_EXTILineConfig)
    i.SamplingInit                           0x080030c4   Section        0  sampling.o(i.SamplingInit)
    i.SamplingIntUpdate                      0x08003288   Section        0  sampling.o(i.SamplingIntUpdate)
    i.SetSysClock                            0x0800329c   Section        0  system_stm32f4xx.o(i.SetSysClock)
    SetSysClock                              0x0800329d   Thumb Code   220  system_stm32f4xx.o(i.SetSysClock)
    i.SysTick_CLKSourceConfig                0x08003388   Section        0  misc.o(i.SysTick_CLKSourceConfig)
    i.SysTick_Handler                        0x080033b0   Section        0  stm32f4xx_it.o(i.SysTick_Handler)
    i.SystemInit                             0x080033b4   Section        0  system_stm32f4xx.o(i.SystemInit)
    i.TIM3_IRQHandler                        0x0800341c   Section        0  sampling.o(i.TIM3_IRQHandler)
    i.TIM7_IRQHandler                        0x0800345c   Section        0  main.o(i.TIM7_IRQHandler)
    i.TIM_ARRPreloadConfig                   0x080034b8   Section        0  stm32f4xx_tim.o(i.TIM_ARRPreloadConfig)
    i.TIM_ClearITPendingBit                  0x080034d0   Section        0  stm32f4xx_tim.o(i.TIM_ClearITPendingBit)
    i.TIM_Cmd                                0x080034d6   Section        0  stm32f4xx_tim.o(i.TIM_Cmd)
    i.TIM_GetITStatus                        0x080034ee   Section        0  stm32f4xx_tim.o(i.TIM_GetITStatus)
    i.TIM_ITConfig                           0x08003510   Section        0  stm32f4xx_tim.o(i.TIM_ITConfig)
    i.TIM_OC1Init                            0x08003524   Section        0  stm32f4xx_tim.o(i.TIM_OC1Init)
    i.TIM_OC1PreloadConfig                   0x080035a0   Section        0  stm32f4xx_tim.o(i.TIM_OC1PreloadConfig)
    i.TIM_TimeBaseInit                       0x080035b4   Section        0  stm32f4xx_tim.o(i.TIM_TimeBaseInit)
    i.USART1_IRQHandler                      0x08003638   Section        0  sblink.o(i.USART1_IRQHandler)
    i.USART2_IRQHandler                      0x0800369c   Section        0  usart.o(i.USART2_IRQHandler)
    i.USART_ClearFlag                        0x08003724   Section        0  stm32f4xx_usart.o(i.USART_ClearFlag)
    i.USART_ClearITPendingBit                0x08003736   Section        0  stm32f4xx_usart.o(i.USART_ClearITPendingBit)
    i.USART_Cmd                              0x08003754   Section        0  stm32f4xx_usart.o(i.USART_Cmd)
    i.USART_GetFlagStatus                    0x0800376c   Section        0  stm32f4xx_usart.o(i.USART_GetFlagStatus)
    i.USART_GetITStatus                      0x08003786   Section        0  stm32f4xx_usart.o(i.USART_GetITStatus)
    i.USART_ITConfig                         0x080037da   Section        0  stm32f4xx_usart.o(i.USART_ITConfig)
    i.USART_Init                             0x08003824   Section        0  stm32f4xx_usart.o(i.USART_Init)
    i.USART_ReceiveData                      0x080038f8   Section        0  stm32f4xx_usart.o(i.USART_ReceiveData)
    i.UsageFault_Handler                     0x08003902   Section        0  stm32f4xx_it.o(i.UsageFault_Handler)
    i.WheelUpdate                            0x08003908   Section        0  keyboard.o(i.WheelUpdate)
    i.__ARM_fpclassify                       0x08003930   Section        0  fpclassify.o(i.__ARM_fpclassify)
    i._sys_exit                              0x08003960   Section        0  usart.o(i._sys_exit)
    i.delay_init                             0x08003964   Section        0  delay.o(i.delay_init)
    i.delay_ms                               0x080039a0   Section        0  delay.o(i.delay_ms)
    i.delay_xms                              0x080039d8   Section        0  delay.o(i.delay_xms)
    i.fputc                                  0x08003a24   Section        0  usart.o(i.fputc)
    i.initTestGPIO                           0x08003a40   Section        0  main.o(i.initTestGPIO)
    i.ledSetOut                              0x08003a8c   Section        0  led.o(i.ledSetOut)
    i.main                                   0x08003adc   Section        0  main.o(i.main)
    i.oledSelectRect                         0x08003c6c   Section        0  oled.o(i.oledSelectRect)
    i.paramReadBinary                        0x08003cac   Section        0  parameter.o(i.paramReadBinary)
    i.paramReadFixed                         0x08003cd4   Section        0  parameter.o(i.paramReadFixed)
    i.uart_init                              0x08003cfc   Section        0  usart.o(i.uart_init)
    locale$$code                             0x08003db0   Section       44  lc_numeric_c.o(locale$$code)
    x$fpl$dretinf                            0x08003ddc   Section       12  dretinf.o(x$fpl$dretinf)
    $v0                                      0x08003ddc   Number         0  dretinf.o(x$fpl$dretinf)
    x$fpl$f2d                                0x08003de8   Section       86  f2d.o(x$fpl$f2d)
    $v0                                      0x08003de8   Number         0  f2d.o(x$fpl$f2d)
    x$fpl$fnaninf                            0x08003e3e   Section      140  fnaninf.o(x$fpl$fnaninf)
    $v0                                      0x08003e3e   Number         0  fnaninf.o(x$fpl$fnaninf)
    x$fpl$fpinit                             0x08003eca   Section       10  fpinit.o(x$fpl$fpinit)
    $v0                                      0x08003eca   Number         0  fpinit.o(x$fpl$fpinit)
    x$fpl$printf1                            0x08003ed4   Section        4  printf1.o(x$fpl$printf1)
    $v0                                      0x08003ed4   Number         0  printf1.o(x$fpl$printf1)
    .constdata                               0x08003ed8   Section     2048  main.o(.constdata)
    x$fpl$usenofp                            0x08003ed8   Section        0  usenofp.o(x$fpl$usenofp)
    .constdata                               0x080046d8   Section     5130  oled.o(.constdata)
    .constdata                               0x08005ae4   Section      544  parameterlist.o(.constdata)
    .constdata                               0x08005d04   Section       40  _printf_hex_int.o(.constdata)
    uc_hextab                                0x08005d04   Data          20  _printf_hex_int.o(.constdata)
    lc_hextab                                0x08005d18   Data          20  _printf_hex_int.o(.constdata)
    .constdata                               0x08005d2c   Section      148  bigflt0.o(.constdata)
    tenpwrs_x                                0x08005d2c   Data          60  bigflt0.o(.constdata)
    tenpwrs_i                                0x08005d68   Data          64  bigflt0.o(.constdata)
    locale$$data                             0x08005de0   Section       28  lc_numeric_c.o(locale$$data)
    __lcnum_c_name                           0x08005de4   Data           2  lc_numeric_c.o(locale$$data)
    __lcnum_c_start                          0x08005dec   Data           0  lc_numeric_c.o(locale$$data)
    __lcnum_c_point                          0x08005df8   Data           0  lc_numeric_c.o(locale$$data)
    __lcnum_c_thousands                      0x08005dfa   Data           0  lc_numeric_c.o(locale$$data)
    __lcnum_c_grouping                       0x08005dfb   Data           0  lc_numeric_c.o(locale$$data)
    __lcnum_c_end                            0x08005dfc   Data           0  lc_numeric_c.o(locale$$data)
    .data                                    0x20000000   Section       19  main.o(.data)
    .data                                    0x20000013   Section       16  stm32f4xx_rcc.o(.data)
    APBAHBPrescTable                         0x20000013   Data          16  stm32f4xx_rcc.o(.data)
    .data                                    0x20000023   Section        5  led.o(.data)
    .data                                    0x20000028   Section        8  sblink.o(.data)
    .data                                    0x20000030   Section        4  keyboard.o(.data)
    .data                                    0x20000034   Section        4  delay.o(.data)
    fac_us                                   0x20000034   Data           1  delay.o(.data)
    fac_ms                                   0x20000036   Data           2  delay.o(.data)
    .data                                    0x20000038   Section        8  usart.o(.data)
    .bss                                     0x20000040   Section      396  main.o(.bss)
    .bss                                     0x200001cc   Section       24  led.o(.bss)
    .bss                                     0x200001e4   Section      144  parameter.o(.bss)
    .bss                                     0x20000274   Section     8192  oled.o(.bss)
    .bss                                     0x20002274   Section      200  usart.o(.bss)
    .bss                                     0x2000233c   Section       96  libspace.o(.bss)
    HEAP                                     0x200023a0   Section      512  startup_stm32f40_41xxx.o(HEAP)
    Heap_Mem                                 0x200023a0   Data         512  startup_stm32f40_41xxx.o(HEAP)
    STACK                                    0x200025a0   Section     1024  startup_stm32f40_41xxx.o(STACK)
    Stack_Mem                                0x200025a0   Data        1024  startup_stm32f40_41xxx.o(STACK)
    __initial_sp                             0x200029a0   Data           0  startup_stm32f40_41xxx.o(STACK)

    Global Symbols

    Symbol Name                              Value     Ov Type        Size  Object(Section)

    BuildAttributes$$THM_ISAv4$E$P$D$K$B$S$7EM$VFPi3$EXTD16$VFPS$VFMA$PE$A:L22UL41UL21$X:L11$S22US41US21$IEEE1$IW$USESV6$~STKCKD$USESV7$~SHL$OTIME$ROPI$IEEEX$EBA8$UX$STANDARDLIB$REQ8$PRES8$EABIv2 0x00000000   Number         0  anon$$obj.o ABSOLUTE
    __ARM_use_no_argv                        0x00000000   Number         0  main.o ABSOLUTE
    __ARM_exceptions_init                     - Undefined Weak Reference
    __alloca_initialize                       - Undefined Weak Reference
    __arm_preinit_                            - Undefined Weak Reference
    __cpp_initialize__aeabi_                  - Undefined Weak Reference
    __cxa_finalize                            - Undefined Weak Reference
    __sigvec_lookup                           - Undefined Weak Reference
    _atexit_init                              - Undefined Weak Reference
    _call_atexit_fns                          - Undefined Weak Reference
    _clock_init                               - Undefined Weak Reference
    _fp_trap_init                             - Undefined Weak Reference
    _fp_trap_shutdown                         - Undefined Weak Reference
    _get_lc_collate                           - Undefined Weak Reference
    _get_lc_ctype                             - Undefined Weak Reference
    _get_lc_monetary                          - Undefined Weak Reference
    _get_lc_time                              - Undefined Weak Reference
    _getenv_init                              - Undefined Weak Reference
    _handle_redirection                       - Undefined Weak Reference
    _init_alloc                               - Undefined Weak Reference
    _init_user_alloc                          - Undefined Weak Reference
    _initio                                   - Undefined Weak Reference
    _mutex_acquire                            - Undefined Weak Reference
    _mutex_release                            - Undefined Weak Reference
    _printf_mbtowc                            - Undefined Weak Reference
    _printf_post_padding                      - Undefined Weak Reference
    _printf_pre_padding                       - Undefined Weak Reference
    _printf_truncate_signed                   - Undefined Weak Reference
    _printf_truncate_unsigned                 - Undefined Weak Reference
    _rand_init                                - Undefined Weak Reference
    _signal_finish                            - Undefined Weak Reference
    _signal_init                              - Undefined Weak Reference
    _terminate_alloc                          - Undefined Weak Reference
    _terminate_user_alloc                     - Undefined Weak Reference
    _terminateio                              - Undefined Weak Reference
    __Vectors_Size                           0x00000188   Number         0  startup_stm32f40_41xxx.o ABSOLUTE
    __Vectors                                0x08000000   Data           4  startup_stm32f40_41xxx.o(RESET)
    __Vectors_End                            0x08000188   Data           0  startup_stm32f40_41xxx.o(RESET)
    __main                                   0x08000189   Thumb Code     8  __main.o(!!!main)
    __scatterload                            0x08000191   Thumb Code     0  __scatter.o(!!!scatter)
    __scatterload_rt2                        0x08000191   Thumb Code    44  __scatter.o(!!!scatter)
    __scatterload_rt2_thumb_only             0x08000191   Thumb Code     0  __scatter.o(!!!scatter)
    __scatterload_null                       0x0800019f   Thumb Code     0  __scatter.o(!!!scatter)
    __scatterload_copy                       0x080001c5   Thumb Code    26  __scatter_copy.o(!!handler_copy)
    __scatterload_zeroinit                   0x080001e1   Thumb Code    28  __scatter_zi.o(!!handler_zi)
    _printf_f                                0x080001fd   Thumb Code     0  _printf_f.o(.ARM.Collect$$_printf_percent$$00000003)
    _printf_percent                          0x080001fd   Thumb Code     0  _printf_percent.o(.ARM.Collect$$_printf_percent$$00000000)
    _printf_d                                0x08000203   Thumb Code     0  _printf_d.o(.ARM.Collect$$_printf_percent$$00000009)
    _printf_x                                0x08000209   Thumb Code     0  _printf_x.o(.ARM.Collect$$_printf_percent$$0000000C)
    _printf_s                                0x0800020f   Thumb Code     0  _printf_s.o(.ARM.Collect$$_printf_percent$$00000014)
    _printf_percent_end                      0x08000215   Thumb Code     0  _printf_percent_end.o(.ARM.Collect$$_printf_percent$$00000017)
    __rt_lib_init                            0x08000219   Thumb Code     0  libinit.o(.ARM.Collect$$libinit$$00000000)
    __rt_lib_init_fp_1                       0x0800021b   Thumb Code     0  libinit2.o(.ARM.Collect$$libinit$$00000001)
    __rt_lib_init_heap_1                     0x0800021f   Thumb Code     0  libinit2.o(.ARM.Collect$$libinit$$0000000A)
    __rt_lib_init_lc_common                  0x0800021f   Thumb Code     0  libinit2.o(.ARM.Collect$$libinit$$0000000F)
    __rt_lib_init_preinit_1                  0x0800021f   Thumb Code     0  libinit2.o(.ARM.Collect$$libinit$$00000004)
    __rt_lib_init_rand_1                     0x0800021f   Thumb Code     0  libinit2.o(.ARM.Collect$$libinit$$0000000E)
    __rt_lib_init_user_alloc_1               0x0800021f   Thumb Code     0  libinit2.o(.ARM.Collect$$libinit$$0000000C)
    __rt_lib_init_lc_collate_1               0x08000225   Thumb Code     0  libinit2.o(.ARM.Collect$$libinit$$00000011)
    __rt_lib_init_lc_ctype_1                 0x08000225   Thumb Code     0  libinit2.o(.ARM.Collect$$libinit$$00000013)
    __rt_lib_init_lc_monetary_1              0x08000225   Thumb Code     0  libinit2.o(.ARM.Collect$$libinit$$00000015)
    __rt_lib_init_lc_numeric_2               0x08000225   Thumb Code     0  libinit2.o(.ARM.Collect$$libinit$$00000016)
    __rt_lib_init_alloca_1                   0x0800022f   Thumb Code     0  libinit2.o(.ARM.Collect$$libinit$$0000002E)
    __rt_lib_init_argv_1                     0x0800022f   Thumb Code     0  libinit2.o(.ARM.Collect$$libinit$$0000002C)
    __rt_lib_init_atexit_1                   0x0800022f   Thumb Code     0  libinit2.o(.ARM.Collect$$libinit$$0000001B)
    __rt_lib_init_clock_1                    0x0800022f   Thumb Code     0  libinit2.o(.ARM.Collect$$libinit$$00000021)
    __rt_lib_init_cpp_1                      0x0800022f   Thumb Code     0  libinit2.o(.ARM.Collect$$libinit$$00000032)
    __rt_lib_init_exceptions_1               0x0800022f   Thumb Code     0  libinit2.o(.ARM.Collect$$libinit$$00000030)
    __rt_lib_init_fp_trap_1                  0x0800022f   Thumb Code     0  libinit2.o(.ARM.Collect$$libinit$$0000001F)
    __rt_lib_init_getenv_1                   0x0800022f   Thumb Code     0  libinit2.o(.ARM.Collect$$libinit$$00000023)
    __rt_lib_init_lc_numeric_1               0x0800022f   Thumb Code     0  libinit2.o(.ARM.Collect$$libinit$$00000017)
    __rt_lib_init_lc_time_1                  0x0800022f   Thumb Code     0  libinit2.o(.ARM.Collect$$libinit$$00000019)
    __rt_lib_init_return                     0x0800022f   Thumb Code     0  libinit2.o(.ARM.Collect$$libinit$$00000033)
    __rt_lib_init_signal_1                   0x0800022f   Thumb Code     0  libinit2.o(.ARM.Collect$$libinit$$0000001D)
    __rt_lib_init_stdio_1                    0x0800022f   Thumb Code     0  libinit2.o(.ARM.Collect$$libinit$$00000025)
    __rt_lib_shutdown                        0x08000231   Thumb Code     0  libshutdown.o(.ARM.Collect$$libshutdown$$00000000)
    __rt_lib_shutdown_cpp_1                  0x08000233   Thumb Code     0  libshutdown2.o(.ARM.Collect$$libshutdown$$00000002)
    __rt_lib_shutdown_fp_trap_1              0x08000233   Thumb Code     0  libshutdown2.o(.ARM.Collect$$libshutdown$$00000007)
    __rt_lib_shutdown_heap_1                 0x08000233   Thumb Code     0  libshutdown2.o(.ARM.Collect$$libshutdown$$0000000F)
    __rt_lib_shutdown_return                 0x08000233   Thumb Code     0  libshutdown2.o(.ARM.Collect$$libshutdown$$00000010)
    __rt_lib_shutdown_signal_1               0x08000233   Thumb Code     0  libshutdown2.o(.ARM.Collect$$libshutdown$$0000000A)
    __rt_lib_shutdown_stdio_1                0x08000233   Thumb Code     0  libshutdown2.o(.ARM.Collect$$libshutdown$$00000004)
    __rt_lib_shutdown_user_alloc_1           0x08000233   Thumb Code     0  libshutdown2.o(.ARM.Collect$$libshutdown$$0000000C)
    __rt_entry                               0x08000235   Thumb Code     0  __rtentry.o(.ARM.Collect$$rtentry$$00000000)
    __rt_entry_presh_1                       0x08000235   Thumb Code     0  __rtentry2.o(.ARM.Collect$$rtentry$$00000002)
    __rt_entry_sh                            0x08000235   Thumb Code     0  __rtentry4.o(.ARM.Collect$$rtentry$$00000004)
    __rt_entry_li                            0x0800023b   Thumb Code     0  __rtentry2.o(.ARM.Collect$$rtentry$$0000000A)
    __rt_entry_postsh_1                      0x0800023b   Thumb Code     0  __rtentry2.o(.ARM.Collect$$rtentry$$00000009)
    __rt_entry_main                          0x0800023f   Thumb Code     0  __rtentry2.o(.ARM.Collect$$rtentry$$0000000D)
    __rt_entry_postli_1                      0x0800023f   Thumb Code     0  __rtentry2.o(.ARM.Collect$$rtentry$$0000000C)
    __rt_exit                                0x08000247   Thumb Code     0  rtexit.o(.ARM.Collect$$rtexit$$00000000)
    __rt_exit_ls                             0x08000249   Thumb Code     0  rtexit2.o(.ARM.Collect$$rtexit$$00000003)
    __rt_exit_prels_1                        0x08000249   Thumb Code     0  rtexit2.o(.ARM.Collect$$rtexit$$00000002)
    __rt_exit_exit                           0x0800024d   Thumb Code     0  rtexit2.o(.ARM.Collect$$rtexit$$00000004)
    Reset_Handler                            0x08000255   Thumb Code     8  startup_stm32f40_41xxx.o(.text)
    ADC_IRQHandler                           0x0800026f   Thumb Code     0  startup_stm32f40_41xxx.o(.text)
    CAN1_RX0_IRQHandler                      0x0800026f   Thumb Code     0  startup_stm32f40_41xxx.o(.text)
    CAN1_RX1_IRQHandler                      0x0800026f   Thumb Code     0  startup_stm32f40_41xxx.o(.text)
    CAN1_SCE_IRQHandler                      0x0800026f   Thumb Code     0  startup_stm32f40_41xxx.o(.text)
    CAN1_TX_IRQHandler                       0x0800026f   Thumb Code     0  startup_stm32f40_41xxx.o(.text)
    CAN2_RX0_IRQHandler                      0x0800026f   Thumb Code     0  startup_stm32f40_41xxx.o(.text)
    CAN2_RX1_IRQHandler                      0x0800026f   Thumb Code     0  startup_stm32f40_41xxx.o(.text)
    CAN2_SCE_IRQHandler                      0x0800026f   Thumb Code     0  startup_stm32f40_41xxx.o(.text)
    CAN2_TX_IRQHandler                       0x0800026f   Thumb Code     0  startup_stm32f40_41xxx.o(.text)
    CRYP_IRQHandler                          0x0800026f   Thumb Code     0  startup_stm32f40_41xxx.o(.text)
    DCMI_IRQHandler                          0x0800026f   Thumb Code     0  startup_stm32f40_41xxx.o(.text)
    DMA1_Stream0_IRQHandler                  0x0800026f   Thumb Code     0  startup_stm32f40_41xxx.o(.text)
    DMA1_Stream1_IRQHandler                  0x0800026f   Thumb Code     0  startup_stm32f40_41xxx.o(.text)
    DMA1_Stream2_IRQHandler                  0x0800026f   Thumb Code     0  startup_stm32f40_41xxx.o(.text)
    DMA1_Stream3_IRQHandler                  0x0800026f   Thumb Code     0  startup_stm32f40_41xxx.o(.text)
    DMA1_Stream4_IRQHandler                  0x0800026f   Thumb Code     0  startup_stm32f40_41xxx.o(.text)
    DMA1_Stream5_IRQHandler                  0x0800026f   Thumb Code     0  startup_stm32f40_41xxx.o(.text)
    DMA1_Stream6_IRQHandler                  0x0800026f   Thumb Code     0  startup_stm32f40_41xxx.o(.text)
    DMA1_Stream7_IRQHandler                  0x0800026f   Thumb Code     0  startup_stm32f40_41xxx.o(.text)
    DMA2_Stream0_IRQHandler                  0x0800026f   Thumb Code     0  startup_stm32f40_41xxx.o(.text)
    DMA2_Stream1_IRQHandler                  0x0800026f   Thumb Code     0  startup_stm32f40_41xxx.o(.text)
    DMA2_Stream2_IRQHandler                  0x0800026f   Thumb Code     0  startup_stm32f40_41xxx.o(.text)
    DMA2_Stream3_IRQHandler                  0x0800026f   Thumb Code     0  startup_stm32f40_41xxx.o(.text)
    DMA2_Stream4_IRQHandler                  0x0800026f   Thumb Code     0  startup_stm32f40_41xxx.o(.text)
    DMA2_Stream6_IRQHandler                  0x0800026f   Thumb Code     0  startup_stm32f40_41xxx.o(.text)
    ETH_IRQHandler                           0x0800026f   Thumb Code     0  startup_stm32f40_41xxx.o(.text)
    ETH_WKUP_IRQHandler                      0x0800026f   Thumb Code     0  startup_stm32f40_41xxx.o(.text)
    EXTI2_IRQHandler                         0x0800026f   Thumb Code     0  startup_stm32f40_41xxx.o(.text)
    EXTI3_IRQHandler                         0x0800026f   Thumb Code     0  startup_stm32f40_41xxx.o(.text)
    EXTI4_IRQHandler                         0x0800026f   Thumb Code     0  startup_stm32f40_41xxx.o(.text)
    EXTI9_5_IRQHandler                       0x0800026f   Thumb Code     0  startup_stm32f40_41xxx.o(.text)
    FLASH_IRQHandler                         0x0800026f   Thumb Code     0  startup_stm32f40_41xxx.o(.text)
    FPU_IRQHandler                           0x0800026f   Thumb Code     0  startup_stm32f40_41xxx.o(.text)
    FSMC_IRQHandler                          0x0800026f   Thumb Code     0  startup_stm32f40_41xxx.o(.text)
    HASH_RNG_IRQHandler                      0x0800026f   Thumb Code     0  startup_stm32f40_41xxx.o(.text)
    I2C1_ER_IRQHandler                       0x0800026f   Thumb Code     0  startup_stm32f40_41xxx.o(.text)
    I2C1_EV_IRQHandler                       0x0800026f   Thumb Code     0  startup_stm32f40_41xxx.o(.text)
    I2C2_ER_IRQHandler                       0x0800026f   Thumb Code     0  startup_stm32f40_41xxx.o(.text)
    I2C2_EV_IRQHandler                       0x0800026f   Thumb Code     0  startup_stm32f40_41xxx.o(.text)
    I2C3_ER_IRQHandler                       0x0800026f   Thumb Code     0  startup_stm32f40_41xxx.o(.text)
    I2C3_EV_IRQHandler                       0x0800026f   Thumb Code     0  startup_stm32f40_41xxx.o(.text)
    OTG_FS_IRQHandler                        0x0800026f   Thumb Code     0  startup_stm32f40_41xxx.o(.text)
    OTG_FS_WKUP_IRQHandler                   0x0800026f   Thumb Code     0  startup_stm32f40_41xxx.o(.text)
    OTG_HS_EP1_IN_IRQHandler                 0x0800026f   Thumb Code     0  startup_stm32f40_41xxx.o(.text)
    OTG_HS_EP1_OUT_IRQHandler                0x0800026f   Thumb Code     0  startup_stm32f40_41xxx.o(.text)
    OTG_HS_IRQHandler                        0x0800026f   Thumb Code     0  startup_stm32f40_41xxx.o(.text)
    OTG_HS_WKUP_IRQHandler                   0x0800026f   Thumb Code     0  startup_stm32f40_41xxx.o(.text)
    PVD_IRQHandler                           0x0800026f   Thumb Code     0  startup_stm32f40_41xxx.o(.text)
    RCC_IRQHandler                           0x0800026f   Thumb Code     0  startup_stm32f40_41xxx.o(.text)
    RTC_Alarm_IRQHandler                     0x0800026f   Thumb Code     0  startup_stm32f40_41xxx.o(.text)
    RTC_WKUP_IRQHandler                      0x0800026f   Thumb Code     0  startup_stm32f40_41xxx.o(.text)
    SDIO_IRQHandler                          0x0800026f   Thumb Code     0  startup_stm32f40_41xxx.o(.text)
    SPI1_IRQHandler                          0x0800026f   Thumb Code     0  startup_stm32f40_41xxx.o(.text)
    SPI2_IRQHandler                          0x0800026f   Thumb Code     0  startup_stm32f40_41xxx.o(.text)
    SPI3_IRQHandler                          0x0800026f   Thumb Code     0  startup_stm32f40_41xxx.o(.text)
    TAMP_STAMP_IRQHandler                    0x0800026f   Thumb Code     0  startup_stm32f40_41xxx.o(.text)
    TIM1_BRK_TIM9_IRQHandler                 0x0800026f   Thumb Code     0  startup_stm32f40_41xxx.o(.text)
    TIM1_CC_IRQHandler                       0x0800026f   Thumb Code     0  startup_stm32f40_41xxx.o(.text)
    TIM1_TRG_COM_TIM11_IRQHandler            0x0800026f   Thumb Code     0  startup_stm32f40_41xxx.o(.text)
    TIM1_UP_TIM10_IRQHandler                 0x0800026f   Thumb Code     0  startup_stm32f40_41xxx.o(.text)
    TIM2_IRQHandler                          0x0800026f   Thumb Code     0  startup_stm32f40_41xxx.o(.text)
    TIM4_IRQHandler                          0x0800026f   Thumb Code     0  startup_stm32f40_41xxx.o(.text)
    TIM5_IRQHandler                          0x0800026f   Thumb Code     0  startup_stm32f40_41xxx.o(.text)
    TIM6_DAC_IRQHandler                      0x0800026f   Thumb Code     0  startup_stm32f40_41xxx.o(.text)
    TIM8_BRK_TIM12_IRQHandler                0x0800026f   Thumb Code     0  startup_stm32f40_41xxx.o(.text)
    TIM8_CC_IRQHandler                       0x0800026f   Thumb Code     0  startup_stm32f40_41xxx.o(.text)
    TIM8_TRG_COM_TIM14_IRQHandler            0x0800026f   Thumb Code     0  startup_stm32f40_41xxx.o(.text)
    TIM8_UP_TIM13_IRQHandler                 0x0800026f   Thumb Code     0  startup_stm32f40_41xxx.o(.text)
    UART4_IRQHandler                         0x0800026f   Thumb Code     0  startup_stm32f40_41xxx.o(.text)
    UART5_IRQHandler                         0x0800026f   Thumb Code     0  startup_stm32f40_41xxx.o(.text)
    USART3_IRQHandler                        0x0800026f   Thumb Code     0  startup_stm32f40_41xxx.o(.text)
    USART6_IRQHandler                        0x0800026f   Thumb Code     0  startup_stm32f40_41xxx.o(.text)
    WWDG_IRQHandler                          0x0800026f   Thumb Code     0  startup_stm32f40_41xxx.o(.text)
    __user_initial_stackheap                 0x08000271   Thumb Code     0  startup_stm32f40_41xxx.o(.text)
    __use_no_semihosting                     0x08000295   Thumb Code     2  use_no_semi_2.o(.text)
    __2printf                                0x08000299   Thumb Code    20  noretval__2printf.o(.text)
    __printf                                 0x080002b1   Thumb Code   104  __printf.o(.text)
    _printf_str                              0x08000319   Thumb Code    82  _printf_str.o(.text)
    _printf_int_dec                          0x0800036d   Thumb Code   104  _printf_dec.o(.text)
    _printf_int_hex                          0x080003e5   Thumb Code    84  _printf_hex_int.o(.text)
    _printf_longlong_hex                     0x080003e5   Thumb Code     0  _printf_hex_int.o(.text)
    __aeabi_memset                           0x0800043d   Thumb Code    16  aeabi_memset.o(.text)
    __aeabi_memclr                           0x0800044d   Thumb Code     0  rt_memclr.o(.text)
    __rt_memclr                              0x0800044d   Thumb Code    68  rt_memclr.o(.text)
    _memset                                  0x08000451   Thumb Code     0  rt_memclr.o(.text)
    strcmp                                   0x08000491   Thumb Code   128  strcmpv7m.o(.text)
    __use_two_region_memory                  0x08000511   Thumb Code     2  heapauxi.o(.text)
    __rt_heap_escrow$2region                 0x08000513   Thumb Code     2  heapauxi.o(.text)
    __rt_heap_expand$2region                 0x08000515   Thumb Code     2  heapauxi.o(.text)
    __I$use$semihosting                      0x08000517   Thumb Code     0  use_no_semi.o(.text)
    __use_no_semihosting_swi                 0x08000517   Thumb Code     2  use_no_semi.o(.text)
    _printf_int_common                       0x08000519   Thumb Code   178  _printf_intcommon.o(.text)
    __lib_sel_fp_printf                      0x080005cb   Thumb Code     2  _printf_fp_dec.o(.text)
    _printf_fp_dec_real                      0x0800077d   Thumb Code   620  _printf_fp_dec.o(.text)
    _printf_cs_common                        0x080009e9   Thumb Code    20  _printf_char.o(.text)
    _printf_char                             0x080009fd   Thumb Code    16  _printf_char.o(.text)
    _printf_string                           0x08000a0d   Thumb Code     8  _printf_char.o(.text)
    _printf_char_file                        0x08000a15   Thumb Code    32  _printf_char_file.o(.text)
    __aeabi_memclr4                          0x08000a39   Thumb Code     0  rt_memclr_w.o(.text)
    __aeabi_memclr8                          0x08000a39   Thumb Code     0  rt_memclr_w.o(.text)
    __rt_memclr_w                            0x08000a39   Thumb Code    78  rt_memclr_w.o(.text)
    _memset_w                                0x08000a3d   Thumb Code     0  rt_memclr_w.o(.text)
    __rt_locale                              0x08000a89   Thumb Code     8  rt_locale_intlibspace.o(.text)
    _ll_udiv10                               0x08000a91   Thumb Code   138  lludiv10.o(.text)
    _printf_char_common                      0x08000b27   Thumb Code    32  _printf_char_common.o(.text)
    _printf_fp_infnan                        0x08000b4d   Thumb Code   112  _printf_fp_infnan.o(.text)
    _btod_etento                             0x08000bcd   Thumb Code   224  bigflt0.o(.text)
    ferror                                   0x08000cb1   Thumb Code     8  ferror.o(.text)
    __user_libspace                          0x08000cb9   Thumb Code     8  libspace.o(.text)
    __user_perproc_libspace                  0x08000cb9   Thumb Code     0  libspace.o(.text)
    __user_perthread_libspace                0x08000cb9   Thumb Code     0  libspace.o(.text)
    __user_setup_stackheap                   0x08000cc1   Thumb Code    74  sys_stackheap_outer.o(.text)
    exit                                     0x08000d0b   Thumb Code    18  exit.o(.text)
    _btod_d2e                                0x08000d1d   Thumb Code    62  btod.o(CL$$btod_d2e)
    _d2e_denorm_low                          0x08000d5b   Thumb Code    70  btod.o(CL$$btod_d2e_denorm_low)
    _d2e_norm_op1                            0x08000da1   Thumb Code    96  btod.o(CL$$btod_d2e_norm_op1)
    __btod_div_common                        0x08000e01   Thumb Code   696  btod.o(CL$$btod_div_common)
    _e2e                                     0x08001139   Thumb Code   220  btod.o(CL$$btod_e2e)
    _btod_ediv                               0x08001215   Thumb Code    42  btod.o(CL$$btod_ediv)
    _btod_emul                               0x0800123f   Thumb Code    42  btod.o(CL$$btod_emul)
    __btod_mult_common                       0x08001269   Thumb Code   580  btod.o(CL$$btod_mult_common)
    AD7606FSMCInit                           0x080014ad   Thumb Code   536  ad7606fsmc.o(i.AD7606FSMCInit)
    AD7606FSMCRead                           0x080016d5   Thumb Code   156  ad7606fsmc.o(i.AD7606FSMCRead)
    AD7606FSMCReset                          0x08001779   Thumb Code    32  ad7606fsmc.o(i.AD7606FSMCReset)
    AnalyzePkg                               0x080017a1   Thumb Code   262  main.o(i.AnalyzePkg)
    BusFault_Handler                         0x08001931   Thumb Code     4  stm32f4xx_it.o(i.BusFault_Handler)
    DACInit                                  0x08001935   Thumb Code    84  dac.o(i.DACInit)
    DACSet                                   0x08001991   Thumb Code    50  dac.o(i.DACSet)
    DAC_Cmd                                  0x080019c5   Thumb Code    34  stm32f4xx_dac.o(i.DAC_Cmd)
    DAC_Init                                 0x080019ed   Thumb Code    46  stm32f4xx_dac.o(i.DAC_Init)
    DAC_SetChannel1Data                      0x08001a21   Thumb Code    26  stm32f4xx_dac.o(i.DAC_SetChannel1Data)
    DMA2_Stream5_IRQHandler                  0x08001a41   Thumb Code    42  oled.o(i.DMA2_Stream5_IRQHandler)
    DMA2_Stream7_IRQHandler                  0x08001a79   Thumb Code    46  sblink.o(i.DMA2_Stream7_IRQHandler)
    DMA_ClearFlag                            0x08001ab1   Thumb Code    38  stm32f4xx_dma.o(i.DMA_ClearFlag)
    DMA_DeInit                               0x08001ae5   Thumb Code   324  stm32f4xx_dma.o(i.DMA_DeInit)
    DMA_GetCmdStatus                         0x08001c3d   Thumb Code    20  stm32f4xx_dma.o(i.DMA_GetCmdStatus)
    DMA_GetFlagStatus                        0x08001c51   Thumb Code    54  stm32f4xx_dma.o(i.DMA_GetFlagStatus)
    DMA_ITConfig                             0x08001c95   Thumb Code    58  stm32f4xx_dma.o(i.DMA_ITConfig)
    DMA_Init                                 0x08001cd1   Thumb Code    82  stm32f4xx_dma.o(i.DMA_Init)
    DebugMon_Handler                         0x08001d29   Thumb Code     2  stm32f4xx_it.o(i.DebugMon_Handler)
    EXTI0_IRQHandler                         0x08001d2d   Thumb Code    32  extin.o(i.EXTI0_IRQHandler)
    EXTI15_10_IRQHandler                     0x08001d51   Thumb Code    74  main.o(i.EXTI15_10_IRQHandler)
    EXTI1_IRQHandler                         0x08001da1   Thumb Code    30  extin.o(i.EXTI1_IRQHandler)
    EXTI_ClearITPendingBit                   0x08001dc5   Thumb Code     6  stm32f4xx_exti.o(i.EXTI_ClearITPendingBit)
    EXTI_GetITStatus                         0x08001dd1   Thumb Code    20  stm32f4xx_exti.o(i.EXTI_GetITStatus)
    EXTI_Init                                0x08001de9   Thumb Code   142  stm32f4xx_exti.o(i.EXTI_Init)
    FRAMInit                                 0x08001e7d   Thumb Code   192  mb85rs.o(i.FRAMInit)
    FRAMRead                                 0x08001f49   Thumb Code    84  mb85rs.o(i.FRAMRead)
    FRAMReceiveByte                          0x08001fa5   Thumb Code    64  mb85rs.o(i.FRAMReceiveByte)
    FRAMSendByte                             0x08001fe9   Thumb Code    56  mb85rs.o(i.FRAMSendByte)
    FRAMWrite                                0x08002025   Thumb Code   124  mb85rs.o(i.FRAMWrite)
    FSMC_NORSRAMCmd                          0x080020a9   Thumb Code    46  stm32f4xx_fsmc.o(i.FSMC_NORSRAMCmd)
    FSMC_NORSRAMInit                         0x080020dd   Thumb Code   282  stm32f4xx_fsmc.o(i.FSMC_NORSRAMInit)
    GPIO_Init                                0x08002201   Thumb Code   144  stm32f4xx_gpio.o(i.GPIO_Init)
    GPIO_PinAFConfig                         0x08002291   Thumb Code    70  stm32f4xx_gpio.o(i.GPIO_PinAFConfig)
    HardFault_Handler                        0x080022d7   Thumb Code     4  stm32f4xx_it.o(i.HardFault_Handler)
    KeyInit                                  0x080022dd   Thumb Code   212  keyboard.o(i.KeyInit)
    LEDInit                                  0x080023c5   Thumb Code   118  led.o(i.LEDInit)
    LEDSetPattern                            0x08002461   Thumb Code    26  led.o(i.LEDSetPattern)
    LEDUpdate                                0x08002489   Thumb Code   112  led.o(i.LEDUpdate)
    MainClockInit                            0x08002511   Thumb Code    90  timer.o(i.MainClockInit)
    MemManage_Handler                        0x08002571   Thumb Code     4  stm32f4xx_it.o(i.MemManage_Handler)
    NMI_Handler                              0x08002575   Thumb Code     2  stm32f4xx_it.o(i.NMI_Handler)
    NVIC_Init                                0x08002579   Thumb Code   106  misc.o(i.NVIC_Init)
    OledClear                                0x080025f1   Thumb Code    60  oled.o(i.OledClear)
    OledClearBuff                            0x08002631   Thumb Code    16  oled.o(i.OledClearBuff)
    OledDispOn                               0x08002645   Thumb Code    28  oled.o(i.OledDispOn)
    OledDrawBitmap                           0x08002665   Thumb Code   280  oled.o(i.OledDrawBitmap)
    OledDrawChar                             0x08002781   Thumb Code   120  oled.o(i.OledDrawChar)
    OledDrawInt                              0x08002805   Thumb Code   178  oled.o(i.OledDrawInt)
    OledDrawString                           0x080028b7   Thumb Code    46  oled.o(i.OledDrawString)
    OledInit                                 0x080028e5   Thumb Code   386  oled.o(i.OledInit)
    OledSendByte                             0x08002a7d   Thumb Code    34  oled.o(i.OledSendByte)
    OledStartUp                              0x08002aa9   Thumb Code   240  oled.o(i.OledStartUp)
    ParamRead                                0x08002ba5   Thumb Code   120  parameter.o(i.ParamRead)
    ParamReset                               0x08002c29   Thumb Code    96  parameter.o(i.ParamReset)
    ParamSet                                 0x08002c99   Thumb Code   240  parameter.o(i.ParamSet)
    ParamShow                                0x08002d91   Thumb Code   150  parameter.o(i.ParamShow)
    ParamWrite                               0x08002e61   Thumb Code    16  parameter.o(i.ParamWrite)
    PendSV_Handler                           0x08002e75   Thumb Code     2  stm32f4xx_it.o(i.PendSV_Handler)
    RCC_AHB1PeriphClockCmd                   0x08002e79   Thumb Code    26  stm32f4xx_rcc.o(i.RCC_AHB1PeriphClockCmd)
    RCC_AHB3PeriphClockCmd                   0x08002e99   Thumb Code    26  stm32f4xx_rcc.o(i.RCC_AHB3PeriphClockCmd)
    RCC_APB1PeriphClockCmd                   0x08002eb9   Thumb Code    26  stm32f4xx_rcc.o(i.RCC_APB1PeriphClockCmd)
    RCC_APB2PeriphClockCmd                   0x08002ed9   Thumb Code    26  stm32f4xx_rcc.o(i.RCC_APB2PeriphClockCmd)
    RCC_APB2PeriphResetCmd                   0x08002ef9   Thumb Code    26  stm32f4xx_rcc.o(i.RCC_APB2PeriphResetCmd)
    RCC_GetClocksFreq                        0x08002f19   Thumb Code   214  stm32f4xx_rcc.o(i.RCC_GetClocksFreq)
    SPI_Cmd                                  0x08003001   Thumb Code    24  stm32f4xx_spi.o(i.SPI_Cmd)
    SPI_I2S_DMACmd                           0x08003019   Thumb Code    18  stm32f4xx_spi.o(i.SPI_I2S_DMACmd)
    SPI_I2S_GetFlagStatus                    0x0800302b   Thumb Code    18  stm32f4xx_spi.o(i.SPI_I2S_GetFlagStatus)
    SPI_I2S_ReceiveData                      0x0800303d   Thumb Code     6  stm32f4xx_spi.o(i.SPI_I2S_ReceiveData)
    SPI_I2S_SendData                         0x08003043   Thumb Code     4  stm32f4xx_spi.o(i.SPI_I2S_SendData)
    SPI_Init                                 0x08003047   Thumb Code    60  stm32f4xx_spi.o(i.SPI_Init)
    SVC_Handler                              0x08003083   Thumb Code     2  stm32f4xx_it.o(i.SVC_Handler)
    SYSCFG_EXTILineConfig                    0x08003085   Thumb Code    60  stm32f4xx_syscfg.o(i.SYSCFG_EXTILineConfig)
    SamplingInit                             0x080030c5   Thumb Code   420  sampling.o(i.SamplingInit)
    SamplingIntUpdate                        0x08003289   Thumb Code    16  sampling.o(i.SamplingIntUpdate)
    SysTick_CLKSourceConfig                  0x08003389   Thumb Code    40  misc.o(i.SysTick_CLKSourceConfig)
    SysTick_Handler                          0x080033b1   Thumb Code     2  stm32f4xx_it.o(i.SysTick_Handler)
    SystemInit                               0x080033b5   Thumb Code    88  system_stm32f4xx.o(i.SystemInit)
    TIM3_IRQHandler                          0x0800341d   Thumb Code    54  sampling.o(i.TIM3_IRQHandler)
    TIM7_IRQHandler                          0x0800345d   Thumb Code    80  main.o(i.TIM7_IRQHandler)
    TIM_ARRPreloadConfig                     0x080034b9   Thumb Code    24  stm32f4xx_tim.o(i.TIM_ARRPreloadConfig)
    TIM_ClearITPendingBit                    0x080034d1   Thumb Code     6  stm32f4xx_tim.o(i.TIM_ClearITPendingBit)
    TIM_Cmd                                  0x080034d7   Thumb Code    24  stm32f4xx_tim.o(i.TIM_Cmd)
    TIM_GetITStatus                          0x080034ef   Thumb Code    34  stm32f4xx_tim.o(i.TIM_GetITStatus)
    TIM_ITConfig                             0x08003511   Thumb Code    18  stm32f4xx_tim.o(i.TIM_ITConfig)
    TIM_OC1Init                              0x08003525   Thumb Code   114  stm32f4xx_tim.o(i.TIM_OC1Init)
    TIM_OC1PreloadConfig                     0x080035a1   Thumb Code    18  stm32f4xx_tim.o(i.TIM_OC1PreloadConfig)
    TIM_TimeBaseInit                         0x080035b5   Thumb Code   104  stm32f4xx_tim.o(i.TIM_TimeBaseInit)
    USART1_IRQHandler                        0x08003639   Thumb Code    80  sblink.o(i.USART1_IRQHandler)
    USART2_IRQHandler                        0x0800369d   Thumb Code   124  usart.o(i.USART2_IRQHandler)
    USART_ClearFlag                          0x08003725   Thumb Code    18  stm32f4xx_usart.o(i.USART_ClearFlag)
    USART_ClearITPendingBit                  0x08003737   Thumb Code    30  stm32f4xx_usart.o(i.USART_ClearITPendingBit)
    USART_Cmd                                0x08003755   Thumb Code    24  stm32f4xx_usart.o(i.USART_Cmd)
    USART_GetFlagStatus                      0x0800376d   Thumb Code    26  stm32f4xx_usart.o(i.USART_GetFlagStatus)
    USART_GetITStatus                        0x08003787   Thumb Code    84  stm32f4xx_usart.o(i.USART_GetITStatus)
    USART_ITConfig                           0x080037db   Thumb Code    74  stm32f4xx_usart.o(i.USART_ITConfig)
    USART_Init                               0x08003825   Thumb Code   204  stm32f4xx_usart.o(i.USART_Init)
    USART_ReceiveData                        0x080038f9   Thumb Code    10  stm32f4xx_usart.o(i.USART_ReceiveData)
    UsageFault_Handler                       0x08003903   Thumb Code     4  stm32f4xx_it.o(i.UsageFault_Handler)
    WheelUpdate                              0x08003909   Thumb Code    30  keyboard.o(i.WheelUpdate)
    __ARM_fpclassify                         0x08003931   Thumb Code    48  fpclassify.o(i.__ARM_fpclassify)
    _sys_exit                                0x08003961   Thumb Code     4  usart.o(i._sys_exit)
    delay_init                               0x08003965   Thumb Code    52  delay.o(i.delay_init)
    delay_ms                                 0x080039a1   Thumb Code    56  delay.o(i.delay_ms)
    delay_xms                                0x080039d9   Thumb Code    72  delay.o(i.delay_xms)
    fputc                                    0x08003a25   Thumb Code    24  usart.o(i.fputc)
    initTestGPIO                             0x08003a41   Thumb Code    62  main.o(i.initTestGPIO)
    ledSetOut                                0x08003a8d   Thumb Code    52  led.o(i.ledSetOut)
    main                                     0x08003add   Thumb Code   302  main.o(i.main)
    oledSelectRect                           0x08003c6d   Thumb Code    58  oled.o(i.oledSelectRect)
    paramReadBinary                          0x08003cad   Thumb Code    40  parameter.o(i.paramReadBinary)
    paramReadFixed                           0x08003cd5   Thumb Code    38  parameter.o(i.paramReadFixed)
    uart_init                                0x08003cfd   Thumb Code   172  usart.o(i.uart_init)
    _get_lc_numeric                          0x08003db1   Thumb Code    44  lc_numeric_c.o(locale$$code)
    __fpl_dretinf                            0x08003ddd   Thumb Code    12  dretinf.o(x$fpl$dretinf)
    __aeabi_f2d                              0x08003de9   Thumb Code     0  f2d.o(x$fpl$f2d)
    _f2d                                     0x08003de9   Thumb Code    86  f2d.o(x$fpl$f2d)
    __fpl_fnaninf                            0x08003e3f   Thumb Code   140  fnaninf.o(x$fpl$fnaninf)
    _fp_init                                 0x08003ecb   Thumb Code    10  fpinit.o(x$fpl$fpinit)
    __fplib_config_fpu_vfp                   0x08003ed3   Thumb Code     0  fpinit.o(x$fpl$fpinit)
    __fplib_config_pureend_doubles           0x08003ed3   Thumb Code     0  fpinit.o(x$fpl$fpinit)
    _printf_fp_dec                           0x08003ed5   Thumb Code     4  printf1.o(x$fpl$printf1)
    __I$use$fp                               0x08003ed8   Number         0  usenofp.o(x$fpl$usenofp)
    gImage_logo                              0x08003ed8   Data        2048  main.o(.constdata)
    F6x8                                     0x080046d8   Data         570  oled.o(.constdata)
    F6x8g                                    0x08004912   Data        2280  oled.o(.constdata)
    F6x8gf                                   0x080051fa   Data        2280  oled.o(.constdata)
    parameterList                            0x08005ae4   Data         544  parameterlist.o(.constdata)
    Region$$Table$$Base                      0x08005dc0   Number         0  anon$$obj.o(Region$$Table)
    Region$$Table$$Limit                     0x08005de0   Number         0  anon$$obj.o(Region$$Table)
    cpucnt                                   0x20000000   Data           2  main.o(.data)
    lastKey                                  0x20000002   Data           1  main.o(.data)
    currKey                                  0x20000003   Data           1  main.o(.data)
    lastWheelPush                            0x20000004   Data           1  main.o(.data)
    currWheelPush                            0x20000005   Data           1  main.o(.data)
    lastWheel                                0x20000008   Data           4  main.o(.data)
    currWheel                                0x2000000c   Data           4  main.o(.data)
    keyPress                                 0x20000010   Data           1  main.o(.data)
    wheelPress                               0x20000011   Data           1  main.o(.data)
    currpage                                 0x20000012   Data           1  main.o(.data)
    _led_state                               0x20000023   Data           1  led.o(.data)
    _led_r                                   0x20000024   Data           1  led.o(.data)
    _led_g                                   0x20000025   Data           1  led.o(.data)
    _led_b                                   0x20000026   Data           1  led.o(.data)
    led_phase                                0x20000027   Data           1  led.o(.data)
    linkSeq                                  0x20000028   Data           1  sblink.o(.data)
    recBuffLen                               0x20000029   Data           2  sblink.o(.data)
    currBuff                                 0x2000002b   Data           1  sblink.o(.data)
    recState                                 0x2000002c   Data           1  sblink.o(.data)
    sblinkReady                              0x2000002d   Data           1  sblink.o(.data)
    recSum                                   0x2000002e   Data           1  sblink.o(.data)
    pkgLen                                   0x2000002f   Data           1  sblink.o(.data)
    wheel_value                              0x20000030   Data           4  keyboard.o(.data)
    USART_RX_STA                             0x20000038   Data           2  usart.o(.data)
    __stdout                                 0x2000003c   Data           4  usart.o(.data)
    tick                                     0x20000040   Data          12  main.o(.bss)
    sys                                      0x2000004c   Data         112  main.o(.bss)
    package                                  0x200000bc   Data         256  main.o(.bss)
    adraw                                    0x200001bc   Data          16  main.o(.bss)
    led_patterns                             0x200001cc   Data          12  led.o(.bss)
    led_backup                               0x200001d8   Data          12  led.o(.bss)
    params                                   0x200001e4   Data         144  parameter.o(.bss)
    oledBuff                                 0x20000274   Data        8192  oled.o(.bss)
    USART_RX_BUF                             0x20002274   Data         200  usart.o(.bss)
    __libspace_start                         0x2000233c   Data          96  libspace.o(.bss)
    __temporary_stack_top$libspace           0x2000239c   Data           0  libspace.o(.bss)



==============================================================================

Memory Map of the image

  Image Entry point : 0x08000189

  Load Region LR_IROM1 (Base: 0x08000000, Size: 0x00005e3c, Max: 0x00080000, ABSOLUTE)

    Execution Region ER_IROM1 (Exec base: 0x08000000, Load base: 0x08000000, Size: 0x00005dfc, Max: 0x00080000, ABSOLUTE)

    Exec Addr    Load Addr    Size         Type   Attr      Idx    E Section Name        Object

    0x08000000   0x08000000   0x00000188   Data   RO          345    RESET               startup_stm32f40_41xxx.o
    0x08000188   0x08000188   0x00000008   Code   RO         6805  * !!!main             c_w.l(__main.o)
    0x08000190   0x08000190   0x00000034   Code   RO         7112    !!!scatter          c_w.l(__scatter.o)
    0x080001c4   0x080001c4   0x0000001a   Code   RO         7114    !!handler_copy      c_w.l(__scatter_copy.o)
    0x080001de   0x080001de   0x00000002   PAD
    0x080001e0   0x080001e0   0x0000001c   Code   RO         7116    !!handler_zi        c_w.l(__scatter_zi.o)
    0x080001fc   0x080001fc   0x00000000   Code   RO         6794    .ARM.Collect$$_printf_percent$$00000000  c_w.l(_printf_percent.o)
    0x080001fc   0x080001fc   0x00000006   Code   RO         6793    .ARM.Collect$$_printf_percent$$00000003  c_w.l(_printf_f.o)
    0x08000202   0x08000202   0x00000006   Code   RO         6792    .ARM.Collect$$_printf_percent$$00000009  c_w.l(_printf_d.o)
    0x08000208   0x08000208   0x00000006   Code   RO         6791    .ARM.Collect$$_printf_percent$$0000000C  c_w.l(_printf_x.o)
    0x0800020e   0x0800020e   0x00000006   Code   RO         6790    .ARM.Collect$$_printf_percent$$00000014  c_w.l(_printf_s.o)
    0x08000214   0x08000214   0x00000004   Code   RO         6864    .ARM.Collect$$_printf_percent$$00000017  c_w.l(_printf_percent_end.o)
    0x08000218   0x08000218   0x00000002   Code   RO         6989    .ARM.Collect$$libinit$$00000000  c_w.l(libinit.o)
    0x0800021a   0x0800021a   0x00000004   Code   RO         6990    .ARM.Collect$$libinit$$00000001  c_w.l(libinit2.o)
    0x0800021e   0x0800021e   0x00000000   Code   RO         6993    .ARM.Collect$$libinit$$00000004  c_w.l(libinit2.o)
    0x0800021e   0x0800021e   0x00000000   Code   RO         6996    .ARM.Collect$$libinit$$0000000A  c_w.l(libinit2.o)
    0x0800021e   0x0800021e   0x00000000   Code   RO         6998    .ARM.Collect$$libinit$$0000000C  c_w.l(libinit2.o)
    0x0800021e   0x0800021e   0x00000000   Code   RO         7000    .ARM.Collect$$libinit$$0000000E  c_w.l(libinit2.o)
    0x0800021e   0x0800021e   0x00000006   Code   RO         7001    .ARM.Collect$$libinit$$0000000F  c_w.l(libinit2.o)
    0x08000224   0x08000224   0x00000000   Code   RO         7003    .ARM.Collect$$libinit$$00000011  c_w.l(libinit2.o)
    0x08000224   0x08000224   0x00000000   Code   RO         7005    .ARM.Collect$$libinit$$00000013  c_w.l(libinit2.o)
    0x08000224   0x08000224   0x00000000   Code   RO         7007    .ARM.Collect$$libinit$$00000015  c_w.l(libinit2.o)
    0x08000224   0x08000224   0x0000000a   Code   RO         7008    .ARM.Collect$$libinit$$00000016  c_w.l(libinit2.o)
    0x0800022e   0x0800022e   0x00000000   Code   RO         7009    .ARM.Collect$$libinit$$00000017  c_w.l(libinit2.o)
    0x0800022e   0x0800022e   0x00000000   Code   RO         7011    .ARM.Collect$$libinit$$00000019  c_w.l(libinit2.o)
    0x0800022e   0x0800022e   0x00000000   Code   RO         7013    .ARM.Collect$$libinit$$0000001B  c_w.l(libinit2.o)
    0x0800022e   0x0800022e   0x00000000   Code   RO         7015    .ARM.Collect$$libinit$$0000001D  c_w.l(libinit2.o)
    0x0800022e   0x0800022e   0x00000000   Code   RO         7017    .ARM.Collect$$libinit$$0000001F  c_w.l(libinit2.o)
    0x0800022e   0x0800022e   0x00000000   Code   RO         7019    .ARM.Collect$$libinit$$00000021  c_w.l(libinit2.o)
    0x0800022e   0x0800022e   0x00000000   Code   RO         7021    .ARM.Collect$$libinit$$00000023  c_w.l(libinit2.o)
    0x0800022e   0x0800022e   0x00000000   Code   RO         7023    .ARM.Collect$$libinit$$00000025  c_w.l(libinit2.o)
    0x0800022e   0x0800022e   0x00000000   Code   RO         7027    .ARM.Collect$$libinit$$0000002C  c_w.l(libinit2.o)
    0x0800022e   0x0800022e   0x00000000   Code   RO         7029    .ARM.Collect$$libinit$$0000002E  c_w.l(libinit2.o)
    0x0800022e   0x0800022e   0x00000000   Code   RO         7031    .ARM.Collect$$libinit$$00000030  c_w.l(libinit2.o)
    0x0800022e   0x0800022e   0x00000000   Code   RO         7033    .ARM.Collect$$libinit$$00000032  c_w.l(libinit2.o)
    0x0800022e   0x0800022e   0x00000002   Code   RO         7034    .ARM.Collect$$libinit$$00000033  c_w.l(libinit2.o)
    0x08000230   0x08000230   0x00000002   Code   RO         7062    .ARM.Collect$$libshutdown$$00000000  c_w.l(libshutdown.o)
    0x08000232   0x08000232   0x00000000   Code   RO         7071    .ARM.Collect$$libshutdown$$00000002  c_w.l(libshutdown2.o)
    0x08000232   0x08000232   0x00000000   Code   RO         7073    .ARM.Collect$$libshutdown$$00000004  c_w.l(libshutdown2.o)
    0x08000232   0x08000232   0x00000000   Code   RO         7076    .ARM.Collect$$libshutdown$$00000007  c_w.l(libshutdown2.o)
    0x08000232   0x08000232   0x00000000   Code   RO         7079    .ARM.Collect$$libshutdown$$0000000A  c_w.l(libshutdown2.o)
    0x08000232   0x08000232   0x00000000   Code   RO         7081    .ARM.Collect$$libshutdown$$0000000C  c_w.l(libshutdown2.o)
    0x08000232   0x08000232   0x00000000   Code   RO         7084    .ARM.Collect$$libshutdown$$0000000F  c_w.l(libshutdown2.o)
    0x08000232   0x08000232   0x00000002   Code   RO         7085    .ARM.Collect$$libshutdown$$00000010  c_w.l(libshutdown2.o)
    0x08000234   0x08000234   0x00000000   Code   RO         6853    .ARM.Collect$$rtentry$$00000000  c_w.l(__rtentry.o)
    0x08000234   0x08000234   0x00000000   Code   RO         6909    .ARM.Collect$$rtentry$$00000002  c_w.l(__rtentry2.o)
    0x08000234   0x08000234   0x00000006   Code   RO         6921    .ARM.Collect$$rtentry$$00000004  c_w.l(__rtentry4.o)
    0x0800023a   0x0800023a   0x00000000   Code   RO         6911    .ARM.Collect$$rtentry$$00000009  c_w.l(__rtentry2.o)
    0x0800023a   0x0800023a   0x00000004   Code   RO         6912    .ARM.Collect$$rtentry$$0000000A  c_w.l(__rtentry2.o)
    0x0800023e   0x0800023e   0x00000000   Code   RO         6914    .ARM.Collect$$rtentry$$0000000C  c_w.l(__rtentry2.o)
    0x0800023e   0x0800023e   0x00000008   Code   RO         6915    .ARM.Collect$$rtentry$$0000000D  c_w.l(__rtentry2.o)
    0x08000246   0x08000246   0x00000002   Code   RO         7035    .ARM.Collect$$rtexit$$00000000  c_w.l(rtexit.o)
    0x08000248   0x08000248   0x00000000   Code   RO         7042    .ARM.Collect$$rtexit$$00000002  c_w.l(rtexit2.o)
    0x08000248   0x08000248   0x00000004   Code   RO         7043    .ARM.Collect$$rtexit$$00000003  c_w.l(rtexit2.o)
    0x0800024c   0x0800024c   0x00000006   Code   RO         7044    .ARM.Collect$$rtexit$$00000004  c_w.l(rtexit2.o)
    0x08000252   0x08000252   0x00000002   PAD
    0x08000254   0x08000254   0x00000040   Code   RO          346    .text               startup_stm32f40_41xxx.o
    0x08000294   0x08000294   0x00000002   Code   RO         6737    .text               c_w.l(use_no_semi_2.o)
    0x08000296   0x08000296   0x00000002   PAD
    0x08000298   0x08000298   0x00000018   Code   RO         6741    .text               c_w.l(noretval__2printf.o)
    0x080002b0   0x080002b0   0x00000068   Code   RO         6743    .text               c_w.l(__printf.o)
    0x08000318   0x08000318   0x00000052   Code   RO         6745    .text               c_w.l(_printf_str.o)
    0x0800036a   0x0800036a   0x00000002   PAD
    0x0800036c   0x0800036c   0x00000078   Code   RO         6747    .text               c_w.l(_printf_dec.o)
    0x080003e4   0x080003e4   0x00000058   Code   RO         6752    .text               c_w.l(_printf_hex_int.o)
    0x0800043c   0x0800043c   0x00000010   Code   RO         6797    .text               c_w.l(aeabi_memset.o)
    0x0800044c   0x0800044c   0x00000044   Code   RO         6799    .text               c_w.l(rt_memclr.o)
    0x08000490   0x08000490   0x00000080   Code   RO         6801    .text               c_w.l(strcmpv7m.o)
    0x08000510   0x08000510   0x00000006   Code   RO         6803    .text               c_w.l(heapauxi.o)
    0x08000516   0x08000516   0x00000002   Code   RO         6851    .text               c_w.l(use_no_semi.o)
    0x08000518   0x08000518   0x000000b2   Code   RO         6856    .text               c_w.l(_printf_intcommon.o)
    0x080005ca   0x080005ca   0x0000041e   Code   RO         6858    .text               c_w.l(_printf_fp_dec.o)
    0x080009e8   0x080009e8   0x0000002c   Code   RO         6860    .text               c_w.l(_printf_char.o)
    0x08000a14   0x08000a14   0x00000024   Code   RO         6862    .text               c_w.l(_printf_char_file.o)
    0x08000a38   0x08000a38   0x0000004e   Code   RO         6867    .text               c_w.l(rt_memclr_w.o)
    0x08000a86   0x08000a86   0x00000002   PAD
    0x08000a88   0x08000a88   0x00000008   Code   RO         6926    .text               c_w.l(rt_locale_intlibspace.o)
    0x08000a90   0x08000a90   0x0000008a   Code   RO         6933    .text               c_w.l(lludiv10.o)
    0x08000b1a   0x08000b1a   0x00000002   PAD
    0x08000b1c   0x08000b1c   0x00000030   Code   RO         6935    .text               c_w.l(_printf_char_common.o)
    0x08000b4c   0x08000b4c   0x00000080   Code   RO         6937    .text               c_w.l(_printf_fp_infnan.o)
    0x08000bcc   0x08000bcc   0x000000e4   Code   RO         6939    .text               c_w.l(bigflt0.o)
    0x08000cb0   0x08000cb0   0x00000008   Code   RO         6964    .text               c_w.l(ferror.o)
    0x08000cb8   0x08000cb8   0x00000008   Code   RO         6975    .text               c_w.l(libspace.o)
    0x08000cc0   0x08000cc0   0x0000004a   Code   RO         6978    .text               c_w.l(sys_stackheap_outer.o)
    0x08000d0a   0x08000d0a   0x00000012   Code   RO         6982    .text               c_w.l(exit.o)
    0x08000d1c   0x08000d1c   0x0000003e   Code   RO         6942    CL$$btod_d2e        c_w.l(btod.o)
    0x08000d5a   0x08000d5a   0x00000046   Code   RO         6944    CL$$btod_d2e_denorm_low  c_w.l(btod.o)
    0x08000da0   0x08000da0   0x00000060   Code   RO         6943    CL$$btod_d2e_norm_op1  c_w.l(btod.o)
    0x08000e00   0x08000e00   0x00000338   Code   RO         6952    CL$$btod_div_common  c_w.l(btod.o)
    0x08001138   0x08001138   0x000000dc   Code   RO         6949    CL$$btod_e2e        c_w.l(btod.o)
    0x08001214   0x08001214   0x0000002a   Code   RO         6946    CL$$btod_ediv       c_w.l(btod.o)
    0x0800123e   0x0800123e   0x0000002a   Code   RO         6945    CL$$btod_emul       c_w.l(btod.o)
    0x08001268   0x08001268   0x00000244   Code   RO         6951    CL$$btod_mult_common  c_w.l(btod.o)
    0x080014ac   0x080014ac   0x00000228   Code   RO         5740    i.AD7606FSMCInit    ad7606fsmc.o
    0x080016d4   0x080016d4   0x000000a4   Code   RO         5741    i.AD7606FSMCRead    ad7606fsmc.o
    0x08001778   0x08001778   0x00000028   Code   RO         5742    i.AD7606FSMCReset   ad7606fsmc.o
    0x080017a0   0x080017a0   0x00000190   Code   RO            4    i.AnalyzePkg        main.o
    0x08001930   0x08001930   0x00000004   Code   RO          230    i.BusFault_Handler  stm32f4xx_it.o
    0x08001934   0x08001934   0x0000005c   Code   RO         6145    i.DACInit           dac.o
    0x08001990   0x08001990   0x00000032   Code   RO         6146    i.DACSet            dac.o
    0x080019c2   0x080019c2   0x00000002   PAD
    0x080019c4   0x080019c4   0x00000028   Code   RO         1157    i.DAC_Cmd           stm32f4xx_dac.o
    0x080019ec   0x080019ec   0x00000034   Code   RO         1165    i.DAC_Init          stm32f4xx_dac.o
    0x08001a20   0x08001a20   0x00000020   Code   RO         1166    i.DAC_SetChannel1Data  stm32f4xx_dac.o
    0x08001a40   0x08001a40   0x00000038   Code   RO         5834    i.DMA2_Stream5_IRQHandler  oled.o
    0x08001a78   0x08001a78   0x00000038   Code   RO         5615    i.DMA2_Stream7_IRQHandler  sblink.o
    0x08001ab0   0x08001ab0   0x00000034   Code   RO         1452    i.DMA_ClearFlag     stm32f4xx_dma.o
    0x08001ae4   0x08001ae4   0x00000158   Code   RO         1455    i.DMA_DeInit        stm32f4xx_dma.o
    0x08001c3c   0x08001c3c   0x00000014   Code   RO         1459    i.DMA_GetCmdStatus  stm32f4xx_dma.o
    0x08001c50   0x08001c50   0x00000044   Code   RO         1463    i.DMA_GetFlagStatus  stm32f4xx_dma.o
    0x08001c94   0x08001c94   0x0000003a   Code   RO         1465    i.DMA_ITConfig      stm32f4xx_dma.o
    0x08001cce   0x08001cce   0x00000002   PAD
    0x08001cd0   0x08001cd0   0x00000058   Code   RO         1466    i.DMA_Init          stm32f4xx_dma.o
    0x08001d28   0x08001d28   0x00000002   Code   RO          231    i.DebugMon_Handler  stm32f4xx_it.o
    0x08001d2a   0x08001d2a   0x00000002   PAD
    0x08001d2c   0x08001d2c   0x00000024   Code   RO         5794    i.EXTI0_IRQHandler  extin.o
    0x08001d50   0x08001d50   0x00000050   Code   RO            5    i.EXTI15_10_IRQHandler  main.o
    0x08001da0   0x08001da0   0x00000024   Code   RO         5795    i.EXTI1_IRQHandler  extin.o
    0x08001dc4   0x08001dc4   0x0000000c   Code   RO         1741    i.EXTI_ClearITPendingBit  stm32f4xx_exti.o
    0x08001dd0   0x08001dd0   0x00000018   Code   RO         1745    i.EXTI_GetITStatus  stm32f4xx_exti.o
    0x08001de8   0x08001de8   0x00000094   Code   RO         1746    i.EXTI_Init         stm32f4xx_exti.o
    0x08001e7c   0x08001e7c   0x000000cc   Code   RO         6020    i.FRAMInit          mb85rs.o
    0x08001f48   0x08001f48   0x0000005c   Code   RO         6021    i.FRAMRead          mb85rs.o
    0x08001fa4   0x08001fa4   0x00000044   Code   RO         6022    i.FRAMReceiveByte   mb85rs.o
    0x08001fe8   0x08001fe8   0x0000003c   Code   RO         6023    i.FRAMSendByte      mb85rs.o
    0x08002024   0x08002024   0x00000084   Code   RO         6024    i.FRAMWrite         mb85rs.o
    0x080020a8   0x080020a8   0x00000034   Code   RO         2129    i.FSMC_NORSRAMCmd   stm32f4xx_fsmc.o
    0x080020dc   0x080020dc   0x00000124   Code   RO         2131    i.FSMC_NORSRAMInit  stm32f4xx_fsmc.o
    0x08002200   0x08002200   0x00000090   Code   RO         2254    i.GPIO_Init         stm32f4xx_gpio.o
    0x08002290   0x08002290   0x00000046   Code   RO         2255    i.GPIO_PinAFConfig  stm32f4xx_gpio.o
    0x080022d6   0x080022d6   0x00000004   Code   RO          232    i.HardFault_Handler  stm32f4xx_it.o
    0x080022da   0x080022da   0x00000002   PAD
    0x080022dc   0x080022dc   0x000000e8   Code   RO         5971    i.KeyInit           keyboard.o
    0x080023c4   0x080023c4   0x0000009c   Code   RO         5386    i.LEDInit           led.o
    0x08002460   0x08002460   0x00000028   Code   RO         5388    i.LEDSetPattern     led.o
    0x08002488   0x08002488   0x00000088   Code   RO         5390    i.LEDUpdate         led.o
    0x08002510   0x08002510   0x00000060   Code   RO         5701    i.MainClockInit     timer.o
    0x08002570   0x08002570   0x00000004   Code   RO          233    i.MemManage_Handler  stm32f4xx_it.o
    0x08002574   0x08002574   0x00000002   Code   RO          234    i.NMI_Handler       stm32f4xx_it.o
    0x08002576   0x08002576   0x00000002   PAD
    0x08002578   0x08002578   0x00000078   Code   RO          353    i.NVIC_Init         misc.o
    0x080025f0   0x080025f0   0x00000040   Code   RO         5835    i.OledClear         oled.o
    0x08002630   0x08002630   0x00000014   Code   RO         5836    i.OledClearBuff     oled.o
    0x08002644   0x08002644   0x00000020   Code   RO         5838    i.OledDispOn        oled.o
    0x08002664   0x08002664   0x0000011c   Code   RO         5839    i.OledDrawBitmap    oled.o
    0x08002780   0x08002780   0x00000084   Code   RO         5840    i.OledDrawChar      oled.o
    0x08002804   0x08002804   0x000000b2   Code   RO         5842    i.OledDrawInt       oled.o
    0x080028b6   0x080028b6   0x0000002e   Code   RO         5843    i.OledDrawString    oled.o
    0x080028e4   0x080028e4   0x00000198   Code   RO         5844    i.OledInit          oled.o
    0x08002a7c   0x08002a7c   0x0000002c   Code   RO         5846    i.OledSendByte      oled.o
    0x08002aa8   0x08002aa8   0x000000fc   Code   RO         5850    i.OledStartUp       oled.o
    0x08002ba4   0x08002ba4   0x00000084   Code   RO         5455    i.ParamRead         parameter.o
    0x08002c28   0x08002c28   0x00000070   Code   RO         5456    i.ParamReset        parameter.o
    0x08002c98   0x08002c98   0x000000f8   Code   RO         5457    i.ParamSet          parameter.o
    0x08002d90   0x08002d90   0x000000d0   Code   RO         5459    i.ParamShow         parameter.o
    0x08002e60   0x08002e60   0x00000014   Code   RO         5460    i.ParamWrite        parameter.o
    0x08002e74   0x08002e74   0x00000002   Code   RO          235    i.PendSV_Handler    stm32f4xx_it.o
    0x08002e76   0x08002e76   0x00000002   PAD
    0x08002e78   0x08002e78   0x00000020   Code   RO         3180    i.RCC_AHB1PeriphClockCmd  stm32f4xx_rcc.o
    0x08002e98   0x08002e98   0x00000020   Code   RO         3186    i.RCC_AHB3PeriphClockCmd  stm32f4xx_rcc.o
    0x08002eb8   0x08002eb8   0x00000020   Code   RO         3189    i.RCC_APB1PeriphClockCmd  stm32f4xx_rcc.o
    0x08002ed8   0x08002ed8   0x00000020   Code   RO         3192    i.RCC_APB2PeriphClockCmd  stm32f4xx_rcc.o
    0x08002ef8   0x08002ef8   0x00000020   Code   RO         3194    i.RCC_APB2PeriphResetCmd  stm32f4xx_rcc.o
    0x08002f18   0x08002f18   0x000000e8   Code   RO         3201    i.RCC_GetClocksFreq  stm32f4xx_rcc.o
    0x08003000   0x08003000   0x00000018   Code   RO         4338    i.SPI_Cmd           stm32f4xx_spi.o
    0x08003018   0x08003018   0x00000012   Code   RO         4344    i.SPI_I2S_DMACmd    stm32f4xx_spi.o
    0x0800302a   0x0800302a   0x00000012   Code   RO         4346    i.SPI_I2S_GetFlagStatus  stm32f4xx_spi.o
    0x0800303c   0x0800303c   0x00000006   Code   RO         4349    i.SPI_I2S_ReceiveData  stm32f4xx_spi.o
    0x08003042   0x08003042   0x00000004   Code   RO         4350    i.SPI_I2S_SendData  stm32f4xx_spi.o
    0x08003046   0x08003046   0x0000003c   Code   RO         4351    i.SPI_Init          stm32f4xx_spi.o
    0x08003082   0x08003082   0x00000002   Code   RO          236    i.SVC_Handler       stm32f4xx_it.o
    0x08003084   0x08003084   0x00000040   Code   RO         4503    i.SYSCFG_EXTILineConfig  stm32f4xx_syscfg.o
    0x080030c4   0x080030c4   0x000001c4   Code   RO         6094    i.SamplingInit      sampling.o
    0x08003288   0x08003288   0x00000014   Code   RO         6095    i.SamplingIntUpdate  sampling.o
    0x0800329c   0x0800329c   0x000000ec   Code   RO          305    i.SetSysClock       system_stm32f4xx.o
    0x08003388   0x08003388   0x00000028   Code   RO          357    i.SysTick_CLKSourceConfig  misc.o
    0x080033b0   0x080033b0   0x00000002   Code   RO          237    i.SysTick_Handler   stm32f4xx_it.o
    0x080033b2   0x080033b2   0x00000002   PAD
    0x080033b4   0x080033b4   0x00000068   Code   RO          307    i.SystemInit        system_stm32f4xx.o
    0x0800341c   0x0800341c   0x00000040   Code   RO         6097    i.TIM3_IRQHandler   sampling.o
    0x0800345c   0x0800345c   0x0000005c   Code   RO            6    i.TIM7_IRQHandler   main.o
    0x080034b8   0x080034b8   0x00000018   Code   RO         4564    i.TIM_ARRPreloadConfig  stm32f4xx_tim.o
    0x080034d0   0x080034d0   0x00000006   Code   RO         4571    i.TIM_ClearITPendingBit  stm32f4xx_tim.o
    0x080034d6   0x080034d6   0x00000018   Code   RO         4576    i.TIM_Cmd           stm32f4xx_tim.o
    0x080034ee   0x080034ee   0x00000022   Code   RO         4597    i.TIM_GetITStatus   stm32f4xx_tim.o
    0x08003510   0x08003510   0x00000012   Code   RO         4601    i.TIM_ITConfig      stm32f4xx_tim.o
    0x08003522   0x08003522   0x00000002   PAD
    0x08003524   0x08003524   0x0000007c   Code   RO         4605    i.TIM_OC1Init       stm32f4xx_tim.o
    0x080035a0   0x080035a0   0x00000012   Code   RO         4608    i.TIM_OC1PreloadConfig  stm32f4xx_tim.o
    0x080035b2   0x080035b2   0x00000002   PAD
    0x080035b4   0x080035b4   0x00000084   Code   RO         4648    i.TIM_TimeBaseInit  stm32f4xx_tim.o
    0x08003638   0x08003638   0x00000064   Code   RO         5619    i.USART1_IRQHandler  sblink.o
    0x0800369c   0x0800369c   0x00000088   Code   RO         6241    i.USART2_IRQHandler  usart.o
    0x08003724   0x08003724   0x00000012   Code   RO         5126    i.USART_ClearFlag   stm32f4xx_usart.o
    0x08003736   0x08003736   0x0000001e   Code   RO         5127    i.USART_ClearITPendingBit  stm32f4xx_usart.o
    0x08003754   0x08003754   0x00000018   Code   RO         5130    i.USART_Cmd         stm32f4xx_usart.o
    0x0800376c   0x0800376c   0x0000001a   Code   RO         5133    i.USART_GetFlagStatus  stm32f4xx_usart.o
    0x08003786   0x08003786   0x00000054   Code   RO         5134    i.USART_GetITStatus  stm32f4xx_usart.o
    0x080037da   0x080037da   0x0000004a   Code   RO         5136    i.USART_ITConfig    stm32f4xx_usart.o
    0x08003824   0x08003824   0x000000d4   Code   RO         5137    i.USART_Init        stm32f4xx_usart.o
    0x080038f8   0x080038f8   0x0000000a   Code   RO         5144    i.USART_ReceiveData  stm32f4xx_usart.o
    0x08003902   0x08003902   0x00000004   Code   RO          238    i.UsageFault_Handler  stm32f4xx_it.o
    0x08003906   0x08003906   0x00000002   PAD
    0x08003908   0x08003908   0x00000028   Code   RO         5973    i.WheelUpdate       keyboard.o
    0x08003930   0x08003930   0x00000030   Code   RO         6973    i.__ARM_fpclassify  m_wm.l(fpclassify.o)
    0x08003960   0x08003960   0x00000004   Code   RO         6242    i._sys_exit         usart.o
    0x08003964   0x08003964   0x0000003c   Code   RO         6175    i.delay_init        delay.o
    0x080039a0   0x080039a0   0x00000038   Code   RO         6176    i.delay_ms          delay.o
    0x080039d8   0x080039d8   0x0000004c   Code   RO         6178    i.delay_xms         delay.o
    0x08003a24   0x08003a24   0x0000001c   Code   RO         6243    i.fputc             usart.o
    0x08003a40   0x08003a40   0x0000004c   Code   RO            7    i.initTestGPIO      main.o
    0x08003a8c   0x08003a8c   0x00000050   Code   RO         5391    i.ledSetOut         led.o
    0x08003adc   0x08003adc   0x00000190   Code   RO            8    i.main              main.o
    0x08003c6c   0x08003c6c   0x00000040   Code   RO         5851    i.oledSelectRect    oled.o
    0x08003cac   0x08003cac   0x00000028   Code   RO         5461    i.paramReadBinary   parameter.o
    0x08003cd4   0x08003cd4   0x00000026   Code   RO         5462    i.paramReadFixed    parameter.o
    0x08003cfa   0x08003cfa   0x00000002   PAD
    0x08003cfc   0x08003cfc   0x000000b4   Code   RO         6244    i.uart_init         usart.o
    0x08003db0   0x08003db0   0x0000002c   Code   RO         6969    locale$$code        c_w.l(lc_numeric_c.o)
    0x08003ddc   0x08003ddc   0x0000000c   Code   RO         6871    x$fpl$dretinf       fz_wm.l(dretinf.o)
    0x08003de8   0x08003de8   0x00000056   Code   RO         6819    x$fpl$f2d           fz_wm.l(f2d.o)
    0x08003e3e   0x08003e3e   0x0000008c   Code   RO         6873    x$fpl$fnaninf       fz_wm.l(fnaninf.o)
    0x08003eca   0x08003eca   0x0000000a   Code   RO         7039    x$fpl$fpinit        fz_wm.l(fpinit.o)
    0x08003ed4   0x08003ed4   0x00000004   Code   RO         6821    x$fpl$printf1       fz_wm.l(printf1.o)
    0x08003ed8   0x08003ed8   0x00000000   Code   RO         6879    x$fpl$usenofp       fz_wm.l(usenofp.o)
    0x08003ed8   0x08003ed8   0x00000800   Data   RO           10    .constdata          main.o
    0x080046d8   0x080046d8   0x0000140a   Data   RO         5853    .constdata          oled.o
    0x08005ae2   0x08005ae2   0x00000002   PAD
    0x08005ae4   0x08005ae4   0x00000220   Data   RO         6068    .constdata          parameterlist.o
    0x08005d04   0x08005d04   0x00000028   Data   RO         6753    .constdata          c_w.l(_printf_hex_int.o)
    0x08005d2c   0x08005d2c   0x00000094   Data   RO         6940    .constdata          c_w.l(bigflt0.o)
    0x08005dc0   0x08005dc0   0x00000020   Data   RO         7110    Region$$Table       anon$$obj.o
    0x08005de0   0x08005de0   0x0000001c   Data   RO         6968    locale$$data        c_w.l(lc_numeric_c.o)


    Execution Region RW_IRAM1 (Exec base: 0x20000000, Load base: 0x08005dfc, Size: 0x000029a0, Max: 0x00020000, ABSOLUTE)

    Exec Addr    Load Addr    Size         Type   Attr      Idx    E Section Name        Object

    0x20000000   0x08005dfc   0x00000013   Data   RW           11    .data               main.o
    0x20000013   0x08005e0f   0x00000010   Data   RW         3233    .data               stm32f4xx_rcc.o
    0x20000023   0x08005e1f   0x00000005   Data   RW         5393    .data               led.o
    0x20000028   0x08005e24   0x00000008   Data   RW         5621    .data               sblink.o
    0x20000030   0x08005e2c   0x00000004   Data   RW         5974    .data               keyboard.o
    0x20000034   0x08005e30   0x00000004   Data   RW         6179    .data               delay.o
    0x20000038   0x08005e34   0x00000008   Data   RW         6246    .data               usart.o
    0x20000040        -       0x0000018c   Zero   RW            9    .bss                main.o
    0x200001cc        -       0x00000018   Zero   RW         5392    .bss                led.o
    0x200001e4        -       0x00000090   Zero   RW         5464    .bss                parameter.o
    0x20000274        -       0x00002000   Zero   RW         5852    .bss                oled.o
    0x20002274        -       0x000000c8   Zero   RW         6245    .bss                usart.o
    0x2000233c        -       0x00000060   Zero   RW         6976    .bss                c_w.l(libspace.o)
    0x2000239c   0x08005e3c   0x00000004   PAD
    0x200023a0        -       0x00000200   Zero   RW          344    HEAP                startup_stm32f40_41xxx.o
    0x200025a0        -       0x00000400   Zero   RW          343    STACK               startup_stm32f40_41xxx.o


==============================================================================

Image component sizes


      Code (inc. data)   RO Data    RW Data    ZI Data      Debug   Object Name

       756         32          0          0          0       2396   ad7606fsmc.o
       142          8          0          0          0       1147   dac.o
       192         12          0          4          0       1908   delay.o
        72         10          0          0          0       1006   extin.o
       272         30          0          4          0       1322   keyboard.o
       412        104          0          5         24       2966   led.o
      1048        268       2048         19        396      94962   main.o
       556         36          0          0          0       3651   mb85rs.o
       160         14          0          0          0     242066   misc.o
      1580         92       5130          0       8192       9068   oled.o
       798         98          0          0        144       5329   parameter.o
         0          0        544          0          0       1433   parameterlist.o
       536         46          0          0          0       1833   sampling.o
       156         30          0          8          0       2104   sblink.o
        64         26        392          0       1536        840   startup_stm32f40_41xxx.o
       124         18          0          0          0       2567   stm32f4xx_dac.o
       630         54          0          0          0       5278   stm32f4xx_dma.o
       184         16          0          0          0       2228   stm32f4xx_exti.o
       344         16          0          0          0       2129   stm32f4xx_fsmc.o
       214          0          0          0          0       1895   stm32f4xx_gpio.o
        26          0          0          0          0       4046   stm32f4xx_it.o
       392         48          0         16          0       5961   stm32f4xx_rcc.o
       130          0          0          0          0       4227   stm32f4xx_spi.o
        64          4          0          0          0        652   stm32f4xx_syscfg.o
       380         38          0          0          0       5722   stm32f4xx_tim.o
       478          8          0          0          0       6288   stm32f4xx_usart.o
       340         32          0          0          0       1589   system_stm32f4xx.o
        96          6          0          0          0        552   timer.o
       348         24          0          8        200       4232   usart.o

    ----------------------------------------------------------------------
     10516       1070       8148         64      10492     419397   Object Totals
         0          0         32          0          0          0   (incl. Generated)
        22          0          2          0          0          0   (incl. Padding)

    ----------------------------------------------------------------------

      Code (inc. data)   RO Data    RW Data    ZI Data      Debug   Library Member Name

         8          0          0          0          0         68   __main.o
       104          0          0          0          0         84   __printf.o
         0          0          0          0          0          0   __rtentry.o
        12          0          0          0          0          0   __rtentry2.o
         6          0          0          0          0          0   __rtentry4.o
        52          8          0          0          0          0   __scatter.o
        26          0          0          0          0          0   __scatter_copy.o
        28          0          0          0          0          0   __scatter_zi.o
        44          0          0          0          0        108   _printf_char.o
        48          6          0          0          0         96   _printf_char_common.o
        36          4          0          0          0         80   _printf_char_file.o
         6          0          0          0          0          0   _printf_d.o
       120         16          0          0          0         92   _printf_dec.o
         6          0          0          0          0          0   _printf_f.o
      1054          0          0          0          0        216   _printf_fp_dec.o
       128         16          0          0          0         84   _printf_fp_infnan.o
        88          4         40          0          0         88   _printf_hex_int.o
       178          0          0          0          0         88   _printf_intcommon.o
         0          0          0          0          0          0   _printf_percent.o
         4          0          0          0          0          0   _printf_percent_end.o
         6          0          0          0          0          0   _printf_s.o
        82          0          0          0          0         80   _printf_str.o
         6          0          0          0          0          0   _printf_x.o
        16          0          0          0          0         68   aeabi_memset.o
       228          4        148          0          0         96   bigflt0.o
      1936        128          0          0          0        672   btod.o
        18          0          0          0          0         80   exit.o
         8          0          0          0          0         68   ferror.o
         6          0          0          0          0        152   heapauxi.o
        44         10         28          0          0         76   lc_numeric_c.o
         2          0          0          0          0          0   libinit.o
        22          0          0          0          0          0   libinit2.o
         2          0          0          0          0          0   libshutdown.o
         2          0          0          0          0          0   libshutdown2.o
         8          4          0          0         96         68   libspace.o
       138          0          0          0          0         80   lludiv10.o
        24          4          0          0          0         84   noretval__2printf.o
         8          4          0          0          0         68   rt_locale_intlibspace.o
        68          0          0          0          0         68   rt_memclr.o
        78          0          0          0          0         80   rt_memclr_w.o
         2          0          0          0          0          0   rtexit.o
        10          0          0          0          0          0   rtexit2.o
       128          0          0          0          0         68   strcmpv7m.o
        74          0          0          0          0         80   sys_stackheap_outer.o
         2          0          0          0          0         68   use_no_semi.o
         2          0          0          0          0         68   use_no_semi_2.o
        12          0          0          0          0        116   dretinf.o
        86          4          0          0          0        132   f2d.o
       140          4          0          0          0        132   fnaninf.o
        10          0          0          0          0        116   fpinit.o
         4          0          0          0          0        116   printf1.o
         0          0          0          0          0          0   usenofp.o
        48          0          0          0          0        124   fpclassify.o

    ----------------------------------------------------------------------
      5180        216        216          0        100       3764   Library Totals
        12          0          0          0          4          0   (incl. Padding)

    ----------------------------------------------------------------------

      Code (inc. data)   RO Data    RW Data    ZI Data      Debug   Library Name

      4868        208        216          0         96       3028   c_w.l
       252          8          0          0          0        612   fz_wm.l
        48          0          0          0          0        124   m_wm.l

    ----------------------------------------------------------------------
      5180        216        216          0        100       3764   Library Totals

    ----------------------------------------------------------------------

==============================================================================


      Code (inc. data)   RO Data    RW Data    ZI Data      Debug   

     15696       1286       8364         64      10592     410497   Grand Totals
     15696       1286       8364         64      10592     410497   ELF Image Totals
     15696       1286       8364         64          0          0   ROM Totals

==============================================================================

    Total RO  Size (Code + RO Data)                24060 (  23.50kB)
    Total RW  Size (RW Data + ZI Data)             10656 (  10.41kB)
    Total ROM Size (Code + RO Data + RW Data)      24124 (  23.56kB)

==============================================================================

