<html>
<body>
<pre>
<h1>µVision Build Log</h1>
<h2>Tool Versions:</h2>
IDE-Version: ¦ÌVision V5.37.0.0
Copyright (C) 2022 ARM Ltd and ARM Germany GmbH. All rights reserved.
License Information: cfrpg cfrpg,  , LIC=60DR7-YPZT4-3PKZS-ZQXP4-K0DQJ-A2N6D
 
Tool Versions:
Toolchain:       MDK-ARM Community  Version: 5.37.0.0
Toolchain Path:  C:\Keil_v5\ARM\ARM_Compiler_5.06u6\Bin
C Compiler:      Armcc.exe V5.06 update 6 (build 750)
Assembler:       Armasm.exe V5.06 update 6 (build 750)
Linker/Locator:  ArmLink.exe V5.06 update 6 (build 750)
Library Manager: ArmAr.exe V5.06 update 6 (build 750)
Hex Converter:   FromElf.exe V5.06 update 6 (build 750)
CPU DLL:         SARMCM3.DLL V5.37.0.0
Dialog DLL:      DCM.DLL V1.17.5.0
Target DLL:      STLink\ST-LINKIII-KEIL_SWO.dll V3.0.9.0
Dialog DLL:      TCM.DLL V1.56.1.0
 
<h2>Project:</h2>
D:\OneDrive\¿ÆÑÐÒª½ô\NickelBird\src\tester\USER\NickelBird.uvprojx
Project File Date:  09/01/2022

<h2>Output:</h2>
*** Using Compiler 'V5.06 update 6 (build 750)', folder: 'C:\Keil_v5\ARM\ARM_Compiler_5.06u6\Bin'
Build target 'NickelBird'
compiling main.c...
..\HARDWARE\ad7606.h(16): warning:  #1-D: last line of file ends without a newline
  #endif
..\HARDWARE\ad7606fsmc.h(17): warning:  #1-D: last line of file ends without a newline
  #endif
main.c(54): warning:  #177-D: variable "i"  was declared but never referenced
  	s16 i;
main.c(55): warning:  #177-D: variable "key"  was declared but never referenced
  	u8 key;
main.c: 4 warnings, 0 errors
linking...
Program Size: Code=20602 RO-data=674 RW-data=152 ZI-data=2800  
FromELF: creating hex file...
".\Objects\NickelBird.axf" - 0 Error(s), 4 Warning(s).

<h2>Software Packages used:</h2>

Package Vendor: Keil
                http://www.keil.com/pack/Keil.STM32F4xx_DFP.2.13.0.pack
                Keil.STM32F4xx_DFP.2.13.0
                STMicroelectronics STM32F4 Series Device Support, Drivers and Examples

<h2>Collection of Component include folders:</h2>
  C:/Users/CFRPG/AppData/Local/Arm/Packs/Keil/STM32F4xx_DFP/2.13.0/Drivers/CMSIS/Device/ST/STM32F4xx/Include

<h2>Collection of Component Files used:</h2>
Build Time Elapsed:  00:00:01
</pre>
</body>
</html>
